Archive member included to satisfy reference by file (symbol)

C:/ST/STM32CubeIDE_1.17.0/STM32CubeIDE/plugins/com.st.stm32cube.ide.mcu.externaltools.gnu-tools-for-stm32.12.3.rel1.win32_1.1.0.202410251130/tools/bin/../lib/gcc/arm-none-eabi/12.3.1/../../../../arm-none-eabi/lib/thumb/v7e-m+fp/hard\libc_nano.a(libc_a-exit.o)
                              C:/ST/STM32CubeIDE_1.17.0/STM32CubeIDE/plugins/com.st.stm32cube.ide.mcu.externaltools.gnu-tools-for-stm32.12.3.rel1.win32_1.1.0.202410251130/tools/bin/../lib/gcc/arm-none-eabi/12.3.1/../../../../arm-none-eabi/lib/thumb/v7e-m+fp/hard/crt0.o (exit)
C:/ST/STM32CubeIDE_1.17.0/STM32CubeIDE/plugins/com.st.stm32cube.ide.mcu.externaltools.gnu-tools-for-stm32.12.3.rel1.win32_1.1.0.202410251130/tools/bin/../lib/gcc/arm-none-eabi/12.3.1/../../../../arm-none-eabi/lib/thumb/v7e-m+fp/hard\libc_nano.a(libc_a-findfp.o)
                              C:/ST/STM32CubeIDE_1.17.0/STM32CubeIDE/plugins/com.st.stm32cube.ide.mcu.externaltools.gnu-tools-for-stm32.12.3.rel1.win32_1.1.0.202410251130/tools/bin/../lib/gcc/arm-none-eabi/12.3.1/../../../../arm-none-eabi/lib/thumb/v7e-m+fp/hard\libc_nano.a(libc_a-exit.o) (__stdio_exit_handler)
C:/ST/STM32CubeIDE_1.17.0/STM32CubeIDE/plugins/com.st.stm32cube.ide.mcu.externaltools.gnu-tools-for-stm32.12.3.rel1.win32_1.1.0.202410251130/tools/bin/../lib/gcc/arm-none-eabi/12.3.1/../../../../arm-none-eabi/lib/thumb/v7e-m+fp/hard\libc_nano.a(libc_a-fwalk.o)
                              C:/ST/STM32CubeIDE_1.17.0/STM32CubeIDE/plugins/com.st.stm32cube.ide.mcu.externaltools.gnu-tools-for-stm32.12.3.rel1.win32_1.1.0.202410251130/tools/bin/../lib/gcc/arm-none-eabi/12.3.1/../../../../arm-none-eabi/lib/thumb/v7e-m+fp/hard\libc_nano.a(libc_a-findfp.o) (_fwalk_sglue)
C:/ST/STM32CubeIDE_1.17.0/STM32CubeIDE/plugins/com.st.stm32cube.ide.mcu.externaltools.gnu-tools-for-stm32.12.3.rel1.win32_1.1.0.202410251130/tools/bin/../lib/gcc/arm-none-eabi/12.3.1/../../../../arm-none-eabi/lib/thumb/v7e-m+fp/hard\libc_nano.a(libc_a-stdio.o)
                              C:/ST/STM32CubeIDE_1.17.0/STM32CubeIDE/plugins/com.st.stm32cube.ide.mcu.externaltools.gnu-tools-for-stm32.12.3.rel1.win32_1.1.0.202410251130/tools/bin/../lib/gcc/arm-none-eabi/12.3.1/../../../../arm-none-eabi/lib/thumb/v7e-m+fp/hard\libc_nano.a(libc_a-findfp.o) (__sread)
C:/ST/STM32CubeIDE_1.17.0/STM32CubeIDE/plugins/com.st.stm32cube.ide.mcu.externaltools.gnu-tools-for-stm32.12.3.rel1.win32_1.1.0.202410251130/tools/bin/../lib/gcc/arm-none-eabi/12.3.1/../../../../arm-none-eabi/lib/thumb/v7e-m+fp/hard\libc_nano.a(libc_a-vsprintf.o)
                              ./Hardware/UART1.o (vsprintf)
C:/ST/STM32CubeIDE_1.17.0/STM32CubeIDE/plugins/com.st.stm32cube.ide.mcu.externaltools.gnu-tools-for-stm32.12.3.rel1.win32_1.1.0.202410251130/tools/bin/../lib/gcc/arm-none-eabi/12.3.1/../../../../arm-none-eabi/lib/thumb/v7e-m+fp/hard\libc_nano.a(libc_a-memset.o)
                              C:/ST/STM32CubeIDE_1.17.0/STM32CubeIDE/plugins/com.st.stm32cube.ide.mcu.externaltools.gnu-tools-for-stm32.12.3.rel1.win32_1.1.0.202410251130/tools/bin/../lib/gcc/arm-none-eabi/12.3.1/../../../../arm-none-eabi/lib/thumb/v7e-m+fp/hard/crt0.o (memset)
C:/ST/STM32CubeIDE_1.17.0/STM32CubeIDE/plugins/com.st.stm32cube.ide.mcu.externaltools.gnu-tools-for-stm32.12.3.rel1.win32_1.1.0.202410251130/tools/bin/../lib/gcc/arm-none-eabi/12.3.1/../../../../arm-none-eabi/lib/thumb/v7e-m+fp/hard\libc_nano.a(libc_a-closer.o)
                              C:/ST/STM32CubeIDE_1.17.0/STM32CubeIDE/plugins/com.st.stm32cube.ide.mcu.externaltools.gnu-tools-for-stm32.12.3.rel1.win32_1.1.0.202410251130/tools/bin/../lib/gcc/arm-none-eabi/12.3.1/../../../../arm-none-eabi/lib/thumb/v7e-m+fp/hard\libc_nano.a(libc_a-stdio.o) (_close_r)
C:/ST/STM32CubeIDE_1.17.0/STM32CubeIDE/plugins/com.st.stm32cube.ide.mcu.externaltools.gnu-tools-for-stm32.12.3.rel1.win32_1.1.0.202410251130/tools/bin/../lib/gcc/arm-none-eabi/12.3.1/../../../../arm-none-eabi/lib/thumb/v7e-m+fp/hard\libc_nano.a(libc_a-reent.o)
                              C:/ST/STM32CubeIDE_1.17.0/STM32CubeIDE/plugins/com.st.stm32cube.ide.mcu.externaltools.gnu-tools-for-stm32.12.3.rel1.win32_1.1.0.202410251130/tools/bin/../lib/gcc/arm-none-eabi/12.3.1/../../../../arm-none-eabi/lib/thumb/v7e-m+fp/hard\libc_nano.a(libc_a-closer.o) (errno)
C:/ST/STM32CubeIDE_1.17.0/STM32CubeIDE/plugins/com.st.stm32cube.ide.mcu.externaltools.gnu-tools-for-stm32.12.3.rel1.win32_1.1.0.202410251130/tools/bin/../lib/gcc/arm-none-eabi/12.3.1/../../../../arm-none-eabi/lib/thumb/v7e-m+fp/hard\libc_nano.a(libc_a-impure.o)
                              C:/ST/STM32CubeIDE_1.17.0/STM32CubeIDE/plugins/com.st.stm32cube.ide.mcu.externaltools.gnu-tools-for-stm32.12.3.rel1.win32_1.1.0.202410251130/tools/bin/../lib/gcc/arm-none-eabi/12.3.1/../../../../arm-none-eabi/lib/thumb/v7e-m+fp/hard\libc_nano.a(libc_a-vsprintf.o) (_impure_ptr)
[...]
Memory Configuration

Name             Origin             Length             Attributes
RAM              0x20000000         0x00020000         xrw
FLASH            0x08000000         0x00080000         xr
*default*        0x00000000         0xffffffff

Linker script and memory map

LOAD C:/ST/STM32CubeIDE_1.17.0/STM32CubeIDE/plugins/com.st.stm32cube.ide.mcu.externaltools.gnu-tools-for-stm32.12.3.rel1.win32_1.1.0.202410251130/tools/bin/../lib/gcc/arm-none-eabi/12.3.1/thumb/v7e-m+fp/hard/crti.o
LOAD C:/ST/STM32CubeIDE_1.17.0/STM32CubeIDE/plugins/com.st.stm32cube.ide.mcu.externaltools.gnu-tools-for-stm32.12.3.rel1.win32_1.1.0.202410251130/tools/bin/../lib/gcc/arm-none-eabi/12.3.1/thumb/v7e-m+fp/hard/crtbegin.o
LOAD C:/ST/STM32CubeIDE_1.17.0/STM32CubeIDE/plugins/com.st.stm32cube.ide.mcu.externaltools.gnu-tools-for-stm32.12.3.rel1.win32_1.1.0.202410251130/tools/bin/../lib/gcc/arm-none-eabi/12.3.1/../../../../arm-none-eabi/lib/thumb/v7e-m+fp/hard/crt0.o
LOAD ./Core/Src/main.o
LOAD ./Core/Src/stm32f4xx_hal_msp.o
LOAD ./Core/Src/stm32f4xx_it.o
LOAD ./Core/Src/syscalls.o
LOAD ./Core/Src/sysmem.o
LOAD ./Core/Src/system_stm32f4xx.o
LOAD ./Core/Startup/startup_stm32f446retx.o
LOAD ./Drivers/STM32F4xx_HAL_Driver/Src/stm32f4xx_hal.o
LOAD ./Drivers/STM32F4xx_HAL_Driver/Src/stm32f4xx_hal_cortex.o
LOAD ./Drivers/STM32F4xx_HAL_Driver/Src/stm32f4xx_hal_dma.o
LOAD ./Drivers/STM32F4xx_HAL_Driver/Src/stm32f4xx_hal_dma_ex.o
LOAD ./Drivers/STM32F4xx_HAL_Driver/Src/stm32f4xx_hal_exti.o
LOAD ./Drivers/STM32F4xx_HAL_Driver/Src/stm32f4xx_hal_flash.o
LOAD ./Drivers/STM32F4xx_HAL_Driver/Src/stm32f4xx_hal_flash_ex.o
LOAD ./Drivers/STM32F4xx_HAL_Driver/Src/stm32f4xx_hal_flash_ramfunc.o
LOAD ./Drivers/STM32F4xx_HAL_Driver/Src/stm32f4xx_hal_gpio.o
LOAD ./Drivers/STM32F4xx_HAL_Driver/Src/stm32f4xx_hal_pwr.o
LOAD ./Drivers/STM32F4xx_HAL_Driver/Src/stm32f4xx_hal_pwr_ex.o
LOAD ./Drivers/STM32F4xx_HAL_Driver/Src/stm32f4xx_hal_rcc.o
LOAD ./Drivers/STM32F4xx_HAL_Driver/Src/stm32f4xx_hal_rcc_ex.o
LOAD ./Hardware/ADC.o
LOAD ./Hardware/Encoder.o
LOAD ./Hardware/Motor.o
LOAD ./Hardware/OLED.o
LOAD ./Hardware/PWM1.o
LOAD ./Hardware/PWM2.o
LOAD ./Hardware/PWM3.o
LOAD ./Hardware/PWM4.o
LOAD ./Hardware/UART1.o
LOAD ./Hardware/UART2.o
LOAD ./System/Delay.o
LOAD ./System/Timer.o
LOAD ./System/pid.o
START GROUP
LOAD C:/ST/STM32CubeIDE_1.17.0/STM32CubeIDE/plugins/com.st.stm32cube.ide.mcu.externaltools.gnu-tools-for-stm32.12.3.rel1.win32_1.1.0.202410251130/tools/bin/../lib/gcc/arm-none-eabi/12.3.1/../../../../arm-none-eabi/lib/thumb/v7e-m+fp/hard\libc_nano.a
LOAD C:/ST/STM32CubeIDE_1.17.0/STM32CubeIDE/plugins/com.st.stm32cube.ide.mcu.externaltools.gnu-tools-for-stm32.12.3.rel1.win32_1.1.0.202410251130/tools/bin/../lib/gcc/arm-none-eabi/12.3.1/../../../../arm-none-eabi/lib/thumb/v7e-m+fp/hard\libm.a
END GROUP
START GROUP
LOAD C:/ST/STM32CubeIDE_1.17.0/STM32CubeIDE/plugins/com.st.stm32cube.ide.mcu.externaltools.gnu-tools-for-stm32.12.3.rel1.win32_1.1.0.202410251130/tools/bin/../lib/gcc/arm-none-eabi/12.3.1/thumb/v7e-m+fp/hard\libgcc.a
LOAD C:/ST/STM32CubeIDE_1.17.0/STM32CubeIDE/plugins/com.st.stm32cube.ide.mcu.externaltools.gnu-tools-for-stm32.12.3.rel1.win32_1.1.0.202410251130/tools/bin/../lib/gcc/arm-none-eabi/12.3.1/../../../../arm-none-eabi/lib/thumb/v7e-m+fp/hard\libc_nano.a
END GROUP
START GROUP
LOAD C:/ST/STM32CubeIDE_1.17.0/STM32CubeIDE/plugins/com.st.stm32cube.ide.mcu.externaltools.gnu-tools-for-stm32.12.3.rel1.win32_1.1.0.202410251130/tools/bin/../lib/gcc/arm-none-eabi/12.3.1/thumb/v7e-m+fp/hard\libgcc.a
LOAD C:/ST/STM32CubeIDE_1.17.0/STM32CubeIDE/plugins/com.st.stm32cube.ide.mcu.externaltools.gnu-tools-for-stm32.12.3.rel1.win32_1.1.0.202410251130/tools/bin/../lib/gcc/arm-none-eabi/12.3.1/../../../../arm-none-eabi/lib/thumb/v7e-m+fp/hard\libc_nano.a
LOAD C:/ST/STM32CubeIDE_1.17.0/STM32CubeIDE/plugins/com.st.stm32cube.ide.mcu.externaltools.gnu-tools-for-stm32.12.3.rel1.win32_1.1.0.202410251130/tools/bin/../lib/gcc/arm-none-eabi/12.3.1/../../../../arm-none-eabi/lib/thumb/v7e-m+fp/hard\libnosys.a
END GROUP
START GROUP
LOAD C:/ST/STM32CubeIDE_1.17.0/STM32CubeIDE/plugins/com.st.stm32cube.ide.mcu.externaltools.gnu-tools-for-stm32.12.3.rel1.win32_1.1.0.202410251130/tools/bin/../lib/gcc/arm-none-eabi/12.3.1/thumb/v7e-m+fp/hard\libgcc.a
LOAD C:/ST/STM32CubeIDE_1.17.0/STM32CubeIDE/plugins/com.st.stm32cube.ide.mcu.externaltools.gnu-tools-for-stm32.12.3.rel1.win32_1.1.0.202410251130/tools/bin/../lib/gcc/arm-none-eabi/12.3.1/../../../../arm-none-eabi/lib/thumb/v7e-m+fp/hard\libc_nano.a
LOAD C:/ST/STM32CubeIDE_1.17.0/STM32CubeIDE/plugins/com.st.stm32cube.ide.mcu.externaltools.gnu-tools-for-stm32.12.3.rel1.win32_1.1.0.202410251130/tools/bin/../lib/gcc/arm-none-eabi/12.3.1/../../../../arm-none-eabi/lib/thumb/v7e-m+fp/hard\libnosys.a
END GROUP
LOAD C:/ST/STM32CubeIDE_1.17.0/STM32CubeIDE/plugins/com.st.stm32cube.ide.mcu.externaltools.gnu-tools-for-stm32.12.3.rel1.win32_1.1.0.202410251130/tools/bin/../lib/gcc/arm-none-eabi/12.3.1/thumb/v7e-m+fp/hard/crtend.o
LOAD C:/ST/STM32CubeIDE_1.17.0/STM32CubeIDE/plugins/com.st.stm32cube.ide.mcu.externaltools.gnu-tools-for-stm32.12.3.rel1.win32_1.1.0.202410251130/tools/bin/../lib/gcc/arm-none-eabi/12.3.1/thumb/v7e-m+fp/hard/crtn.o
                0x20020000                        _estack = (ORIGIN (RAM) + LENGTH (RAM))
                0x00000200                        _Min_Heap_Size = 0x200
                0x00000400                        _Min_Stack_Size = 0x400

.isr_vector     0x08000000      0x1c4
                0x08000000                        . = ALIGN (0x4)
 *(.isr_vector)
 .isr_vector    0x08000000      0x1c4 ./Core/Startup/startup_stm32f446retx.o
                0x08000000                g_pfnVectors
                0x080001c4                        . = ALIGN (0x4)

.text           0x080001c8     0x3bc4
                0x080001c8                        . = ALIGN (0x4)
 *(.text)
 .text          0x080001c8       0x40 C:/ST/STM32CubeIDE_1.17.0/STM32CubeIDE/plugins/com.st.stm32cube.ide.mcu.externaltools.gnu-tools-for-stm32.12.3.rel1.win32_1.1.0.202410251130/tools/bin/../lib/gcc/arm-none-eabi/12.3.1/thumb/v7e-m+fp/hard/crtbegin.o
 .text          0x08000208      0x378 C:/ST/STM32CubeIDE_1.17.0/STM32CubeIDE/plugins/com.st.stm32cube.ide.mcu.externaltools.gnu-tools-for-stm32.12.3.rel1.win32_1.1.0.202410251130/tools/bin/../lib/gcc/arm-none-eabi/12.3.1/thumb/v7e-m+fp/hard\libgcc.a(_arm_addsubdf3.o)
                0x08000208                __aeabi_drsub
                0x08000210                __aeabi_dsub
                0x08000210                __subdf3
                0x08000214                __aeabi_dadd
                0x08000214                __adddf3
                0x0800048c                __floatunsidf
                0x0800048c                __aeabi_ui2d
                0x080004ac                __floatsidf
                0x080004ac                __aeabi_i2d
                0x080004d0                __aeabi_f2d
                0x080004d0                __extendsfdf2
                0x08000514                __floatundidf
                0x08000514                __aeabi_ul2d
                0x08000524                __floatdidf
                0x08000524                __aeabi_l2d
 .text          0x08000580      0x424 C:/ST/STM32CubeIDE_1.17.0/STM32CubeIDE/plugins/com.st.stm32cube.ide.mcu.externaltools.gnu-tools-for-stm32.12.3.rel1.win32_1.1.0.202410251130/tools/bin/../lib/gcc/arm-none-eabi/12.3.1/thumb/v7e-m+fp/hard\libgcc.a(_arm_muldivdf3.o)
                0x08000580                __aeabi_dmul
                0x08000580                __muldf3
                0x080007d4                __divdf3
                0x080007d4                __aeabi_ddiv
 .text          0x080009a4       0x50 C:/ST/STM32CubeIDE_1.17.0/STM32CubeIDE/plugins/com.st.stm32cube.ide.mcu.externaltools.gnu-tools-for-stm32.12.3.rel1.win32_1.1.0.202410251130/tools/bin/../lib/gcc/arm-none-eabi/12.3.1/thumb/v7e-m+fp/hard\libgcc.a(_arm_fixdfsi.o)
                0x080009a4                __aeabi_d2iz
                0x080009a4                __fixdfsi
 .text          0x080009f4       0xa0 C:/ST/STM32CubeIDE_1.17.0/STM32CubeIDE/plugins/com.st.stm32cube.ide.mcu.externaltools.gnu-tools-for-stm32.12.3.rel1.win32_1.1.0.202410251130/tools/bin/../lib/gcc/arm-none-eabi/12.3.1/thumb/v7e-m+fp/hard\libgcc.a(_arm_truncdfsf2.o)
                0x080009f4                __truncdfsf2
                0x080009f4                __aeabi_d2f
 .text          0x08000a94       0x30 C:/ST/STM32CubeIDE_1.17.0/STM32CubeIDE/plugins/com.st.stm32cube.ide.mcu.externaltools.gnu-tools-for-stm32.12.3.rel1.win32_1.1.0.202410251130/tools/bin/../lib/gcc/arm-none-eabi/12.3.1/thumb/v7e-m+fp/hard\libgcc.a(_aeabi_uldivmod.o)
                0x08000a94                __aeabi_uldivmod
 .text          0x08000ac4      0x2bc C:/ST/STM32CubeIDE_1.17.0/STM32CubeIDE/plugins/com.st.stm32cube.ide.mcu.externaltools.gnu-tools-for-stm32.12.3.rel1.win32_1.1.0.202410251130/tools/bin/../lib/gcc/arm-none-eabi/12.3.1/thumb/v7e-m+fp/hard\libgcc.a(_udivmoddi4.o)
                0x08000ac4                __udivmoddi4
 .text          0x08000d80        0x4 C:/ST/STM32CubeIDE_1.17.0/STM32CubeIDE/plugins/com.st.stm32cube.ide.mcu.externaltools.gnu-tools-for-stm32.12.3.rel1.win32_1.1.0.202410251130/tools/bin/../lib/gcc/arm-none-eabi/12.3.1/thumb/v7e-m+fp/hard\libgcc.a(_dvmd_tls.o)
                0x08000d80                __aeabi_idiv0
                0x08000d80                __aeabi_ldiv0
 *(.text*)
 *fill*         0x08000d84        0x4 
 .text.main     0x08000d88      0x310 ./Core/Src/main.o
                0x08000d88                main
 .text.EncoderSpeed
                0x08001098      0x25c ./Core/Src/main.o
                0x08001098                EncoderSpeed
 .text.TIM8_BRK_TIM12_IRQHandler
                0x080012f4      0x494 ./Core/Src/main.o
                0x080012f4                TIM8_BRK_TIM12_IRQHandler
 .text.SystemClock_Config
                0x08001788       0xdc ./Core/Src/main.o
                0x08001788                SystemClock_Config
 .text.Error_Handler
                0x08001864        0xc ./Core/Src/main.o
                0x08001864                Error_Handler
 .text.HAL_MspInit
                0x08001870       0x50 ./Core/Src/stm32f4xx_hal_msp.o
                0x08001870                HAL_MspInit
 .text.NMI_Handler
                0x080018c0        0x8 ./Core/Src/stm32f4xx_it.o
                0x080018c0                NMI_Handler
 .text.HardFault_Handler
                0x080018c8        0x8 ./Core/Src/stm32f4xx_it.o
                0x080018c8                HardFault_Handler
 .text.MemManage_Handler
                0x080018d0        0x8 ./Core/Src/stm32f4xx_it.o
                0x080018d0                MemManage_Handler
 .text.BusFault_Handler
                0x080018d8        0x8 ./Core/Src/stm32f4xx_it.o
                0x080018d8                BusFault_Handler
 .text.UsageFault_Handler
                0x080018e0        0x8 ./Core/Src/stm32f4xx_it.o
                0x080018e0                UsageFault_Handler
 .text.SVC_Handler
                0x080018e8        0xe ./Core/Src/stm32f4xx_it.o
                0x080018e8                SVC_Handler
 .text.DebugMon_Handler
                0x080018f6        0xe ./Core/Src/stm32f4xx_it.o
                0x080018f6                DebugMon_Handler
 .text.PendSV_Handler
                0x08001904        0xe ./Core/Src/stm32f4xx_it.o
                0x08001904                PendSV_Handler
 .text.SysTick_Handler
                0x08001912        0xc ./Core/Src/stm32f4xx_it.o
                0x08001912                SysTick_Handler
 *fill*         0x0800191e        0x2 
 .text.SystemInit
                0x08001920       0x24 ./Core/Src/system_stm32f4xx.o
                0x08001920                SystemInit
 .text.Reset_Handler
                0x08001944       0x50 ./Core/Startup/startup_stm32f446retx.o
                0x08001944                Reset_Handler
 .text.Default_Handler
                0x08001994        0x2 ./Core/Startup/startup_stm32f446retx.o
                0x08001994                RTC_Alarm_IRQHandler
                0x08001994                EXTI2_IRQHandler
                0x08001994                TIM8_CC_IRQHandler
                0x08001994                FMPI2C1_EV_IRQHandler
                0x08001994                SPI4_IRQHandler
                0x08001994                TIM1_CC_IRQHandler
                0x08001994                DMA2_Stream5_IRQHandler
                0x08001994                DMA1_Stream5_IRQHandler
                0x08001994                PVD_IRQHandler
                0x08001994                SDIO_IRQHandler
                0x08001994                TAMP_STAMP_IRQHandler
                0x08001994                CAN2_RX1_IRQHandler
                0x08001994                EXTI3_IRQHandler
                0x08001994                TIM8_TRG_COM_TIM14_IRQHandler
                0x08001994                TIM1_UP_TIM10_IRQHandler
                0x08001994                TIM8_UP_TIM13_IRQHandler
                0x08001994                I2C3_ER_IRQHandler
                0x08001994                I2C2_EV_IRQHandler
                0x08001994                DMA1_Stream2_IRQHandler
                0x08001994                CAN1_RX0_IRQHandler
                0x08001994                FPU_IRQHandler
                0x08001994                OTG_HS_WKUP_IRQHandler
                0x08001994                CAN2_SCE_IRQHandler
                0x08001994                DMA2_Stream2_IRQHandler
                0x08001994                SPI1_IRQHandler
                0x08001994                TIM6_DAC_IRQHandler
                0x08001994                TIM1_BRK_TIM9_IRQHandler
                0x08001994                DCMI_IRQHandler
                0x08001994                CAN2_RX0_IRQHandler
                0x08001994                DMA2_Stream3_IRQHandler
                0x08001994                SAI2_IRQHandler
                0x08001994                USART6_IRQHandler
                0x08001994                CAN1_RX1_IRQHandler
                0x08001994                UART5_IRQHandler
                0x08001994                DMA2_Stream0_IRQHandler
                0x08001994                TIM4_IRQHandler
                0x08001994                QUADSPI_IRQHandler
                0x08001994                I2C1_EV_IRQHandler
                0x08001994                DMA1_Stream6_IRQHandler
                0x08001994                DMA1_Stream1_IRQHandler
                0x08001994                UART4_IRQHandler
                0x08001994                TIM3_IRQHandler
                0x08001994                RCC_IRQHandler
                0x08001994                Default_Handler
                0x08001994                CEC_IRQHandler
                0x08001994                EXTI15_10_IRQHandler
                0x08001994                ADC_IRQHandler
                0x08001994                DMA1_Stream7_IRQHandler
                0x08001994                TIM7_IRQHandler
                0x08001994                CAN2_TX_IRQHandler
                0x08001994                TIM5_IRQHandler
                0x08001994                DMA2_Stream7_IRQHandler
                0x08001994                I2C3_EV_IRQHandler
                0x08001994                EXTI9_5_IRQHandler
                0x08001994                RTC_WKUP_IRQHandler
                0x08001994                SPDIF_RX_IRQHandler
                0x08001994                SPI2_IRQHandler
                0x08001994                OTG_HS_EP1_IN_IRQHandler
                0x08001994                DMA1_Stream0_IRQHandler
                0x08001994                CAN1_TX_IRQHandler
                0x08001994                FMPI2C1_ER_IRQHandler
                0x08001994                EXTI4_IRQHandler
                0x08001994                OTG_HS_EP1_OUT_IRQHandler
                0x08001994                WWDG_IRQHandler
                0x08001994                TIM2_IRQHandler
                0x08001994                OTG_FS_WKUP_IRQHandler
                0x08001994                TIM1_TRG_COM_TIM11_IRQHandler
                0x08001994                OTG_HS_IRQHandler
                0x08001994                USART2_IRQHandler
                0x08001994                I2C2_ER_IRQHandler
                0x08001994                DMA2_Stream1_IRQHandler
                0x08001994                CAN1_SCE_IRQHandler
                0x08001994                FLASH_IRQHandler
                0x08001994                DMA2_Stream4_IRQHandler
                0x08001994                OTG_FS_IRQHandler
                0x08001994                SPI3_IRQHandler
                0x08001994                DMA1_Stream4_IRQHandler
                0x08001994                I2C1_ER_IRQHandler
                0x08001994                FMC_IRQHandler
                0x08001994                DMA2_Stream6_IRQHandler
                0x08001994                SAI1_IRQHandler
                0x08001994                DMA1_Stream3_IRQHandler
 *fill*         0x08001996        0x2 
 .text.HAL_Init
                0x08001998       0x44 ./Drivers/STM32F4xx_HAL_Driver/Src/stm32f4xx_hal.o
                0x08001998                HAL_Init
 .text.HAL_InitTick
                0x080019dc       0x60 ./Drivers/STM32F4xx_HAL_Driver/Src/stm32f4xx_hal.o
                0x080019dc                HAL_InitTick
 .text.HAL_IncTick
                0x08001a3c       0x28 ./Drivers/STM32F4xx_HAL_Driver/Src/stm32f4xx_hal.o
                0x08001a3c                HAL_IncTick
 .text.HAL_GetTick
                0x08001a64       0x18 ./Drivers/STM32F4xx_HAL_Driver/Src/stm32f4xx_hal.o
                0x08001a64                HAL_GetTick
 .text.__NVIC_SetPriorityGrouping
                0x08001a7c       0x48 ./Drivers/STM32F4xx_HAL_Driver/Src/stm32f4xx_hal_cortex.o
 .text.__NVIC_GetPriorityGrouping
                0x08001ac4       0x1c ./Drivers/STM32F4xx_HAL_Driver/Src/stm32f4xx_hal_cortex.o
 .text.__NVIC_SetPriority
                0x08001ae0       0x54 ./Drivers/STM32F4xx_HAL_Driver/Src/stm32f4xx_hal_cortex.o
 .text.NVIC_EncodePriority
                0x08001b34       0x66 ./Drivers/STM32F4xx_HAL_Driver/Src/stm32f4xx_hal_cortex.o
 *fill*         0x08001b9a        0x2 
 .text.SysTick_Config
                0x08001b9c       0x44 ./Drivers/STM32F4xx_HAL_Driver/Src/stm32f4xx_hal_cortex.o
 .text.HAL_NVIC_SetPriorityGrouping
                0x08001be0       0x16 ./Drivers/STM32F4xx_HAL_Driver/Src/stm32f4xx_hal_cortex.o
                0x08001be0                HAL_NVIC_SetPriorityGrouping
 .text.HAL_NVIC_SetPriority
                0x08001bf6       0x38 ./Drivers/STM32F4xx_HAL_Driver/Src/stm32f4xx_hal_cortex.o
                0x08001bf6                HAL_NVIC_SetPriority
 .text.HAL_SYSTICK_Config
                0x08001c2e       0x18 ./Drivers/STM32F4xx_HAL_Driver/Src/stm32f4xx_hal_cortex.o
                0x08001c2e                HAL_SYSTICK_Config
 *fill*         0x08001c46        0x2 
 .text.HAL_RCC_ClockConfig
                0x08001c48      0x1cc ./Drivers/STM32F4xx_HAL_Driver/Src/stm32f4xx_hal_rcc.o
                0x08001c48                HAL_RCC_ClockConfig
 .text.HAL_RCC_GetSysClockFreq
                0x08001e14      0x460 ./Drivers/STM32F4xx_HAL_Driver/Src/stm32f4xx_hal_rcc_ex.o
                0x08001e14                HAL_RCC_GetSysClockFreq
 .text.HAL_RCC_OscConfig
                0x08002274      0x53c ./Drivers/STM32F4xx_HAL_Driver/Src/stm32f4xx_hal_rcc_ex.o
                0x08002274                HAL_RCC_OscConfig
 .text.EXTI0_IRQHandler
                0x080027b0       0x4c ./Hardware/Encoder.o
                0x080027b0                EXTI0_IRQHandler
 .text.EXTI1_IRQHandler
                0x080027fc       0x4c ./Hardware/Encoder.o
                0x080027fc                EXTI1_IRQHandler
 .text.Motor_Init
                0x08002848      0x1cc ./Hardware/Motor.o
                0x08002848                Motor_Init
 .text.Motor_SetSpeed
                0x08002a14      0x150 ./Hardware/Motor.o
                0x08002a14                Motor_SetSpeed
 .text.OLED_W_SCL
                0x08002b64       0x34 ./Hardware/OLED.o
                0x08002b64                OLED_W_SCL
 .text.OLED_W_SDA
                0x08002b98       0x34 ./Hardware/OLED.o
                0x08002b98                OLED_W_SDA
 .text.OLED_I2C_Init
                0x08002bcc       0x70 ./Hardware/OLED.o
                0x08002bcc                OLED_I2C_Init
 .text.OLED_I2C_Start
                0x08002c3c       0x20 ./Hardware/OLED.o
                0x08002c3c                OLED_I2C_Start
 .text.OLED_I2C_Stop
                0x08002c5c       0x1a ./Hardware/OLED.o
                0x08002c5c                OLED_I2C_Stop
 .text.OLED_I2C_SendByte
                0x08002c76       0x58 ./Hardware/OLED.o
                0x08002c76                OLED_I2C_SendByte
 .text.OLED_WriteCommand
                0x08002cce       0x2e ./Hardware/OLED.o
                0x08002cce                OLED_WriteCommand
 .text.OLED_WriteData
                0x08002cfc       0x2e ./Hardware/OLED.o
                0x08002cfc                OLED_WriteData
 .text.OLED_SetCursor
                0x08002d2a       0x46 ./Hardware/OLED.o
                0x08002d2a                OLED_SetCursor
 .text.OLED_Clear
                0x08002d70       0x46 ./Hardware/OLED.o
                0x08002d70                OLED_Clear
 *fill*         0x08002db6        0x2 
 .text.OLED_ShowChar
                0x08002db8       0xb4 ./Hardware/OLED.o
                0x08002db8                OLED_ShowChar
 .text.OLED_ShowString
                0x08002e6c       0x4a ./Hardware/OLED.o
                0x08002e6c                OLED_ShowString
 .text.OLED_Pow
                0x08002eb6       0x32 ./Hardware/OLED.o
                0x08002eb6                OLED_Pow
 .text.OLED_ShowNum
                0x08002ee8       0x7c ./Hardware/OLED.o
                0x08002ee8                OLED_ShowNum
 .text.OLED_Init
                0x08002f64       0xc8 ./Hardware/OLED.o
                0x08002f64                OLED_Init
 .text.Pwm1_Init
                0x0800302c      0x114 ./Hardware/PWM1.o
                0x0800302c                Pwm1_Init
 .text.PWM1_SetCompare1
                0x08003140       0x20 ./Hardware/PWM1.o
                0x08003140                PWM1_SetCompare1
 .text.Pwm2_Init
                0x08003160      0x140 ./Hardware/PWM2.o
                0x08003160                Pwm2_Init
 .text.PWM2_SetCompare1
                0x080032a0       0x1e ./Hardware/PWM2.o
                0x080032a0                PWM2_SetCompare1
 *fill*         0x080032be        0x2 
 .text.Pwm3_Init
                0x080032c0      0x108 ./Hardware/PWM3.o
                0x080032c0                Pwm3_Init
 .text.PWM3_SetCompare1
                0x080033c8       0x20 ./Hardware/PWM3.o
                0x080033c8                PWM3_SetCompare1
 .text.Pwm4_Init
                0x080033e8      0x108 ./Hardware/PWM4.o
                0x080033e8                Pwm4_Init
 .text.PWM4_SetCompare1
                0x080034f0       0x20 ./Hardware/PWM4.o
                0x080034f0                PWM4_SetCompare1
 .text.Serial_Init
                0x08003510      0x138 ./Hardware/UART1.o
                0x08003510                Serial_Init
 .text.Serial_SendByte
                0x08003648       0x30 ./Hardware/UART1.o
                0x08003648                Serial_SendByte
 .text.USART1_IRQHandler
                0x08003678      0x18c ./Hardware/UART1.o
                0x08003678                USART1_IRQHandler
 .text.JoinStick_Init
                0x08003804      0x168 ./Hardware/UART2.o
                0x08003804                JoinStick_Init
 .text.USART3_IRQHandler
                0x0800396c      0x148 ./Hardware/UART2.o
                0x0800396c                USART3_IRQHandler
 .text.Timer_Init
                0x08003ab4       0x78 ./System/Timer.o
                0x08003ab4                Timer_Init
 .text.PID_Update
                0x08003b2c      0x144 ./System/pid.o
                0x08003b2c                PID_Update
 .text.memset   0x08003c70       0x10 C:/ST/STM32CubeIDE_1.17.0/STM32CubeIDE/plugins/com.st.stm32cube.ide.mcu.externaltools.gnu-tools-for-stm32.12.3.rel1.win32_1.1.0.202410251130/tools/bin/../lib/gcc/arm-none-eabi/12.3.1/../../../../arm-none-eabi/lib/thumb/v7e-m+fp/hard\libc_nano.a(libc_a-memset.o)
                0x08003c70                memset
 .text.__libc_init_array
                0x08003c80       0x48 C:/ST/STM32CubeIDE_1.17.0/STM32CubeIDE/plugins/com.st.stm32cube.ide.mcu.externaltools.gnu-tools-for-stm32.12.3.rel1.win32_1.1.0.202410251130/tools/bin/../lib/gcc/arm-none-eabi/12.3.1/../../../../arm-none-eabi/lib/thumb/v7e-m+fp/hard\libc_nano.a(libc_a-init.o)
                0x08003c80                __libc_init_array
 .text.fmaxf    0x08003cc8       0x3a C:/ST/STM32CubeIDE_1.17.0/STM32CubeIDE/plugins/com.st.stm32cube.ide.mcu.externaltools.gnu-tools-for-stm32.12.3.rel1.win32_1.1.0.202410251130/tools/bin/../lib/gcc/arm-none-eabi/12.3.1/../../../../arm-none-eabi/lib/thumb/v7e-m+fp/hard\libm.a(libm_a-sf_fmax.o)
                0x08003cc8                fmaxf
 .text.fminf    0x08003d02       0x3a C:/ST/STM32CubeIDE_1.17.0/STM32CubeIDE/plugins/com.st.stm32cube.ide.mcu.externaltools.gnu-tools-for-stm32.12.3.rel1.win32_1.1.0.202410251130/tools/bin/../lib/gcc/arm-none-eabi/12.3.1/../../../../arm-none-eabi/lib/thumb/v7e-m+fp/hard\libm.a(libm_a-sf_fmin.o)
                0x08003d02                fminf
 .text.__fpclassifyf
                0x08003d3c       0x38 C:/ST/STM32CubeIDE_1.17.0/STM32CubeIDE/plugins/com.st.stm32cube.ide.mcu.externaltools.gnu-tools-for-stm32.12.3.rel1.win32_1.1.0.202410251130/tools/bin/../lib/gcc/arm-none-eabi/12.3.1/../../../../arm-none-eabi/lib/thumb/v7e-m+fp/hard\libm.a(libm_a-sf_fpclassify.o)
                0x08003d3c                __fpclassifyf
 *(.glue_7)
 .glue_7        0x08003d74        0x0 linker stubs
 *(.glue_7t)
 .glue_7t       0x08003d74        0x0 linker stubs
 *(.eh_frame)
 .eh_frame      0x08003d74        0x0 C:/ST/STM32CubeIDE_1.17.0/STM32CubeIDE/plugins/com.st.stm32cube.ide.mcu.externaltools.gnu-tools-for-stm32.12.3.rel1.win32_1.1.0.202410251130/tools/bin/../lib/gcc/arm-none-eabi/12.3.1/thumb/v7e-m+fp/hard/crtbegin.o
 *(.init)
 .init          0x08003d74        0x4 C:/ST/STM32CubeIDE_1.17.0/STM32CubeIDE/plugins/com.st.stm32cube.ide.mcu.externaltools.gnu-tools-for-stm32.12.3.rel1.win32_1.1.0.202410251130/tools/bin/../lib/gcc/arm-none-eabi/12.3.1/thumb/v7e-m+fp/hard/crti.o
                0x08003d74                _init
 .init          0x08003d78        0x8 C:/ST/STM32CubeIDE_1.17.0/STM32CubeIDE/plugins/com.st.stm32cube.ide.mcu.externaltools.gnu-tools-for-stm32.12.3.rel1.win32_1.1.0.202410251130/tools/bin/../lib/gcc/arm-none-eabi/12.3.1/thumb/v7e-m+fp/hard/crtn.o
 *(.fini)
 .fini          0x08003d80        0x4 C:/ST/STM32CubeIDE_1.17.0/STM32CubeIDE/plugins/com.st.stm32cube.ide.mcu.externaltools.gnu-tools-for-stm32.12.3.rel1.win32_1.1.0.202410251130/tools/bin/../lib/gcc/arm-none-eabi/12.3.1/thumb/v7e-m+fp/hard/crti.o
                0x08003d80                _fini
 .fini          0x08003d84        0x8 C:/ST/STM32CubeIDE_1.17.0/STM32CubeIDE/plugins/com.st.stm32cube.ide.mcu.externaltools.gnu-tools-for-stm32.12.3.rel1.win32_1.1.0.202410251130/tools/bin/../lib/gcc/arm-none-eabi/12.3.1/thumb/v7e-m+fp/hard/crtn.o
                0x08003d8c                        . = ALIGN (0x4)
                0x08003d8c                        _etext = .

.vfp11_veneer   0x08003d8c        0x0
 .vfp11_veneer  0x08003d8c        0x0 linker stubs

.v4_bx          0x08003d8c        0x0
 .v4_bx         0x08003d8c        0x0 linker stubs

.iplt           0x08003d8c        0x0
 .iplt          0x08003d8c        0x0 C:/ST/STM32CubeIDE_1.17.0/STM32CubeIDE/plugins/com.st.stm32cube.ide.mcu.externaltools.gnu-tools-for-stm32.12.3.rel1.win32_1.1.0.202410251130/tools/bin/../lib/gcc/arm-none-eabi/12.3.1/thumb/v7e-m+fp/hard/crtbegin.o

.rodata         0x08003d8c      0x620
                0x08003d8c                        . = ALIGN (0x4)
 *(.rodata)
 .rodata        0x08003d8c       0x1e ./Core/Src/main.o
 *(.rodata*)
 *fill*         0x08003daa        0x2 
 .rodata.AHBPrescTable
                0x08003dac       0x10 ./Core/Src/system_stm32f4xx.o
                0x08003dac                AHBPrescTable
 .rodata.OLED_F8x16
                0x08003dbc      0x5f0 ./Hardware/OLED.o
                0x08003dbc                OLED_F8x16
                0x080043ac                        . = ALIGN (0x4)

.ARM.extab      0x080043ac        0x0
                0x080043ac                        . = ALIGN (0x4)
 *(.ARM.extab* .gnu.linkonce.armextab.*)
                0x080043ac                        . = ALIGN (0x4)

.ARM            0x080043ac        0x8
                0x080043ac                        . = ALIGN (0x4)
                0x080043ac                        __exidx_start = .
 *(.ARM.exidx*)
 .ARM.exidx     0x080043ac        0x8 C:/ST/STM32CubeIDE_1.17.0/STM32CubeIDE/plugins/com.st.stm32cube.ide.mcu.externaltools.gnu-tools-for-stm32.12.3.rel1.win32_1.1.0.202410251130/tools/bin/../lib/gcc/arm-none-eabi/12.3.1/thumb/v7e-m+fp/hard\libgcc.a(_udivmoddi4.o)
                0x080043b4                        __exidx_end = .
                0x080043b4                        . = ALIGN (0x4)

.preinit_array  0x080043b4        0x0
                0x080043b4                        . = ALIGN (0x4)
                0x080043b4                        PROVIDE (__preinit_array_start = .)
 *(.preinit_array*)
                0x080043b4                        PROVIDE (__preinit_array_end = .)
                0x080043b4                        . = ALIGN (0x4)

.init_array     0x080043b4        0x4
                0x080043b4                        . = ALIGN (0x4)
                0x080043b4                        PROVIDE (__init_array_start = .)
 *(SORT_BY_NAME(.init_array.*))
 *(.init_array*)
 .init_array    0x080043b4        0x4 C:/ST/STM32CubeIDE_1.17.0/STM32CubeIDE/plugins/com.st.stm32cube.ide.mcu.externaltools.gnu-tools-for-stm32.12.3.rel1.win32_1.1.0.202410251130/tools/bin/../lib/gcc/arm-none-eabi/12.3.1/thumb/v7e-m+fp/hard/crtbegin.o
                0x080043b8                        PROVIDE (__init_array_end = .)
                0x080043b8                        . = ALIGN (0x4)

.fini_array     0x080043b8        0x4
                0x080043b8                        . = ALIGN (0x4)
                [!provide]                        PROVIDE (__fini_array_start = .)
 *(SORT_BY_NAME(.fini_array.*))
 *(.fini_array*)
 .fini_array    0x080043b8        0x4 C:/ST/STM32CubeIDE_1.17.0/STM32CubeIDE/plugins/com.st.stm32cube.ide.mcu.externaltools.gnu-tools-for-stm32.12.3.rel1.win32_1.1.0.202410251130/tools/bin/../lib/gcc/arm-none-eabi/12.3.1/thumb/v7e-m+fp/hard/crtbegin.o
                [!provide]                        PROVIDE (__fini_array_end = .)
                0x080043bc                        . = ALIGN (0x4)
                0x080043bc                        _sidata = LOADADDR (.data)

.rel.dyn        0x080043bc        0x0
 .rel.iplt      0x080043bc        0x0 C:/ST/STM32CubeIDE_1.17.0/STM32CubeIDE/plugins/com.st.stm32cube.ide.mcu.externaltools.gnu-tools-for-stm32.12.3.rel1.win32_1.1.0.202410251130/tools/bin/../lib/gcc/arm-none-eabi/12.3.1/thumb/v7e-m+fp/hard/crtbegin.o

.data           0x20000000       0x2c load address 0x080043bc
                0x20000000                        . = ALIGN (0x4)
                0x20000000                        _sdata = .
 *(.data)
 *(.data*)
 .data.wheel1_speed
                0x20000000        0x4 ./Core/Src/main.o
                0x20000000                wheel1_speed
 .data.wheel2_speed
                0x20000004        0x4 ./Core/Src/main.o
                0x20000004                wheel2_speed
 .data.wheel3_speed
                0x20000008        0x4 ./Core/Src/main.o
                0x20000008                wheel3_speed
 .data.wheel4_speed
                0x2000000c        0x4 ./Core/Src/main.o
                0x2000000c                wheel4_speed
 .data.alpha    0x20000010        0x4 ./Core/Src/main.o
                0x20000010                alpha
 .data.FirstJoint
                0x20000014        0x1 ./Core/Src/main.o
                0x20000014                FirstJoint
 *fill*         0x20000015        0x3 
 .data.max_Lspeed
                0x20000018        0x4 ./Core/Src/main.o
                0x20000018                max_Lspeed
 .data.max_Rspeed
                0x2000001c        0x4 ./Core/Src/main.o
                0x2000001c                max_Rspeed
 .data.SystemCoreClock
                0x20000020        0x4 ./Core/Src/system_stm32f4xx.o
                0x20000020                SystemCoreClock
 .data.uwTickPrio
                0x20000024        0x4 ./Drivers/STM32F4xx_HAL_Driver/Src/stm32f4xx_hal.o
                0x20000024                uwTickPrio
 .data.uwTickFreq
                0x20000028        0x1 ./Drivers/STM32F4xx_HAL_Driver/Src/stm32f4xx_hal.o
                0x20000028                uwTickFreq
 *(.RamFunc)
 *(.RamFunc*)
                0x2000002c                        . = ALIGN (0x4)
 *fill*         0x20000029        0x3 
                0x2000002c                        _edata = .

.igot.plt       0x2000002c        0x0 load address 0x080043e8
 .igot.plt      0x2000002c        0x0 C:/ST/STM32CubeIDE_1.17.0/STM32CubeIDE/plugins/com.st.stm32cube.ide.mcu.externaltools.gnu-tools-for-stm32.12.3.rel1.win32_1.1.0.202410251130/tools/bin/../lib/gcc/arm-none-eabi/12.3.1/thumb/v7e-m+fp/hard/crtbegin.o
                0x2000002c                        . = ALIGN (0x4)

.bss            0x2000002c      0x1e4 load address 0x080043e8
                0x2000002c                        _sbss = .
                0x2000002c                        __bss_start__ = _sbss
 *(.bss)
 .bss           0x2000002c       0x1c C:/ST/STM32CubeIDE_1.17.0/STM32CubeIDE/plugins/com.st.stm32cube.ide.mcu.externaltools.gnu-tools-for-stm32.12.3.rel1.win32_1.1.0.202410251130/tools/bin/../lib/gcc/arm-none-eabi/12.3.1/thumb/v7e-m+fp/hard/crtbegin.o
 *(.bss*)
 .bss.wheel1    0x20000048       0x4c ./Core/Src/main.o
                0x20000048                wheel1
 .bss.wheel2    0x20000094       0x4c ./Core/Src/main.o
                0x20000094                wheel2
 .bss.wheel3    0x200000e0       0x4c ./Core/Src/main.o
                0x200000e0                wheel3
 .bss.wheel4    0x2000012c       0x4c ./Core/Src/main.o
                0x2000012c                wheel4
 .bss.WheelSpeed
                0x20000178       0x10 ./Core/Src/main.o
                0x20000178                WheelSpeed
 .bss.wheel1_motor_rpm
                0x20000188        0x4 ./Core/Src/main.o
                0x20000188                wheel1_motor_rpm
 .bss.wheel1_last_count
                0x2000018c        0x2 ./Core/Src/main.o
                0x2000018c                wheel1_last_count
 .bss.wheel1_current
                0x2000018e        0x2 ./Core/Src/main.o
                0x2000018e                wheel1_current
 .bss.wheel1_delta
                0x20000190        0x2 ./Core/Src/main.o
                0x20000190                wheel1_delta
 .bss.wheel1_count
                0x20000192        0x2 ./Core/Src/main.o
                0x20000192                wheel1_count
 .bss.wheel1_motor_rps
                0x20000194        0x4 ./Core/Src/main.o
                0x20000194                wheel1_motor_rps
 .bss.wheel1_out
                0x20000198        0x4 ./Core/Src/main.o
                0x20000198                wheel1_out
 .bss.wheel2_motor_rpm
                0x2000019c        0x4 ./Core/Src/main.o
                0x2000019c                wheel2_motor_rpm
 .bss.wheel2_last_count
                0x200001a0        0x2 ./Core/Src/main.o
                0x200001a0                wheel2_last_count
 .bss.wheel2_current
                0x200001a2        0x2 ./Core/Src/main.o
                0x200001a2                wheel2_current
 .bss.wheel2_delta
                0x200001a4        0x2 ./Core/Src/main.o
                0x200001a4                wheel2_delta
 .bss.wheel2_count
                0x200001a6        0x2 ./Core/Src/main.o
                0x200001a6                wheel2_count
 .bss.wheel2_motor_rps
                0x200001a8        0x4 ./Core/Src/main.o
                0x200001a8                wheel2_motor_rps
 .bss.wheel2_out
                0x200001ac        0x4 ./Core/Src/main.o
                0x200001ac                wheel2_out
 .bss.wheel3_motor_rpm
                0x200001b0        0x4 ./Core/Src/main.o
                0x200001b0                wheel3_motor_rpm
 .bss.wheel3_last_count
                0x200001b4        0x2 ./Core/Src/main.o
                0x200001b4                wheel3_last_count
 .bss.wheel3_current
                0x200001b6        0x2 ./Core/Src/main.o
                0x200001b6                wheel3_current
 .bss.wheel3_delta
                0x200001b8        0x2 ./Core/Src/main.o
                0x200001b8                wheel3_delta
 .bss.wheel3_count
                0x200001ba        0x2 ./Core/Src/main.o
                0x200001ba                wheel3_count
 .bss.wheel3_motor_rps
                0x200001bc        0x4 ./Core/Src/main.o
                0x200001bc                wheel3_motor_rps
 .bss.wheel3_out
                0x200001c0        0x4 ./Core/Src/main.o
                0x200001c0                wheel3_out
 .bss.wheel4_motor_rpm
                0x200001c4        0x4 ./Core/Src/main.o
                0x200001c4                wheel4_motor_rpm
 .bss.wheel4_last_count
                0x200001c8        0x2 ./Core/Src/main.o
                0x200001c8                wheel4_last_count
 .bss.wheel4_current
                0x200001ca        0x2 ./Core/Src/main.o
                0x200001ca                wheel4_current
 .bss.wheel4_delta
                0x200001cc        0x2 ./Core/Src/main.o
                0x200001cc                wheel4_delta
 .bss.wheel4_count
                0x200001ce        0x2 ./Core/Src/main.o
                0x200001ce                wheel4_count
 .bss.wheel4_motor_rps
                0x200001d0        0x4 ./Core/Src/main.o
                0x200001d0                wheel4_motor_rps
 .bss.wheel4_out
                0x200001d4        0x4 ./Core/Src/main.o
                0x200001d4                wheel4_out
 .bss.x         0x200001d8        0x4 ./Core/Src/main.o
                0x200001d8                x
 .bss.Vx        0x200001dc        0x4 ./Core/Src/main.o
                0x200001dc                Vx
 .bss.Vy        0x200001e0        0x4 ./Core/Src/main.o
                0x200001e0                Vy
 .bss.Wz        0x200001e4        0x4 ./Core/Src/main.o
                0x200001e4                Wz
 .bss.Vx_central
                0x200001e8        0x2 ./Core/Src/main.o
                0x200001e8                Vx_central
 .bss.Vy_central
                0x200001ea        0x2 ./Core/Src/main.o
                0x200001ea                Vy_central
 .bss.Wz_central
                0x200001ec        0x2 ./Core/Src/main.o
                0x200001ec                Wz_central
 *fill*         0x200001ee        0x2 
 .bss.uwTick    0x200001f0        0x4 ./Drivers/STM32F4xx_HAL_Driver/Src/stm32f4xx_hal.o
                0x200001f0                uwTick
 .bss.Encoder_Count
                0x200001f4        0x2 ./Hardware/Encoder.o
                0x200001f4                Encoder_Count
 .bss.Serial_RxFlag
                0x200001f6        0x1 ./Hardware/UART1.o
                0x200001f6                Serial_RxFlag
 *fill*         0x200001f7        0x1 
 .bss.Serial_RxPacket
                0x200001f8        0x8 ./Hardware/UART1.o
                0x200001f8                Serial_RxPacket
 .bss.RxState.2
                0x20000200        0x1 ./Hardware/UART1.o
 .bss.Data_L.1  0x20000201        0x1 ./Hardware/UART1.o
 .bss.Data_H.0  0x20000202        0x1 ./Hardware/UART1.o
 *fill*         0x20000203        0x1 
 .bss.JoinStick
                0x20000204        0x6 ./Hardware/UART2.o
                0x20000204                JoinStick
 .bss.JoinStickFlag
                0x2000020a        0x1 ./Hardware/UART2.o
                0x2000020a                JoinStickFlag
 .bss.RxState.2
                0x2000020b        0x1 ./Hardware/UART2.o
 .bss.Data_L.1  0x2000020c        0x1 ./Hardware/UART2.o
 .bss.Data_H.0  0x2000020d        0x1 ./Hardware/UART2.o
 *(COMMON)
                0x20000210                        . = ALIGN (0x4)
 *fill*         0x2000020e        0x2 
                0x20000210                        _ebss = .
                0x20000210                        __bss_end__ = _ebss

._user_heap_stack
                0x20000210      0x600 load address 0x080043e8
                0x20000210                        . = ALIGN (0x8)
                [!provide]                        PROVIDE (end = .)
                0x20000210                        PROVIDE (_end = .)
                0x20000410                        . = (. + _Min_Heap_Size)
 *fill*         0x20000210      0x200 
                0x20000810                        . = (. + _Min_Stack_Size)
 *fill*         0x20000410      0x400 
                0x20000810                        . = ALIGN (0x8)

/DISCARD/
 libc.a(*)
 libm.a(*)
 libgcc.a(*)

.ARM.attributes
                0x00000000       0x30
 *(.ARM.attributes)
 .ARM.attributes
                0x00000000       0x22 C:/ST/STM32CubeIDE_1.17.0/STM32CubeIDE/plugins/com.st.stm32cube.ide.mcu.externaltools.gnu-tools-for-stm32.12.3.rel1.win32_1.1.0.202410251130/tools/bin/../lib/gcc/arm-none-eabi/12.3.1/thumb/v7e-m+fp/hard/crti.o
 .ARM.attributes
                0x00000022       0x34 C:/ST/STM32CubeIDE_1.17.0/STM32CubeIDE/plugins/com.st.stm32cube.ide.mcu.externaltools.gnu-tools-for-stm32.12.3.rel1.win32_1.1.0.202410251130/tools/bin/../lib/gcc/arm-none-eabi/12.3.1/thumb/v7e-m+fp/hard/crtbegin.o
 .ARM.attributes
                0x00000056       0x34 ./Core/Src/main.o
 .ARM.attributes
                0x0000008a       0x34 ./Core/Src/stm32f4xx_hal_msp.o
 .ARM.attributes
                0x000000be       0x34 ./Core/Src/stm32f4xx_it.o
 .ARM.attributes
                0x000000f2       0x34 ./Core/Src/system_stm32f4xx.o
 .ARM.attributes
                0x00000126       0x21 ./Core/Startup/startup_stm32f446retx.o
 .ARM.attributes
                0x00000147       0x34 ./Drivers/STM32F4xx_HAL_Driver/Src/stm32f4xx_hal.o
 .ARM.attributes
                0x0000017b       0x34 ./Drivers/STM32F4xx_HAL_Driver/Src/stm32f4xx_hal_cortex.o
 .ARM.attributes
                0x000001af       0x34 ./Drivers/STM32F4xx_HAL_Driver/Src/stm32f4xx_hal_rcc.o
 .ARM.attributes
                0x000001e3       0x34 ./Drivers/STM32F4xx_HAL_Driver/Src/stm32f4xx_hal_rcc_ex.o
 .ARM.attributes
                0x00000217       0x34 ./Hardware/Encoder.o
 .ARM.attributes
                0x0000024b       0x34 ./Hardware/Motor.o
 .ARM.attributes
                0x0000027f       0x34 ./Hardware/OLED.o
 .ARM.attributes
                0x000002b3       0x34 ./Hardware/PWM1.o
 .ARM.attributes
                0x000002e7       0x34 ./Hardware/PWM2.o
 .ARM.attributes
                0x0000031b       0x34 ./Hardware/PWM3.o
 .ARM.attributes
                0x0000034f       0x34 ./Hardware/PWM4.o
 .ARM.attributes
                0x00000383       0x34 ./Hardware/UART1.o
 .ARM.attributes
                0x000003b7       0x34 ./Hardware/UART2.o
 .ARM.attributes
                0x000003eb       0x34 ./System/Timer.o
 .ARM.attributes
                0x0000041f       0x34 ./System/pid.o
 .ARM.attributes
                0x00000453       0x34 C:/ST/STM32CubeIDE_1.17.0/STM32CubeIDE/plugins/com.st.stm32cube.ide.mcu.externaltools.gnu-tools-for-stm32.12.3.rel1.win32_1.1.0.202410251130/tools/bin/../lib/gcc/arm-none-eabi/12.3.1/../../../../arm-none-eabi/lib/thumb/v7e-m+fp/hard\libc_nano.a(libc_a-memset.o)
 .ARM.attributes
                0x00000487       0x34 C:/ST/STM32CubeIDE_1.17.0/STM32CubeIDE/plugins/com.st.stm32cube.ide.mcu.externaltools.gnu-tools-for-stm32.12.3.rel1.win32_1.1.0.202410251130/tools/bin/../lib/gcc/arm-none-eabi/12.3.1/../../../../arm-none-eabi/lib/thumb/v7e-m+fp/hard\libc_nano.a(libc_a-init.o)
 .ARM.attributes
                0x000004bb       0x34 C:/ST/STM32CubeIDE_1.17.0/STM32CubeIDE/plugins/com.st.stm32cube.ide.mcu.externaltools.gnu-tools-for-stm32.12.3.rel1.win32_1.1.0.202410251130/tools/bin/../lib/gcc/arm-none-eabi/12.3.1/../../../../arm-none-eabi/lib/thumb/v7e-m+fp/hard\libm.a(libm_a-sf_fmax.o)
 .ARM.attributes
                0x000004ef       0x34 C:/ST/STM32CubeIDE_1.17.0/STM32CubeIDE/plugins/com.st.stm32cube.ide.mcu.externaltools.gnu-tools-for-stm32.12.3.rel1.win32_1.1.0.202410251130/tools/bin/../lib/gcc/arm-none-eabi/12.3.1/../../../../arm-none-eabi/lib/thumb/v7e-m+fp/hard\libm.a(libm_a-sf_fmin.o)
 .ARM.attributes
                0x00000523       0x34 C:/ST/STM32CubeIDE_1.17.0/STM32CubeIDE/plugins/com.st.stm32cube.ide.mcu.externaltools.gnu-tools-for-stm32.12.3.rel1.win32_1.1.0.202410251130/tools/bin/../lib/gcc/arm-none-eabi/12.3.1/../../../../arm-none-eabi/lib/thumb/v7e-m+fp/hard\libm.a(libm_a-sf_fpclassify.o)
 .ARM.attributes
                0x00000557       0x22 C:/ST/STM32CubeIDE_1.17.0/STM32CubeIDE/plugins/com.st.stm32cube.ide.mcu.externaltools.gnu-tools-for-stm32.12.3.rel1.win32_1.1.0.202410251130/tools/bin/../lib/gcc/arm-none-eabi/12.3.1/thumb/v7e-m+fp/hard\libgcc.a(_arm_addsubdf3.o)
 .ARM.attributes
                0x00000579       0x22 C:/ST/STM32CubeIDE_1.17.0/STM32CubeIDE/plugins/com.st.stm32cube.ide.mcu.externaltools.gnu-tools-for-stm32.12.3.rel1.win32_1.1.0.202410251130/tools/bin/../lib/gcc/arm-none-eabi/12.3.1/thumb/v7e-m+fp/hard\libgcc.a(_arm_muldivdf3.o)
 .ARM.attributes
                0x0000059b       0x22 C:/ST/STM32CubeIDE_1.17.0/STM32CubeIDE/plugins/com.st.stm32cube.ide.mcu.externaltools.gnu-tools-for-stm32.12.3.rel1.win32_1.1.0.202410251130/tools/bin/../lib/gcc/arm-none-eabi/12.3.1/thumb/v7e-m+fp/hard\libgcc.a(_arm_fixdfsi.o)
 .ARM.attributes
                0x000005bd       0x22 C:/ST/STM32CubeIDE_1.17.0/STM32CubeIDE/plugins/com.st.stm32cube.ide.mcu.externaltools.gnu-tools-for-stm32.12.3.rel1.win32_1.1.0.202410251130/tools/bin/../lib/gcc/arm-none-eabi/12.3.1/thumb/v7e-m+fp/hard\libgcc.a(_arm_truncdfsf2.o)
 .ARM.attributes
                0x000005df       0x22 C:/ST/STM32CubeIDE_1.17.0/STM32CubeIDE/plugins/com.st.stm32cube.ide.mcu.externaltools.gnu-tools-for-stm32.12.3.rel1.win32_1.1.0.202410251130/tools/bin/../lib/gcc/arm-none-eabi/12.3.1/thumb/v7e-m+fp/hard\libgcc.a(_aeabi_uldivmod.o)
 .ARM.attributes
                0x00000601       0x34 C:/ST/STM32CubeIDE_1.17.0/STM32CubeIDE/plugins/com.st.stm32cube.ide.mcu.externaltools.gnu-tools-for-stm32.12.3.rel1.win32_1.1.0.202410251130/tools/bin/../lib/gcc/arm-none-eabi/12.3.1/thumb/v7e-m+fp/hard\libgcc.a(_udivmoddi4.o)
 .ARM.attributes
                0x00000635       0x22 C:/ST/STM32CubeIDE_1.17.0/STM32CubeIDE/plugins/com.st.stm32cube.ide.mcu.externaltools.gnu-tools-for-stm32.12.3.rel1.win32_1.1.0.202410251130/tools/bin/../lib/gcc/arm-none-eabi/12.3.1/thumb/v7e-m+fp/hard\libgcc.a(_dvmd_tls.o)
 .ARM.attributes
                0x00000657       0x22 C:/ST/STM32CubeIDE_1.17.0/STM32CubeIDE/plugins/com.st.stm32cube.ide.mcu.externaltools.gnu-tools-for-stm32.12.3.rel1.win32_1.1.0.202410251130/tools/bin/../lib/gcc/arm-none-eabi/12.3.1/thumb/v7e-m+fp/hard/crtn.o
OUTPUT(ControlBoard.elf elf32-littlearm)
LOAD linker stubs
LOAD C:/ST/STM32CubeIDE_1.17.0/STM32CubeIDE/plugins/com.st.stm32cube.ide.mcu.externaltools.gnu-tools-for-stm32.12.3.rel1.win32_1.1.0.202410251130/tools/bin/../lib/gcc/arm-none-eabi/12.3.1/../../../../arm-none-eabi/lib/thumb/v7e-m+fp/hard\libc.a
LOAD C:/ST/STM32CubeIDE_1.17.0/STM32CubeIDE/plugins/com.st.stm32cube.ide.mcu.externaltools.gnu-tools-for-stm32.12.3.rel1.win32_1.1.0.202410251130/tools/bin/../lib/gcc/arm-none-eabi/12.3.1/../../../../arm-none-eabi/lib/thumb/v7e-m+fp/hard\libm.a
LOAD C:/ST/STM32CubeIDE_1.17.0/STM32CubeIDE/plugins/com.st.stm32cube.ide.mcu.externaltools.gnu-tools-for-stm32.12.3.rel1.win32_1.1.0.202410251130/tools/bin/../lib/gcc/arm-none-eabi/12.3.1/thumb/v7e-m+fp/hard\libgcc.a

.debug_info     0x00000000     0x7bde
 .debug_info    0x00000000      0xd01 ./Core/Src/main.o
 .debug_info    0x00000d01      0x2ac ./Core/Src/stm32f4xx_hal_msp.o
 .debug_info    0x00000fad      0x112 ./Core/Src/stm32f4xx_it.o
 .debug_info    0x000010bf      0x54a ./Core/Src/system_stm32f4xx.o
 .debug_info    0x00001609       0x30 ./Core/Startup/startup_stm32f446retx.o
 .debug_info    0x00001639      0x99a ./Drivers/STM32F4xx_HAL_Driver/Src/stm32f4xx_hal.o
 .debug_info    0x00001fd3      0xdaa ./Drivers/STM32F4xx_HAL_Driver/Src/stm32f4xx_hal_cortex.o
 .debug_info    0x00002d7d      0x8eb ./Drivers/STM32F4xx_HAL_Driver/Src/stm32f4xx_hal_rcc.o
 .debug_info    0x00003668      0x956 ./Drivers/STM32F4xx_HAL_Driver/Src/stm32f4xx_hal_rcc_ex.o
 .debug_info    0x00003fbe      0x4c9 ./Hardware/Encoder.o
 .debug_info    0x00004487      0x3bb ./Hardware/Motor.o
 .debug_info    0x00004842      0x717 ./Hardware/OLED.o
 .debug_info    0x00004f59      0x45a ./Hardware/PWM1.o
 .debug_info    0x000053b3      0x45a ./Hardware/PWM2.o
 .debug_info    0x0000580d      0x45a ./Hardware/PWM3.o
 .debug_info    0x00005c67      0x45a ./Hardware/PWM4.o
 .debug_info    0x000060c1      0xe65 ./Hardware/UART1.o
 .debug_info    0x00006f26      0x59f ./Hardware/UART2.o
 .debug_info    0x000074c5      0x500 ./System/Timer.o
 .debug_info    0x000079c5      0x219 ./System/pid.o

.debug_abbrev   0x00000000     0x1c23
 .debug_abbrev  0x00000000      0x25d ./Core/Src/main.o
 .debug_abbrev  0x0000025d       0xf4 ./Core/Src/stm32f4xx_hal_msp.o
 .debug_abbrev  0x00000351       0x73 ./Core/Src/stm32f4xx_it.o
 .debug_abbrev  0x000003c4      0x11a ./Core/Src/system_stm32f4xx.o
 .debug_abbrev  0x000004de       0x24 ./Core/Startup/startup_stm32f446retx.o
 .debug_abbrev  0x00000502      0x214 ./Drivers/STM32F4xx_HAL_Driver/Src/stm32f4xx_hal.o
 .debug_abbrev  0x00000716      0x31d ./Drivers/STM32F4xx_HAL_Driver/Src/stm32f4xx_hal_cortex.o
 .debug_abbrev  0x00000a33      0x2b7 ./Drivers/STM32F4xx_HAL_Driver/Src/stm32f4xx_hal_rcc.o
 .debug_abbrev  0x00000cea      0x20a ./Drivers/STM32F4xx_HAL_Driver/Src/stm32f4xx_hal_rcc_ex.o
 .debug_abbrev  0x00000ef4       0xf9 ./Hardware/Encoder.o
 .debug_abbrev  0x00000fed      0x118 ./Hardware/Motor.o
 .debug_abbrev  0x00001105      0x1d3 ./Hardware/OLED.o
 .debug_abbrev  0x000012d8       0xe5 ./Hardware/PWM1.o
 .debug_abbrev  0x000013bd       0xe5 ./Hardware/PWM2.o
 .debug_abbrev  0x000014a2       0xe5 ./Hardware/PWM3.o
 .debug_abbrev  0x00001587       0xe5 ./Hardware/PWM4.o
 .debug_abbrev  0x0000166c      0x2cc ./Hardware/UART1.o
 .debug_abbrev  0x00001938      0x138 ./Hardware/UART2.o
 .debug_abbrev  0x00001a70       0xed ./System/Timer.o
 .debug_abbrev  0x00001b5d       0xc6 ./System/pid.o

.debug_aranges  0x00000000      0x6d0
 .debug_aranges
                0x00000000       0x40 ./Core/Src/main.o
 .debug_aranges
                0x00000040       0x20 ./Core/Src/stm32f4xx_hal_msp.o
 .debug_aranges
                0x00000060       0x60 ./Core/Src/stm32f4xx_it.o
 .debug_aranges
                0x000000c0       0x28 ./Core/Src/system_stm32f4xx.o
 .debug_aranges
                0x000000e8       0x28 ./Core/Startup/startup_stm32f446retx.o
 .debug_aranges
                0x00000110       0xf0 ./Drivers/STM32F4xx_HAL_Driver/Src/stm32f4xx_hal.o
 .debug_aranges
                0x00000200      0x130 ./Drivers/STM32F4xx_HAL_Driver/Src/stm32f4xx_hal_cortex.o
 .debug_aranges
                0x00000330       0x88 ./Drivers/STM32F4xx_HAL_Driver/Src/stm32f4xx_hal_rcc.o
 .debug_aranges
                0x000003b8       0x78 ./Drivers/STM32F4xx_HAL_Driver/Src/stm32f4xx_hal_rcc_ex.o
 .debug_aranges
                0x00000430       0x38 ./Hardware/Encoder.o
 .debug_aranges
                0x00000468       0x28 ./Hardware/Motor.o
 .debug_aranges
                0x00000490       0xa8 ./Hardware/OLED.o
 .debug_aranges
                0x00000538       0x30 ./Hardware/PWM1.o
 .debug_aranges
                0x00000568       0x30 ./Hardware/PWM2.o
 .debug_aranges
                0x00000598       0x30 ./Hardware/PWM3.o
 .debug_aranges
                0x000005c8       0x30 ./Hardware/PWM4.o
 .debug_aranges
                0x000005f8       0x70 ./Hardware/UART1.o
 .debug_aranges
                0x00000668       0x28 ./Hardware/UART2.o
 .debug_aranges
                0x00000690       0x20 ./System/Timer.o
 .debug_aranges
                0x000006b0       0x20 ./System/pid.o

.debug_rnglists
                0x00000000      0x4dc
 .debug_rnglists
                0x00000000       0x2f ./Core/Src/main.o
 .debug_rnglists
                0x0000002f       0x13 ./Core/Src/stm32f4xx_hal_msp.o
 .debug_rnglists
                0x00000042       0x43 ./Core/Src/stm32f4xx_it.o
 .debug_rnglists
                0x00000085       0x1a ./Core/Src/system_stm32f4xx.o
 .debug_rnglists
                0x0000009f       0x19 ./Core/Startup/startup_stm32f446retx.o
 .debug_rnglists
                0x000000b8       0xaf ./Drivers/STM32F4xx_HAL_Driver/Src/stm32f4xx_hal.o
 .debug_rnglists
                0x00000167       0xe0 ./Drivers/STM32F4xx_HAL_Driver/Src/stm32f4xx_hal_cortex.o
 .debug_rnglists
                0x00000247       0x66 ./Drivers/STM32F4xx_HAL_Driver/Src/stm32f4xx_hal_rcc.o
 .debug_rnglists
                0x000002ad       0x5e ./Drivers/STM32F4xx_HAL_Driver/Src/stm32f4xx_hal_rcc_ex.o
 .debug_rnglists
                0x0000030b       0x26 ./Hardware/Encoder.o
 .debug_rnglists
                0x00000331       0x1b ./Hardware/Motor.o
 .debug_rnglists
                0x0000034c       0x7d ./Hardware/OLED.o
 .debug_rnglists
                0x000003c9       0x20 ./Hardware/PWM1.o
 .debug_rnglists
                0x000003e9       0x20 ./Hardware/PWM2.o
 .debug_rnglists
                0x00000409       0x20 ./Hardware/PWM3.o
 .debug_rnglists
                0x00000429       0x20 ./Hardware/PWM4.o
 .debug_rnglists
                0x00000449       0x51 ./Hardware/UART1.o
 .debug_rnglists
                0x0000049a       0x1b ./Hardware/UART2.o
 .debug_rnglists
                0x000004b5       0x13 ./System/Timer.o
 .debug_rnglists
                0x000004c8       0x14 ./System/pid.o

.debug_macro    0x00000000    0x21410
 .debug_macro   0x00000000      0x32e ./Core/Src/main.o
 .debug_macro   0x0000032e      0xab4 ./Core/Src/main.o
 .debug_macro   0x00000de2       0x28 ./Core/Src/main.o
 .debug_macro   0x00000e0a       0x22 ./Core/Src/main.o
 .debug_macro   0x00000e2c       0x8e ./Core/Src/main.o
 .debug_macro   0x00000eba       0x51 ./Core/Src/main.o
 .debug_macro   0x00000f0b      0x103 ./Core/Src/main.o
 .debug_macro   0x0000100e       0x6a ./Core/Src/main.o
 .debug_macro   0x00001078      0x1df ./Core/Src/main.o
 .debug_macro   0x00001257       0x1c ./Core/Src/main.o
 .debug_macro   0x00001273       0x22 ./Core/Src/main.o
 .debug_macro   0x00001295       0xfb ./Core/Src/main.o
 .debug_macro   0x00001390     0x1011 ./Core/Src/main.o
 .debug_macro   0x000023a1      0x11f ./Core/Src/main.o
 .debug_macro   0x000024c0    0x16749 ./Core/Src/main.o
 .debug_macro   0x00018c09       0x61 ./Core/Src/main.o
 .debug_macro   0x00018c6a       0x2a ./Core/Src/main.o
 .debug_macro   0x00018c94       0x43 ./Core/Src/main.o
 .debug_macro   0x00018cd7       0x34 ./Core/Src/main.o
 .debug_macro   0x00018d0b       0x16 ./Core/Src/main.o
 .debug_macro   0x00018d21       0x9e ./Core/Src/main.o
 .debug_macro   0x00018dbf      0x369 ./Core/Src/main.o
 .debug_macro   0x00019128      0x10b ./Core/Src/main.o
 .debug_macro   0x00019233       0x10 ./Core/Src/main.o
 .debug_macro   0x00019243       0x16 ./Core/Src/main.o
 .debug_macro   0x00019259       0x43 ./Core/Src/main.o
 .debug_macro   0x0001929c       0x34 ./Core/Src/main.o
 .debug_macro   0x000192d0       0x10 ./Core/Src/main.o
 .debug_macro   0x000192e0       0x58 ./Core/Src/main.o
 .debug_macro   0x00019338       0x8e ./Core/Src/main.o
 .debug_macro   0x000193c6       0x1c ./Core/Src/main.o
 .debug_macro   0x000193e2      0x177 ./Core/Src/main.o
 .debug_macro   0x00019559       0x16 ./Core/Src/main.o
 .debug_macro   0x0001956f       0x16 ./Core/Src/main.o
 .debug_macro   0x00019585      0x146 ./Core/Src/main.o
 .debug_macro   0x000196cb      0x28f ./Core/Src/main.o
 .debug_macro   0x0001995a       0x2e ./Core/Src/main.o
 .debug_macro   0x00019988       0x6d ./Core/Src/main.o
 .debug_macro   0x000199f5     0x369a ./Core/Src/main.o
 .debug_macro   0x0001d08f       0x56 ./Core/Src/main.o
 .debug_macro   0x0001d0e5      0xca5 ./Core/Src/main.o
 .debug_macro   0x0001dd8a      0x9e9 ./Core/Src/main.o
 .debug_macro   0x0001e773      0x115 ./Core/Src/main.o
 .debug_macro   0x0001e888      0x1a0 ./Core/Src/main.o
 .debug_macro   0x0001ea28       0xa5 ./Core/Src/main.o
 .debug_macro   0x0001eacd      0x16d ./Core/Src/main.o
 .debug_macro   0x0001ec3a      0x287 ./Core/Src/main.o
 .debug_macro   0x0001eec1       0x5f ./Core/Src/main.o
 .debug_macro   0x0001ef20      0x236 ./Core/Src/main.o
 .debug_macro   0x0001f156      0x132 ./Core/Src/main.o
 .debug_macro   0x0001f288      0x29c ./Core/Src/main.o
 .debug_macro   0x0001f524       0x2e ./Core/Src/main.o
 .debug_macro   0x0001f552      0x127 ./Core/Src/main.o
 .debug_macro   0x0001f679       0xe8 ./Core/Src/main.o
 .debug_macro   0x0001f761       0x89 ./Core/Src/main.o
 .debug_macro   0x0001f7ea      0x126 ./Core/Src/main.o
 .debug_macro   0x0001f910       0x58 ./Core/Src/main.o
 .debug_macro   0x0001f968      0x19b ./Core/Src/main.o
 .debug_macro   0x0001fb03      0x1bf ./Core/Src/stm32f4xx_hal_msp.o
 .debug_macro   0x0001fcc2      0x189 ./Core/Src/stm32f4xx_hal_msp.o
 .debug_macro   0x0001fe4b       0x5c ./Core/Src/stm32f4xx_hal_msp.o
 .debug_macro   0x0001fea7      0x1c9 ./Core/Src/stm32f4xx_it.o
 .debug_macro   0x00020070      0x1b0 ./Core/Src/system_stm32f4xx.o
 .debug_macro   0x00020220      0x210 ./Drivers/STM32F4xx_HAL_Driver/Src/stm32f4xx_hal.o
 .debug_macro   0x00020430      0x1b0 ./Drivers/STM32F4xx_HAL_Driver/Src/stm32f4xx_hal_cortex.o
 .debug_macro   0x000205e0      0x1d4 ./Drivers/STM32F4xx_HAL_Driver/Src/stm32f4xx_hal_rcc.o
 .debug_macro   0x000207b4      0x1b0 ./Drivers/STM32F4xx_HAL_Driver/Src/stm32f4xx_hal_rcc_ex.o
 .debug_macro   0x00020964       0xbf ./Hardware/Encoder.o
 .debug_macro   0x00020a23       0xe7 ./Hardware/Motor.o
 .debug_macro   0x00020b0a       0xc9 ./Hardware/OLED.o
 .debug_macro   0x00020bd3       0xbf ./Hardware/PWM1.o
 .debug_macro   0x00020c92       0xbf ./Hardware/PWM2.o
 .debug_macro   0x00020d51       0xbf ./Hardware/PWM3.o
 .debug_macro   0x00020e10       0xbf ./Hardware/PWM4.o
 .debug_macro   0x00020ecf      0x1a5 ./Hardware/UART1.o
 .debug_macro   0x00021074       0x4c ./Hardware/UART1.o
 .debug_macro   0x000210c0      0x1a5 ./Hardware/UART2.o
 .debug_macro   0x00021265       0xbf ./System/Timer.o
 .debug_macro   0x00021324       0xec ./System/pid.o

.debug_line     0x00000000     0xa39c
 .debug_line    0x00000000      0xcda ./Core/Src/main.o
 .debug_line    0x00000cda      0x6fe ./Core/Src/stm32f4xx_hal_msp.o
 .debug_line    0x000013d8      0x7c0 ./Core/Src/stm32f4xx_it.o
 .debug_line    0x00001b98      0x782 ./Core/Src/system_stm32f4xx.o
 .debug_line    0x0000231a       0x7a ./Core/Startup/startup_stm32f446retx.o
 .debug_line    0x00002394      0x9eb ./Drivers/STM32F4xx_HAL_Driver/Src/stm32f4xx_hal.o
 .debug_line    0x00002d7f      0xcdd ./Drivers/STM32F4xx_HAL_Driver/Src/stm32f4xx_hal_cortex.o
 .debug_line    0x00003a5c      0xd82 ./Drivers/STM32F4xx_HAL_Driver/Src/stm32f4xx_hal_rcc.o
 .debug_line    0x000047de     0x13f2 ./Drivers/STM32F4xx_HAL_Driver/Src/stm32f4xx_hal_rcc_ex.o
 .debug_line    0x00005bd0      0x5f1 ./Hardware/Encoder.o
 .debug_line    0x000061c1      0x6db ./Hardware/Motor.o
 .debug_line    0x0000689c      0x931 ./Hardware/OLED.o
 .debug_line    0x000071cd      0x592 ./Hardware/PWM1.o
 .debug_line    0x0000775f      0x592 ./Hardware/PWM2.o
 .debug_line    0x00007cf1      0x58c ./Hardware/PWM3.o
 .debug_line    0x0000827d      0x58c ./Hardware/PWM4.o
 .debug_line    0x00008809      0x93d ./Hardware/UART1.o
 .debug_line    0x00009146      0x790 ./Hardware/UART2.o
 .debug_line    0x000098d6      0x505 ./System/Timer.o
 .debug_line    0x00009ddb      0x5c1 ./System/pid.o

.debug_str      0x00000000    0xc6a19
 .debug_str     0x00000000    0xc4b86 ./Core/Src/main.o
                              0xc4e80 (size before relaxing)
 .debug_str     0x000c4b86       0x49 ./Core/Src/stm32f4xx_hal_msp.o
                              0xc08e5 (size before relaxing)
 .debug_str     0x000c4bcf       0xc9 ./Core/Src/stm32f4xx_it.o
                              0xc0829 (size before relaxing)
 .debug_str     0x000c4c98       0xdb ./Core/Src/system_stm32f4xx.o
                              0xc0852 (size before relaxing)
 .debug_str     0x000c4d73       0x44 ./Core/Startup/startup_stm32f446retx.o
                                 0x7f (size before relaxing)
 .debug_str     0x000c4db7      0xb22 ./Drivers/STM32F4xx_HAL_Driver/Src/stm32f4xx_hal.o
                              0xc1417 (size before relaxing)
 .debug_str     0x000c58d9      0x3a3 ./Drivers/STM32F4xx_HAL_Driver/Src/stm32f4xx_hal_cortex.o
                              0xc116e (size before relaxing)
 .debug_str     0x000c5c7c      0x2a3 ./Drivers/STM32F4xx_HAL_Driver/Src/stm32f4xx_hal_rcc.o
                              0xc0c8b (size before relaxing)
 .debug_str     0x000c5f1f      0x324 ./Drivers/STM32F4xx_HAL_Driver/Src/stm32f4xx_hal_rcc_ex.o
                              0xc0cbe (size before relaxing)
 .debug_str     0x000c6243       0x81 ./Hardware/Encoder.o
                              0x8ab3c (size before relaxing)
 .debug_str     0x000c62c4       0x94 ./Hardware/Motor.o
                              0x8ab64 (size before relaxing)
 .debug_str     0x000c6358      0x12f ./Hardware/OLED.o
                              0x8ac08 (size before relaxing)
 .debug_str     0x000c6487       0x2d ./Hardware/PWM1.o
                              0x8ab0f (size before relaxing)
 .debug_str     0x000c64b4       0x25 ./Hardware/PWM2.o
                              0x8ab0f (size before relaxing)
 .debug_str     0x000c64d9       0x25 ./Hardware/PWM3.o
                              0x8ab0f (size before relaxing)
 .debug_str     0x000c64fe       0x25 ./Hardware/PWM4.o
                              0x8ab0f (size before relaxing)
 .debug_str     0x000c6523      0x4a2 ./Hardware/UART1.o
                              0x8eaad (size before relaxing)
 .debug_str     0x000c69c5       0x26 ./Hardware/UART2.o
                              0x8e69e (size before relaxing)
 .debug_str     0x000c69eb       0x12 ./System/Timer.o
                              0x8aace (size before relaxing)
 .debug_str     0x000c69fd       0x1c ./System/pid.o
                               0x6e83 (size before relaxing)

.comment        0x00000000       0x43
 .comment       0x00000000       0x43 ./Core/Src/main.o
                                 0x44 (size before relaxing)
 .comment       0x00000043       0x44 ./Core/Src/stm32f4xx_hal_msp.o
 .comment       0x00000043       0x44 ./Core/Src/stm32f4xx_it.o
 .comment       0x00000043       0x44 ./Core/Src/system_stm32f4xx.o
 .comment       0x00000043       0x44 ./Drivers/STM32F4xx_HAL_Driver/Src/stm32f4xx_hal.o
 .comment       0x00000043       0x44 ./Drivers/STM32F4xx_HAL_Driver/Src/stm32f4xx_hal_cortex.o
 .comment       0x00000043       0x44 ./Drivers/STM32F4xx_HAL_Driver/Src/stm32f4xx_hal_rcc.o
 .comment       0x00000043       0x44 ./Drivers/STM32F4xx_HAL_Driver/Src/stm32f4xx_hal_rcc_ex.o
 .comment       0x00000043       0x44 ./Hardware/Encoder.o
 .comment       0x00000043       0x44 ./Hardware/Motor.o
 .comment       0x00000043       0x44 ./Hardware/OLED.o
 .comment       0x00000043       0x44 ./Hardware/PWM1.o
 .comment       0x00000043       0x44 ./Hardware/PWM2.o
 .comment       0x00000043       0x44 ./Hardware/PWM3.o
 .comment       0x00000043       0x44 ./Hardware/PWM4.o
 .comment       0x00000043       0x44 ./Hardware/UART1.o
 .comment       0x00000043       0x44 ./Hardware/UART2.o
 .comment       0x00000043       0x44 ./System/Timer.o
 .comment       0x00000043       0x44 ./System/pid.o

.debug_frame    0x00000000     0x1910
 .debug_frame   0x00000000       0xb0 ./Core/Src/main.o
 .debug_frame   0x000000b0       0x34 ./Core/Src/stm32f4xx_hal_msp.o
 .debug_frame   0x000000e4      0x104 ./Core/Src/stm32f4xx_it.o
 .debug_frame   0x000001e8       0x58 ./Core/Src/system_stm32f4xx.o
 .debug_frame   0x00000240      0x374 ./Drivers/STM32F4xx_HAL_Driver/Src/stm32f4xx_hal.o
 .debug_frame   0x000005b4      0x508 ./Drivers/STM32F4xx_HAL_Driver/Src/stm32f4xx_hal_cortex.o
 .debug_frame   0x00000abc      0x1f4 ./Drivers/STM32F4xx_HAL_Driver/Src/stm32f4xx_hal_rcc.o
 .debug_frame   0x00000cb0      0x1e8 ./Drivers/STM32F4xx_HAL_Driver/Src/stm32f4xx_hal_rcc_ex.o
 .debug_frame   0x00000e98       0x98 ./Hardware/Encoder.o
 .debug_frame   0x00000f30       0x50 ./Hardware/Motor.o
 .debug_frame   0x00000f80      0x298 ./Hardware/OLED.o
 .debug_frame   0x00001218       0x80 ./Hardware/PWM1.o
 .debug_frame   0x00001298       0x80 ./Hardware/PWM2.o
 .debug_frame   0x00001318       0x80 ./Hardware/PWM3.o
 .debug_frame   0x00001398       0x80 ./Hardware/PWM4.o
 .debug_frame   0x00001418      0x1b4 ./Hardware/UART1.o
 .debug_frame   0x000015cc       0x58 ./Hardware/UART2.o
 .debug_frame   0x00001624       0x30 ./System/Timer.o
 .debug_frame   0x00001654       0x34 ./System/pid.o
 .debug_frame   0x00001688       0x20 C:/ST/STM32CubeIDE_1.17.0/STM32CubeIDE/plugins/com.st.stm32cube.ide.mcu.externaltools.gnu-tools-for-stm32.12.3.rel1.win32_1.1.0.202410251130/tools/bin/../lib/gcc/arm-none-eabi/12.3.1/../../../../arm-none-eabi/lib/thumb/v7e-m+fp/hard\libc_nano.a(libc_a-memset.o)
 .debug_frame   0x000016a8       0x2c C:/ST/STM32CubeIDE_1.17.0/STM32CubeIDE/plugins/com.st.stm32cube.ide.mcu.externaltools.gnu-tools-for-stm32.12.3.rel1.win32_1.1.0.202410251130/tools/bin/../lib/gcc/arm-none-eabi/12.3.1/../../../../arm-none-eabi/lib/thumb/v7e-m+fp/hard\libc_nano.a(libc_a-init.o)
 .debug_frame   0x000016d4       0x3c C:/ST/STM32CubeIDE_1.17.0/STM32CubeIDE/plugins/com.st.stm32cube.ide.mcu.externaltools.gnu-tools-for-stm32.12.3.rel1.win32_1.1.0.202410251130/tools/bin/../lib/gcc/arm-none-eabi/12.3.1/../../../../arm-none-eabi/lib/thumb/v7e-m+fp/hard\libm.a(libm_a-sf_fmax.o)
 .debug_frame   0x00001710       0x3c C:/ST/STM32CubeIDE_1.17.0/STM32CubeIDE/plugins/com.st.stm32cube.ide.mcu.externaltools.gnu-tools-for-stm32.12.3.rel1.win32_1.1.0.202410251130/tools/bin/../lib/gcc/arm-none-eabi/12.3.1/../../../../arm-none-eabi/lib/thumb/v7e-m+fp/hard\libm.a(libm_a-sf_fmin.o)
 .debug_frame   0x0000174c       0x20 C:/ST/STM32CubeIDE_1.17.0/STM32CubeIDE/plugins/com.st.stm32cube.ide.mcu.externaltools.gnu-tools-for-stm32.12.3.rel1.win32_1.1.0.202410251130/tools/bin/../lib/gcc/arm-none-eabi/12.3.1/../../../../arm-none-eabi/lib/thumb/v7e-m+fp/hard\libm.a(libm_a-sf_fpclassify.o)
 .debug_frame   0x0000176c       0xac C:/ST/STM32CubeIDE_1.17.0/STM32CubeIDE/plugins/com.st.stm32cube.ide.mcu.externaltools.gnu-tools-for-stm32.12.3.rel1.win32_1.1.0.202410251130/tools/bin/../lib/gcc/arm-none-eabi/12.3.1/thumb/v7e-m+fp/hard\libgcc.a(_arm_addsubdf3.o)
 .debug_frame   0x00001818       0x50 C:/ST/STM32CubeIDE_1.17.0/STM32CubeIDE/plugins/com.st.stm32cube.ide.mcu.externaltools.gnu-tools-for-stm32.12.3.rel1.win32_1.1.0.202410251130/tools/bin/../lib/gcc/arm-none-eabi/12.3.1/thumb/v7e-m+fp/hard\libgcc.a(_arm_muldivdf3.o)
 .debug_frame   0x00001868       0x24 C:/ST/STM32CubeIDE_1.17.0/STM32CubeIDE/plugins/com.st.stm32cube.ide.mcu.externaltools.gnu-tools-for-stm32.12.3.rel1.win32_1.1.0.202410251130/tools/bin/../lib/gcc/arm-none-eabi/12.3.1/thumb/v7e-m+fp/hard\libgcc.a(_arm_fixdfsi.o)
 .debug_frame   0x0000188c       0x24 C:/ST/STM32CubeIDE_1.17.0/STM32CubeIDE/plugins/com.st.stm32cube.ide.mcu.externaltools.gnu-tools-for-stm32.12.3.rel1.win32_1.1.0.202410251130/tools/bin/../lib/gcc/arm-none-eabi/12.3.1/thumb/v7e-m+fp/hard\libgcc.a(_arm_truncdfsf2.o)
 .debug_frame   0x000018b0       0x2c C:/ST/STM32CubeIDE_1.17.0/STM32CubeIDE/plugins/com.st.stm32cube.ide.mcu.externaltools.gnu-tools-for-stm32.12.3.rel1.win32_1.1.0.202410251130/tools/bin/../lib/gcc/arm-none-eabi/12.3.1/thumb/v7e-m+fp/hard\libgcc.a(_aeabi_uldivmod.o)
 .debug_frame   0x000018dc       0x34 C:/ST/STM32CubeIDE_1.17.0/STM32CubeIDE/plugins/com.st.stm32cube.ide.mcu.externaltools.gnu-tools-for-stm32.12.3.rel1.win32_1.1.0.202410251130/tools/bin/../lib/gcc/arm-none-eabi/12.3.1/thumb/v7e-m+fp/hard\libgcc.a(_udivmoddi4.o)

.debug_line_str
                0x00000000       0x63
 .debug_line_str
                0x00000000       0x63 ./Core/Startup/startup_stm32f446retx.o
