17:35:38 **** Incremental Build of configuration Debug for project car_RTOS ****
make -j20 all 
arm-none-eabi-gcc "../Hardware/UART1.c" -mcpu=cortex-m4 -std=gnu11 -g3 -DDEBUG -DUSE_HAL_DRIVER -DSTM32F446xx -c -I../Core/Inc -I../Drivers/STM32F4xx_HAL_Driver/Inc -I../Drivers/STM32F4xx_HAL_Driver/Inc/Legacy -I../Drivers/CMSIS/Device/ST/STM32F4xx/Include -I../Drivers/CMSIS/Include -I../Middlewares/Third_Party/FreeRTOS/Source/include -I../Middlewares/Third_Party/FreeRTOS/Source/CMSIS_RTOS_V2 -I../Middlewares/Third_Party/FreeRTOS/Source/portable/GCC/ARM_CM4F -I"D:/Stm32Project/SideProject/cubeide/car_RTOS/car_RTOS/Hardware" -I"D:/Stm32Project/SideProject/cubeide/car_RTOS/car_RTOS/System" -O0 -ffunction-sections -fdata-sections -Wall -fstack-usage -fcyclomatic-complexity -MMD -MP -MF"Hardware/UART1.d" -MT"Hardware/UART1.o" --specs=nano.specs -mfpu=fpv4-sp-d16 -mfloat-abi=hard -mthumb -o "Hardware/UART1.o"
arm-none-eabi-gcc "../Hardware/UART2.c" -mcpu=cortex-m4 -std=gnu11 -g3 -DDEBUG -DUSE_HAL_DRIVER -DSTM32F446xx -c -I../Core/Inc -I../Drivers/STM32F4xx_HAL_Driver/Inc -I../Drivers/STM32F4xx_HAL_Driver/Inc/Legacy -I../Drivers/CMSIS/Device/ST/STM32F4xx/Include -I../Drivers/CMSIS/Include -I../Middlewares/Third_Party/FreeRTOS/Source/include -I../Middlewares/Third_Party/FreeRTOS/Source/CMSIS_RTOS_V2 -I../Middlewares/Third_Party/FreeRTOS/Source/portable/GCC/ARM_CM4F -I"D:/Stm32Project/SideProject/cubeide/car_RTOS/car_RTOS/Hardware" -I"D:/Stm32Project/SideProject/cubeide/car_RTOS/car_RTOS/System" -O0 -ffunction-sections -fdata-sections -Wall -fstack-usage -fcyclomatic-complexity -MMD -MP -MF"Hardware/UART2.d" -MT"Hardware/UART2.o" --specs=nano.specs -mfpu=fpv4-sp-d16 -mfloat-abi=hard -mthumb -o "Hardware/UART2.o"
arm-none-eabi-gcc -o "car_RTOS.elf" @"objects.list"   -mcpu=cortex-m4 -T"D:\Stm32Project\SideProject\cubeide\car_RTOS\car_RTOS\STM32F446RETX_FLASH.ld" --specs=nosys.specs -Wl,-Map="car_RTOS.map" -Wl,--gc-sections -static --specs=nano.specs -mfpu=fpv4-sp-d16 -mfloat-abi=hard -mthumb -Wl,--start-group -lc -lm -Wl,--end-group
Finished building target: car_RTOS.elf
 
arm-none-eabi-size  car_RTOS.elf 
arm-none-eabi-objdump -h -S car_RTOS.elf  > "car_RTOS.list"
   text	   data	    bss	    dec	    hex	filename
  34748	    112	  20856	  55716	   d9a4	car_RTOS.elf
Finished building: default.size.stdout
 
Finished building: car_RTOS.list
 
