../Hardware/OLED.c:6:6:OLED_W_SCL	16	static
../Hardware/OLED.c:12:6:OLED_W_SDA	16	static
../Hardware/OLED.c:19:6:OLED_I2C_Init	8	static
../Hardware/OLED.c:42:6:OLED_I2C_Start	8	static
../Hardware/OLED.c:55:6:OLED_I2C_Stop	8	static
../Hardware/OLED.c:67:6:OLED_I2C_SendByte	24	static
../Hardware/OLED.c:85:6:OLED_WriteCommand	16	static
../Hardware/OLED.c:99:6:OLED_WriteData	16	static
../Hardware/OLED.c:114:6:OLED_SetCursor	16	static
../Hardware/OLED.c:126:6:OLED_Clear	16	static
../Hardware/OLED.c:146:6:OLED_ShowChar	24	static
../Hardware/OLED.c:168:6:OLED_ShowString	24	static
../Hardware/OLED.c:181:10:OLED_Pow	24	static
../Hardware/OLED.c:199:6:OLED_ShowNum	32	static
../Hardware/OLED.c:216:6:OLED_ShowSignedNum	32	static
../Hardware/OLED.c:244:6:OLED_ShowHexNum	24	static
../Hardware/OLED.c:269:6:OLED_ShowBinNum	32	static
../Hardware/OLED.c:283:6:OLED_Init	16	static
