../Core/Src/main.c:224:5:main	8	static
../Core/Src/main.c:369:6:SystemClock_Config	88	static
../Core/Src/main.c:450:13:MX_GPIO_Init	48	static
../Core/Src/main.c:483:6:TIM8_BRK_TIM12_IRQHandler	8	static
../Core/Src/main.c:494:6:EncoderSpeed	4	static
../Core/Src/main.c:545:6:TaskWheel1	32	static
../Core/Src/main.c:568:6:TaskWheel2	32	static
../Core/Src/main.c:591:6:TaskWheel3	32	static
../Core/Src/main.c:614:6:TaskWheel4	32	static
../Core/Src/main.c:636:6:TaskEncoder	16	static
../Core/Src/main.c:692:6:Error_Handler	4	static,ignoring_inline_asm
