15:46:04 **** Incremental Build of configuration Debug for project ControlBoard ****
make -j20 all 
arm-none-eabi-gcc "../Core/Src/main.c" -mcpu=cortex-m4 -std=gnu11 -g3 -DDEBUG -DUSE_HAL_DRIVER -DSTM32F446xx -c -I../Core/Inc -I"D:/Stm32Project/SideProject/cubeide/car/ControlBoard/Hardware" -I"D:/Stm32Project/SideProject/cubeide/car/ControlBoard/System" -I../Drivers/STM32F4xx_HAL_Driver/Inc -I../Drivers/STM32F4xx_HAL_Driver/Inc/Legacy -I../Drivers/CMSIS/Device/ST/STM32F4xx/Include -I../Drivers/CMSIS/Include -O0 -ffunction-sections -fdata-sections -Wall -fstack-usage -fcyclomatic-complexity -MMD -MP -MF"Core/Src/main.d" -MT"Core/Src/main.o" --specs=nano.specs -mfpu=fpv4-sp-d16 -mfloat-abi=hard -mthumb -o "Core/Src/main.o"
arm-none-eabi-gcc -o "ControlBoard.elf" @"objects.list"   -mcpu=cortex-m4 -T"D:\Stm32Project\SideProject\cubeide\car\ControlBoard\STM32F446RETX_FLASH.ld" --specs=nosys.specs -Wl,-Map="ControlBoard.map" -Wl,--gc-sections -static --specs=nano.specs -mfpu=fpv4-sp-d16 -mfloat-abi=hard -mthumb -Wl,--start-group -lc -lm -Wl,--end-group
Finished building target: ControlBoard.elf
 
arm-none-eabi-size  ControlBoard.elf 
arm-none-eabi-objdump -h -S ControlBoard.elf  > "ControlBoard.list"
   text	   data	    bss	    dec	    hex	filename
  17336	     44	   2020	  19400	   4bc8	ControlBoard.elf
Finished building: default.size.stdout
 
Finished building: ControlBoard.list
 

15:46:04 Build Finished. 0 errors, 0 warnings. (took 722ms)

