13:45:31 **** Incremental Build of configuration Debug for project ControlBoard ****
make -j20 all 
arm-none-eabi-gcc "../Hardware/Motor.c" -mcpu=cortex-m4 -std=gnu11 -g3 -DDEBUG -DUSE_HAL_DRIVER -DSTM32F446xx -c -I../Core/Inc -I"D:/Stm32Project/SideProject/cubeide/car/ControlBoard/Hardware" -I"D:/Stm32Project/SideProject/cubeide/car/ControlBoard/System" -I../Drivers/STM32F4xx_HAL_Driver/Inc -I../Drivers/STM32F4xx_HAL_Driver/Inc/Legacy -I../Drivers/CMSIS/Device/ST/STM32F4xx/Include -I../Drivers/CMSIS/Include -O0 -ffunction-sections -fdata-sections -Wall -fstack-usage -fcyclomatic-complexity -MMD -MP -MF"Hardware/Motor.d" -MT"Hardware/Motor.o" --specs=nano.specs -mfpu=fpv4-sp-d16 -mfloat-abi=hard -mthumb -o "Hardware/Motor.o"
arm-none-eabi-gcc -o "ControlBoard.elf" @"objects.list"   -mcpu=cortex-m4 -T"D:\Stm32Project\SideProject\cubeide\car\ControlBoard\STM32F446RETX_FLASH.ld" --specs=nosys.specs -Wl,-Map="ControlBoard.map" -Wl,--gc-sections -static --specs=nano.specs -mfpu=fpv4-sp-d16 -mfloat-abi=hard -mthumb -Wl,--start-group -lc -lm -Wl,--end-group
Finished building target: ControlBoard.elf
 
arm-none-eabi-size  ControlBoard.elf 
arm-none-eabi-objdump -h -S ControlBoard.elf  > "ControlBoard.list"
   text	   data	    bss	    dec	    hex	filename
  17368	     44	   2020	  19432	   4be8	ControlBoard.elf
Finished building: default.size.stdout
 
Finished building: ControlBoard.list
 
13:45:34 **** Incremental Build of configuration Debug for project ControlBoard ****
make -j20 all 
arm-none-eabi-size  ControlBoard.elf 
   text	   data	    bss	    dec	    hex	filename
  17368	     44	   2020	  19432	   4be8	ControlBoard.elf
Finished building: default.size.stdout
 
13:46:39 **** Incremental Build of configuration Debug for project ControlBoard ****
make -j20 all 
arm-none-eabi-gcc "../Core/Src/main.c" -mcpu=cortex-m4 -std=gnu11 -g3 -DDEBUG -DUSE_HAL_DRIVER -DSTM32F446xx -c -I../Core/Inc -I"D:/Stm32Project/SideProject/cubeide/car/ControlBoard/Hardware" -I"D:/Stm32Project/SideProject/cubeide/car/ControlBoard/System" -I../Drivers/STM32F4xx_HAL_Driver/Inc -I../Drivers/STM32F4xx_HAL_Driver/Inc/Legacy -I../Drivers/CMSIS/Device/ST/STM32F4xx/Include -I../Drivers/CMSIS/Include -O0 -ffunction-sections -fdata-sections -Wall -fstack-usage -fcyclomatic-complexity -MMD -MP -MF"Core/Src/main.d" -MT"Core/Src/main.o" --specs=nano.specs -mfpu=fpv4-sp-d16 -mfloat-abi=hard -mthumb -o "Core/Src/main.o"
arm-none-eabi-gcc -o "ControlBoard.elf" @"objects.list"   -mcpu=cortex-m4 -T"D:\Stm32Project\SideProject\cubeide\car\ControlBoard\STM32F446RETX_FLASH.ld" --specs=nosys.specs -Wl,-Map="ControlBoard.map" -Wl,--gc-sections -static --specs=nano.specs -mfpu=fpv4-sp-d16 -mfloat-abi=hard -mthumb -Wl,--start-group -lc -lm -Wl,--end-group
Finished building target: ControlBoard.elf
 
arm-none-eabi-size  ControlBoard.elf 
arm-none-eabi-objdump -h -S ControlBoard.elf  > "ControlBoard.list"
   text	   data	    bss	    dec	    hex	filename
  17372	     44	   2020	  19436	   4bec	ControlBoard.elf
Finished building: default.size.stdout
 
Finished building: ControlBoard.list
 
13:58:17 **** Incremental Build of configuration Debug for project ControlBoard ****
make -j20 all 
arm-none-eabi-gcc "../Core/Src/main.c" -mcpu=cortex-m4 -std=gnu11 -g3 -DDEBUG -DUSE_HAL_DRIVER -DSTM32F446xx -c -I../Core/Inc -I"D:/Stm32Project/SideProject/cubeide/car/ControlBoard/Hardware" -I"D:/Stm32Project/SideProject/cubeide/car/ControlBoard/System" -I../Drivers/STM32F4xx_HAL_Driver/Inc -I../Drivers/STM32F4xx_HAL_Driver/Inc/Legacy -I../Drivers/CMSIS/Device/ST/STM32F4xx/Include -I../Drivers/CMSIS/Include -O0 -ffunction-sections -fdata-sections -Wall -fstack-usage -fcyclomatic-complexity -MMD -MP -MF"Core/Src/main.d" -MT"Core/Src/main.o" --specs=nano.specs -mfpu=fpv4-sp-d16 -mfloat-abi=hard -mthumb -o "Core/Src/main.o"
../Core/Src/main.c: In function 'main':
../Core/Src/main.c:268:9: warning: 'z' may be used uninitialized [-Wmaybe-uninitialized]
  268 |         Motor_SetSpeed(2,z,w);
      |         ^~~~~~~~~~~~~~~~~~~~~
../Core/Src/main.c:265:15: note: 'z' was declared here
  265 |         float z,w;
      |               ^
../Core/Src/main.c:268:9: warning: 'w' may be used uninitialized [-Wmaybe-uninitialized]
  268 |         Motor_SetSpeed(2,z,w);
      |         ^~~~~~~~~~~~~~~~~~~~~
../Core/Src/main.c:265:17: note: 'w' was declared here
  265 |         float z,w;
      |                 ^
arm-none-eabi-gcc -o "ControlBoard.elf" @"objects.list"   -mcpu=cortex-m4 -T"D:\Stm32Project\SideProject\cubeide\car\ControlBoard\STM32F446RETX_FLASH.ld" --specs=nosys.specs -Wl,-Map="ControlBoard.map" -Wl,--gc-sections -static --specs=nano.specs -mfpu=fpv4-sp-d16 -mfloat-abi=hard -mthumb -Wl,--start-group -lc -lm -Wl,--end-group
Finished building target: ControlBoard.elf
 
arm-none-eabi-size  ControlBoard.elf 
arm-none-eabi-objdump -h -S ControlBoard.elf  > "ControlBoard.list"
   text	   data	    bss	    dec	    hex	filename
  17380	     44	   2020	  19444	   4bf4	ControlBoard.elf
Finished building: default.size.stdout
 
Finished building: ControlBoard.list
 
13:58:59 **** Incremental Build of configuration Debug for project ControlBoard ****
make -j20 all 
arm-none-eabi-gcc "../Core/Src/main.c" -mcpu=cortex-m4 -std=gnu11 -g3 -DDEBUG -DUSE_HAL_DRIVER -DSTM32F446xx -c -I../Core/Inc -I"D:/Stm32Project/SideProject/cubeide/car/ControlBoard/Hardware" -I"D:/Stm32Project/SideProject/cubeide/car/ControlBoard/System" -I../Drivers/STM32F4xx_HAL_Driver/Inc -I../Drivers/STM32F4xx_HAL_Driver/Inc/Legacy -I../Drivers/CMSIS/Device/ST/STM32F4xx/Include -I../Drivers/CMSIS/Include -O0 -ffunction-sections -fdata-sections -Wall -fstack-usage -fcyclomatic-complexity -MMD -MP -MF"Core/Src/main.d" -MT"Core/Src/main.o" --specs=nano.specs -mfpu=fpv4-sp-d16 -mfloat-abi=hard -mthumb -o "Core/Src/main.o"
arm-none-eabi-gcc -o "ControlBoard.elf" @"objects.list"   -mcpu=cortex-m4 -T"D:\Stm32Project\SideProject\cubeide\car\ControlBoard\STM32F446RETX_FLASH.ld" --specs=nosys.specs -Wl,-Map="ControlBoard.map" -Wl,--gc-sections -static --specs=nano.specs -mfpu=fpv4-sp-d16 -mfloat-abi=hard -mthumb -Wl,--start-group -lc -lm -Wl,--end-group
Finished building target: ControlBoard.elf
 
arm-none-eabi-size  ControlBoard.elf 
arm-none-eabi-objdump -h -S ControlBoard.elf  > "ControlBoard.list"
   text	   data	    bss	    dec	    hex	filename
  17396	     44	   2028	  19468	   4c0c	ControlBoard.elf
Finished building: default.size.stdout
 
Finished building: ControlBoard.list
 
14:04:50 **** Incremental Build of configuration Debug for project ControlBoard ****
make -j20 all 
arm-none-eabi-size  ControlBoard.elf 
   text	   data	    bss	    dec	    hex	filename
  17396	     44	   2028	  19468	   4c0c	ControlBoard.elf
Finished building: default.size.stdout
 
14:06:26 **** Incremental Build of configuration Debug for project ControlBoard ****
make -j20 all 
arm-none-eabi-gcc "../Core/Src/main.c" -mcpu=cortex-m4 -std=gnu11 -g3 -DDEBUG -DUSE_HAL_DRIVER -DSTM32F446xx -c -I../Core/Inc -I"D:/Stm32Project/SideProject/cubeide/car/ControlBoard/Hardware" -I"D:/Stm32Project/SideProject/cubeide/car/ControlBoard/System" -I../Drivers/STM32F4xx_HAL_Driver/Inc -I../Drivers/STM32F4xx_HAL_Driver/Inc/Legacy -I../Drivers/CMSIS/Device/ST/STM32F4xx/Include -I../Drivers/CMSIS/Include -O0 -ffunction-sections -fdata-sections -Wall -fstack-usage -fcyclomatic-complexity -MMD -MP -MF"Core/Src/main.d" -MT"Core/Src/main.o" --specs=nano.specs -mfpu=fpv4-sp-d16 -mfloat-abi=hard -mthumb -o "Core/Src/main.o"
arm-none-eabi-gcc -o "ControlBoard.elf" @"objects.list"   -mcpu=cortex-m4 -T"D:\Stm32Project\SideProject\cubeide\car\ControlBoard\STM32F446RETX_FLASH.ld" --specs=nosys.specs -Wl,-Map="ControlBoard.map" -Wl,--gc-sections -static --specs=nano.specs -mfpu=fpv4-sp-d16 -mfloat-abi=hard -mthumb -Wl,--start-group -lc -lm -Wl,--end-group
Finished building target: ControlBoard.elf
 
arm-none-eabi-size  ControlBoard.elf 
arm-none-eabi-objdump -h -S ControlBoard.elf  > "ControlBoard.list"
   text	   data	    bss	    dec	    hex	filename
  17420	     44	   2028	  19492	   4c24	ControlBoard.elf
Finished building: default.size.stdout
 
Finished building: ControlBoard.list
 
14:10:13 **** Incremental Build of configuration Debug for project ControlBoard ****
make -j20 all 
arm-none-eabi-gcc "../Core/Src/main.c" -mcpu=cortex-m4 -std=gnu11 -g3 -DDEBUG -DUSE_HAL_DRIVER -DSTM32F446xx -c -I../Core/Inc -I"D:/Stm32Project/SideProject/cubeide/car/ControlBoard/Hardware" -I"D:/Stm32Project/SideProject/cubeide/car/ControlBoard/System" -I../Drivers/STM32F4xx_HAL_Driver/Inc -I../Drivers/STM32F4xx_HAL_Driver/Inc/Legacy -I../Drivers/CMSIS/Device/ST/STM32F4xx/Include -I../Drivers/CMSIS/Include -O0 -ffunction-sections -fdata-sections -Wall -fstack-usage -fcyclomatic-complexity -MMD -MP -MF"Core/Src/main.d" -MT"Core/Src/main.o" --specs=nano.specs -mfpu=fpv4-sp-d16 -mfloat-abi=hard -mthumb -o "Core/Src/main.o"
arm-none-eabi-gcc -o "ControlBoard.elf" @"objects.list"   -mcpu=cortex-m4 -T"D:\Stm32Project\SideProject\cubeide\car\ControlBoard\STM32F446RETX_FLASH.ld" --specs=nosys.specs -Wl,-Map="ControlBoard.map" -Wl,--gc-sections -static --specs=nano.specs -mfpu=fpv4-sp-d16 -mfloat-abi=hard -mthumb -Wl,--start-group -lc -lm -Wl,--end-group
Finished building target: ControlBoard.elf
 
arm-none-eabi-size  ControlBoard.elf 
arm-none-eabi-objdump -h -S ControlBoard.elf  > "ControlBoard.list"
   text	   data	    bss	    dec	    hex	filename
  17436	     44	   2028	  19508	   4c34	ControlBoard.elf
Finished building: default.size.stdout
 
Finished building: ControlBoard.list
 
14:18:28 **** Incremental Build of configuration Debug for project ControlBoard ****
make -j20 all 
arm-none-eabi-size  ControlBoard.elf 
   text	   data	    bss	    dec	    hex	filename
  17436	     44	   2028	  19508	   4c34	ControlBoard.elf
Finished building: default.size.stdout
 
14:58:45 **** Incremental Build of configuration Debug for project ControlBoard ****
make -j20 all 
arm-none-eabi-gcc "../Core/Src/main.c" -mcpu=cortex-m4 -std=gnu11 -g3 -DDEBUG -DUSE_HAL_DRIVER -DSTM32F446xx -c -I../Core/Inc -I"D:/Stm32Project/SideProject/cubeide/car/ControlBoard/Hardware" -I"D:/Stm32Project/SideProject/cubeide/car/ControlBoard/System" -I../Drivers/STM32F4xx_HAL_Driver/Inc -I../Drivers/STM32F4xx_HAL_Driver/Inc/Legacy -I../Drivers/CMSIS/Device/ST/STM32F4xx/Include -I../Drivers/CMSIS/Include -O0 -ffunction-sections -fdata-sections -Wall -fstack-usage -fcyclomatic-complexity -MMD -MP -MF"Core/Src/main.d" -MT"Core/Src/main.o" --specs=nano.specs -mfpu=fpv4-sp-d16 -mfloat-abi=hard -mthumb -o "Core/Src/main.o"
arm-none-eabi-gcc -o "ControlBoard.elf" @"objects.list"   -mcpu=cortex-m4 -T"D:\Stm32Project\SideProject\cubeide\car\ControlBoard\STM32F446RETX_FLASH.ld" --specs=nosys.specs -Wl,-Map="ControlBoard.map" -Wl,--gc-sections -static --specs=nano.specs -mfpu=fpv4-sp-d16 -mfloat-abi=hard -mthumb -Wl,--start-group -lc -lm -Wl,--end-group
Finished building target: ControlBoard.elf
 
arm-none-eabi-size  ControlBoard.elf 
arm-none-eabi-objdump -h -S ControlBoard.elf  > "ControlBoard.list"
   text	   data	    bss	    dec	    hex	filename
  17284	     44	   2020	  19348	   4b94	ControlBoard.elf
Finished building: default.size.stdout
 
Finished building: ControlBoard.list
 
15:01:25 **** Incremental Build of configuration Debug for project ControlBoard ****
make -j20 all 
arm-none-eabi-size  ControlBoard.elf 
   text	   data	    bss	    dec	    hex	filename
  17284	     44	   2020	  19348	   4b94	ControlBoard.elf
Finished building: default.size.stdout
 
15:07:01 **** Incremental Build of configuration Debug for project ControlBoard ****
make -j20 all 
arm-none-eabi-gcc "../Core/Src/main.c" -mcpu=cortex-m4 -std=gnu11 -g3 -DDEBUG -DUSE_HAL_DRIVER -DSTM32F446xx -c -I../Core/Inc -I"D:/Stm32Project/SideProject/cubeide/car/ControlBoard/Hardware" -I"D:/Stm32Project/SideProject/cubeide/car/ControlBoard/System" -I../Drivers/STM32F4xx_HAL_Driver/Inc -I../Drivers/STM32F4xx_HAL_Driver/Inc/Legacy -I../Drivers/CMSIS/Device/ST/STM32F4xx/Include -I../Drivers/CMSIS/Include -O0 -ffunction-sections -fdata-sections -Wall -fstack-usage -fcyclomatic-complexity -MMD -MP -MF"Core/Src/main.d" -MT"Core/Src/main.o" --specs=nano.specs -mfpu=fpv4-sp-d16 -mfloat-abi=hard -mthumb -o "Core/Src/main.o"
arm-none-eabi-gcc -o "ControlBoard.elf" @"objects.list"   -mcpu=cortex-m4 -T"D:\Stm32Project\SideProject\cubeide\car\ControlBoard\STM32F446RETX_FLASH.ld" --specs=nosys.specs -Wl,-Map="ControlBoard.map" -Wl,--gc-sections -static --specs=nano.specs -mfpu=fpv4-sp-d16 -mfloat-abi=hard -mthumb -Wl,--start-group -lc -lm -Wl,--end-group
Finished building target: ControlBoard.elf
 
arm-none-eabi-size  ControlBoard.elf 
arm-none-eabi-objdump -h -S ControlBoard.elf  > "ControlBoard.list"
   text	   data	    bss	    dec	    hex	filename
  16808	     32	   2008	  18848	   49a0	ControlBoard.elf
Finished building: default.size.stdout
 
Finished building: ControlBoard.list
 
15:09:34 **** Incremental Build of configuration Debug for project ControlBoard ****
make -j20 all 
arm-none-eabi-size  ControlBoard.elf 
   text	   data	    bss	    dec	    hex	filename
  16808	     32	   2008	  18848	   49a0	ControlBoard.elf
Finished building: default.size.stdout
 
15:09:57 **** Incremental Build of configuration Debug for project ControlBoard ****
make -j20 all 
arm-none-eabi-size  ControlBoard.elf 
   text	   data	    bss	    dec	    hex	filename
  16808	     32	   2008	  18848	   49a0	ControlBoard.elf
Finished building: default.size.stdout
 
15:10:35 **** Incremental Build of configuration Debug for project ControlBoard ****
make -j20 all 
arm-none-eabi-size  ControlBoard.elf 
   text	   data	    bss	    dec	    hex	filename
  16808	     32	   2008	  18848	   49a0	ControlBoard.elf
Finished building: default.size.stdout
 
15:11:32 **** Incremental Build of configuration Debug for project ControlBoard ****
make -j20 all 
arm-none-eabi-size  ControlBoard.elf 
   text	   data	    bss	    dec	    hex	filename
  16808	     32	   2008	  18848	   49a0	ControlBoard.elf
Finished building: default.size.stdout
 
15:11:56 **** Incremental Build of configuration Debug for project ControlBoard ****
make -j20 all 
arm-none-eabi-size  ControlBoard.elf 
   text	   data	    bss	    dec	    hex	filename
  16808	     32	   2008	  18848	   49a0	ControlBoard.elf
Finished building: default.size.stdout
 
15:12:51 **** Incremental Build of configuration Debug for project ControlBoard ****
make -j20 all 
arm-none-eabi-size  ControlBoard.elf 
   text	   data	    bss	    dec	    hex	filename
  16808	     32	   2008	  18848	   49a0	ControlBoard.elf
Finished building: default.size.stdout
 
15:14:39 **** Incremental Build of configuration Debug for project ControlBoard ****
make -j20 all 
arm-none-eabi-gcc "../Core/Src/main.c" -mcpu=cortex-m4 -std=gnu11 -g3 -DDEBUG -DUSE_HAL_DRIVER -DSTM32F446xx -c -I../Core/Inc -I"D:/Stm32Project/SideProject/cubeide/car/ControlBoard/Hardware" -I"D:/Stm32Project/SideProject/cubeide/car/ControlBoard/System" -I../Drivers/STM32F4xx_HAL_Driver/Inc -I../Drivers/STM32F4xx_HAL_Driver/Inc/Legacy -I../Drivers/CMSIS/Device/ST/STM32F4xx/Include -I../Drivers/CMSIS/Include -O0 -ffunction-sections -fdata-sections -Wall -fstack-usage -fcyclomatic-complexity -MMD -MP -MF"Core/Src/main.d" -MT"Core/Src/main.o" --specs=nano.specs -mfpu=fpv4-sp-d16 -mfloat-abi=hard -mthumb -o "Core/Src/main.o"
arm-none-eabi-gcc -o "ControlBoard.elf" @"objects.list"   -mcpu=cortex-m4 -T"D:\Stm32Project\SideProject\cubeide\car\ControlBoard\STM32F446RETX_FLASH.ld" --specs=nosys.specs -Wl,-Map="ControlBoard.map" -Wl,--gc-sections -static --specs=nano.specs -mfpu=fpv4-sp-d16 -mfloat-abi=hard -mthumb -Wl,--start-group -lc -lm -Wl,--end-group
Finished building target: ControlBoard.elf
 
arm-none-eabi-size  ControlBoard.elf 
arm-none-eabi-objdump -h -S ControlBoard.elf  > "ControlBoard.list"
   text	   data	    bss	    dec	    hex	filename
  16792	     32	   2008	  18832	   4990	ControlBoard.elf
Finished building: default.size.stdout
 
Finished building: ControlBoard.list
 
15:17:29 **** Incremental Build of configuration Debug for project ControlBoard ****
make -j20 all 
arm-none-eabi-gcc "../Core/Src/main.c" -mcpu=cortex-m4 -std=gnu11 -g3 -DDEBUG -DUSE_HAL_DRIVER -DSTM32F446xx -c -I../Core/Inc -I"D:/Stm32Project/SideProject/cubeide/car/ControlBoard/Hardware" -I"D:/Stm32Project/SideProject/cubeide/car/ControlBoard/System" -I../Drivers/STM32F4xx_HAL_Driver/Inc -I../Drivers/STM32F4xx_HAL_Driver/Inc/Legacy -I../Drivers/CMSIS/Device/ST/STM32F4xx/Include -I../Drivers/CMSIS/Include -O0 -ffunction-sections -fdata-sections -Wall -fstack-usage -fcyclomatic-complexity -MMD -MP -MF"Core/Src/main.d" -MT"Core/Src/main.o" --specs=nano.specs -mfpu=fpv4-sp-d16 -mfloat-abi=hard -mthumb -o "Core/Src/main.o"
arm-none-eabi-gcc -o "ControlBoard.elf" @"objects.list"   -mcpu=cortex-m4 -T"D:\Stm32Project\SideProject\cubeide\car\ControlBoard\STM32F446RETX_FLASH.ld" --specs=nosys.specs -Wl,-Map="ControlBoard.map" -Wl,--gc-sections -static --specs=nano.specs -mfpu=fpv4-sp-d16 -mfloat-abi=hard -mthumb -Wl,--start-group -lc -lm -Wl,--end-group
Finished building target: ControlBoard.elf
 
arm-none-eabi-size  ControlBoard.elf 
arm-none-eabi-objdump -h -S ControlBoard.elf  > "ControlBoard.list"
   text	   data	    bss	    dec	    hex	filename
  17008	     36	   2020	  19064	   4a78	ControlBoard.elf
Finished building: default.size.stdout
 
Finished building: ControlBoard.list
 
15:21:32 **** Incremental Build of configuration Debug for project ControlBoard ****
make -j20 all 
arm-none-eabi-gcc "../Core/Src/main.c" -mcpu=cortex-m4 -std=gnu11 -g3 -DDEBUG -DUSE_HAL_DRIVER -DSTM32F446xx -c -I../Core/Inc -I"D:/Stm32Project/SideProject/cubeide/car/ControlBoard/Hardware" -I"D:/Stm32Project/SideProject/cubeide/car/ControlBoard/System" -I../Drivers/STM32F4xx_HAL_Driver/Inc -I../Drivers/STM32F4xx_HAL_Driver/Inc/Legacy -I../Drivers/CMSIS/Device/ST/STM32F4xx/Include -I../Drivers/CMSIS/Include -O0 -ffunction-sections -fdata-sections -Wall -fstack-usage -fcyclomatic-complexity -MMD -MP -MF"Core/Src/main.d" -MT"Core/Src/main.o" --specs=nano.specs -mfpu=fpv4-sp-d16 -mfloat-abi=hard -mthumb -o "Core/Src/main.o"
arm-none-eabi-gcc -o "ControlBoard.elf" @"objects.list"   -mcpu=cortex-m4 -T"D:\Stm32Project\SideProject\cubeide\car\ControlBoard\STM32F446RETX_FLASH.ld" --specs=nosys.specs -Wl,-Map="ControlBoard.map" -Wl,--gc-sections -static --specs=nano.specs -mfpu=fpv4-sp-d16 -mfloat-abi=hard -mthumb -Wl,--start-group -lc -lm -Wl,--end-group
Finished building target: ControlBoard.elf
 
arm-none-eabi-size  ControlBoard.elf 
arm-none-eabi-objdump -h -S ControlBoard.elf  > "ControlBoard.list"
   text	   data	    bss	    dec	    hex	filename
  17048	     36	   2020	  19104	   4aa0	ControlBoard.elf
Finished building: default.size.stdout
 
Finished building: ControlBoard.list
 
15:27:00 **** Incremental Build of configuration Debug for project ControlBoard ****
make -j20 all 
arm-none-eabi-gcc "../Core/Src/main.c" -mcpu=cortex-m4 -std=gnu11 -g3 -DDEBUG -DUSE_HAL_DRIVER -DSTM32F446xx -c -I../Core/Inc -I"D:/Stm32Project/SideProject/cubeide/car/ControlBoard/Hardware" -I"D:/Stm32Project/SideProject/cubeide/car/ControlBoard/System" -I../Drivers/STM32F4xx_HAL_Driver/Inc -I../Drivers/STM32F4xx_HAL_Driver/Inc/Legacy -I../Drivers/CMSIS/Device/ST/STM32F4xx/Include -I../Drivers/CMSIS/Include -O0 -ffunction-sections -fdata-sections -Wall -fstack-usage -fcyclomatic-complexity -MMD -MP -MF"Core/Src/main.d" -MT"Core/Src/main.o" --specs=nano.specs -mfpu=fpv4-sp-d16 -mfloat-abi=hard -mthumb -o "Core/Src/main.o"
arm-none-eabi-gcc -o "ControlBoard.elf" @"objects.list"   -mcpu=cortex-m4 -T"D:\Stm32Project\SideProject\cubeide\car\ControlBoard\STM32F446RETX_FLASH.ld" --specs=nosys.specs -Wl,-Map="ControlBoard.map" -Wl,--gc-sections -static --specs=nano.specs -mfpu=fpv4-sp-d16 -mfloat-abi=hard -mthumb -Wl,--start-group -lc -lm -Wl,--end-group
Finished building target: ControlBoard.elf
 
arm-none-eabi-size  ControlBoard.elf 
arm-none-eabi-objdump -h -S ControlBoard.elf  > "ControlBoard.list"
   text	   data	    bss	    dec	    hex	filename
  17048	     36	   2020	  19104	   4aa0	ControlBoard.elf
Finished building: default.size.stdout
 
Finished building: ControlBoard.list
 
15:28:32 **** Incremental Build of configuration Debug for project ControlBoard ****
make -j20 all 
arm-none-eabi-gcc "../Core/Src/main.c" -mcpu=cortex-m4 -std=gnu11 -g3 -DDEBUG -DUSE_HAL_DRIVER -DSTM32F446xx -c -I../Core/Inc -I"D:/Stm32Project/SideProject/cubeide/car/ControlBoard/Hardware" -I"D:/Stm32Project/SideProject/cubeide/car/ControlBoard/System" -I../Drivers/STM32F4xx_HAL_Driver/Inc -I../Drivers/STM32F4xx_HAL_Driver/Inc/Legacy -I../Drivers/CMSIS/Device/ST/STM32F4xx/Include -I../Drivers/CMSIS/Include -O0 -ffunction-sections -fdata-sections -Wall -fstack-usage -fcyclomatic-complexity -MMD -MP -MF"Core/Src/main.d" -MT"Core/Src/main.o" --specs=nano.specs -mfpu=fpv4-sp-d16 -mfloat-abi=hard -mthumb -o "Core/Src/main.o"
arm-none-eabi-gcc -o "ControlBoard.elf" @"objects.list"   -mcpu=cortex-m4 -T"D:\Stm32Project\SideProject\cubeide\car\ControlBoard\STM32F446RETX_FLASH.ld" --specs=nosys.specs -Wl,-Map="ControlBoard.map" -Wl,--gc-sections -static --specs=nano.specs -mfpu=fpv4-sp-d16 -mfloat-abi=hard -mthumb -Wl,--start-group -lc -lm -Wl,--end-group
Finished building target: ControlBoard.elf
 
arm-none-eabi-size  ControlBoard.elf 
arm-none-eabi-objdump -h -S ControlBoard.elf  > "ControlBoard.list"
   text	   data	    bss	    dec	    hex	filename
  17068	     36	   2020	  19124	   4ab4	ControlBoard.elf
Finished building: default.size.stdout
 
Finished building: ControlBoard.list
 
15:35:18 **** Incremental Build of configuration Debug for project ControlBoard ****
make -j20 all 
arm-none-eabi-size  ControlBoard.elf 
   text	   data	    bss	    dec	    hex	filename
  17068	     36	   2020	  19124	   4ab4	ControlBoard.elf
Finished building: default.size.stdout
 
15:37:38 **** Incremental Build of configuration Debug for project ControlBoard ****
make -j20 all 
arm-none-eabi-size  ControlBoard.elf 
   text	   data	    bss	    dec	    hex	filename
  17068	     36	   2020	  19124	   4ab4	ControlBoard.elf
Finished building: default.size.stdout
 
15:39:50 **** Incremental Build of configuration Debug for project ControlBoard ****
make -j20 all 
arm-none-eabi-gcc "../Core/Src/main.c" -mcpu=cortex-m4 -std=gnu11 -g3 -DDEBUG -DUSE_HAL_DRIVER -DSTM32F446xx -c -I../Core/Inc -I"D:/Stm32Project/SideProject/cubeide/car/ControlBoard/Hardware" -I"D:/Stm32Project/SideProject/cubeide/car/ControlBoard/System" -I../Drivers/STM32F4xx_HAL_Driver/Inc -I../Drivers/STM32F4xx_HAL_Driver/Inc/Legacy -I../Drivers/CMSIS/Device/ST/STM32F4xx/Include -I../Drivers/CMSIS/Include -O0 -ffunction-sections -fdata-sections -Wall -fstack-usage -fcyclomatic-complexity -MMD -MP -MF"Core/Src/main.d" -MT"Core/Src/main.o" --specs=nano.specs -mfpu=fpv4-sp-d16 -mfloat-abi=hard -mthumb -o "Core/Src/main.o"
arm-none-eabi-gcc -o "ControlBoard.elf" @"objects.list"   -mcpu=cortex-m4 -T"D:\Stm32Project\SideProject\cubeide\car\ControlBoard\STM32F446RETX_FLASH.ld" --specs=nosys.specs -Wl,-Map="ControlBoard.map" -Wl,--gc-sections -static --specs=nano.specs -mfpu=fpv4-sp-d16 -mfloat-abi=hard -mthumb -Wl,--start-group -lc -lm -Wl,--end-group
Finished building target: ControlBoard.elf
 
arm-none-eabi-size  ControlBoard.elf 
arm-none-eabi-objdump -h -S ControlBoard.elf  > "ControlBoard.list"
   text	   data	    bss	    dec	    hex	filename
  17316	     44	   2020	  19380	   4bb4	ControlBoard.elf
Finished building: default.size.stdout
 
Finished building: ControlBoard.list
 
15:46:04 **** Incremental Build of configuration Debug for project ControlBoard ****
make -j20 all 
arm-none-eabi-gcc "../Core/Src/main.c" -mcpu=cortex-m4 -std=gnu11 -g3 -DDEBUG -DUSE_HAL_DRIVER -DSTM32F446xx -c -I../Core/Inc -I"D:/Stm32Project/SideProject/cubeide/car/ControlBoard/Hardware" -I"D:/Stm32Project/SideProject/cubeide/car/ControlBoard/System" -I../Drivers/STM32F4xx_HAL_Driver/Inc -I../Drivers/STM32F4xx_HAL_Driver/Inc/Legacy -I../Drivers/CMSIS/Device/ST/STM32F4xx/Include -I../Drivers/CMSIS/Include -O0 -ffunction-sections -fdata-sections -Wall -fstack-usage -fcyclomatic-complexity -MMD -MP -MF"Core/Src/main.d" -MT"Core/Src/main.o" --specs=nano.specs -mfpu=fpv4-sp-d16 -mfloat-abi=hard -mthumb -o "Core/Src/main.o"
arm-none-eabi-gcc -o "ControlBoard.elf" @"objects.list"   -mcpu=cortex-m4 -T"D:\Stm32Project\SideProject\cubeide\car\ControlBoard\STM32F446RETX_FLASH.ld" --specs=nosys.specs -Wl,-Map="ControlBoard.map" -Wl,--gc-sections -static --specs=nano.specs -mfpu=fpv4-sp-d16 -mfloat-abi=hard -mthumb -Wl,--start-group -lc -lm -Wl,--end-group
Finished building target: ControlBoard.elf
 
arm-none-eabi-size  ControlBoard.elf 
arm-none-eabi-objdump -h -S ControlBoard.elf  > "ControlBoard.list"
   text	   data	    bss	    dec	    hex	filename
  17336	     44	   2020	  19400	   4bc8	ControlBoard.elf
Finished building: default.size.stdout
 
Finished building: ControlBoard.list
 
