Archive member included to satisfy reference by file (symbol)

C:/ST/STM32CubeIDE_1.17.0/STM32CubeIDE/plugins/com.st.stm32cube.ide.mcu.externaltools.gnu-tools-for-stm32.12.3.rel1.win32_1.1.0.202410251130/tools/bin/../lib/gcc/arm-none-eabi/12.3.1/../../../../arm-none-eabi/lib/thumb/v7e-m+fp/hard\libc_nano.a(libc_a-exit.o)
                              C:/ST/STM32CubeIDE_1.17.0/STM32CubeIDE/plugins/com.st.stm32cube.ide.mcu.externaltools.gnu-tools-for-stm32.12.3.rel1.win32_1.1.0.202410251130/tools/bin/../lib/gcc/arm-none-eabi/12.3.1/../../../../arm-none-eabi/lib/thumb/v7e-m+fp/hard/crt0.o (exit)
C:/ST/STM32CubeIDE_1.17.0/STM32CubeIDE/plugins/com.st.stm32cube.ide.mcu.externaltools.gnu-tools-for-stm32.12.3.rel1.win32_1.1.0.202410251130/tools/bin/../lib/gcc/arm-none-eabi/12.3.1/../../../../arm-none-eabi/lib/thumb/v7e-m+fp/hard\libc_nano.a(libc_a-findfp.o)
                              C:/ST/STM32CubeIDE_1.17.0/STM32CubeIDE/plugins/com.st.stm32cube.ide.mcu.externaltools.gnu-tools-for-stm32.12.3.rel1.win32_1.1.0.202410251130/tools/bin/../lib/gcc/arm-none-eabi/12.3.1/../../../../arm-none-eabi/lib/thumb/v7e-m+fp/hard\libc_nano.a(libc_a-exit.o) (__stdio_exit_handler)
C:/ST/STM32CubeIDE_1.17.0/STM32CubeIDE/plugins/com.st.stm32cube.ide.mcu.externaltools.gnu-tools-for-stm32.12.3.rel1.win32_1.1.0.202410251130/tools/bin/../lib/gcc/arm-none-eabi/12.3.1/../../../../arm-none-eabi/lib/thumb/v7e-m+fp/hard\libc_nano.a(libc_a-fwalk.o)
                              C:/ST/STM32CubeIDE_1.17.0/STM32CubeIDE/plugins/com.st.stm32cube.ide.mcu.externaltools.gnu-tools-for-stm32.12.3.rel1.win32_1.1.0.202410251130/tools/bin/../lib/gcc/arm-none-eabi/12.3.1/../../../../arm-none-eabi/lib/thumb/v7e-m+fp/hard\libc_nano.a(libc_a-findfp.o) (_fwalk_sglue)
C:/ST/STM32CubeIDE_1.17.0/STM32CubeIDE/plugins/com.st.stm32cube.ide.mcu.externaltools.gnu-tools-for-stm32.12.3.rel1.win32_1.1.0.202410251130/tools/bin/../lib/gcc/arm-none-eabi/12.3.1/../../../../arm-none-eabi/lib/thumb/v7e-m+fp/hard\libc_nano.a(libc_a-stdio.o)
                              C:/ST/STM32CubeIDE_1.17.0/STM32CubeIDE/plugins/com.st.stm32cube.ide.mcu.externaltools.gnu-tools-for-stm32.12.3.rel1.win32_1.1.0.202410251130/tools/bin/../lib/gcc/arm-none-eabi/12.3.1/../../../../arm-none-eabi/lib/thumb/v7e-m+fp/hard\libc_nano.a(libc_a-findfp.o) (__sread)
C:/ST/STM32CubeIDE_1.17.0/STM32CubeIDE/plugins/com.st.stm32cube.ide.mcu.externaltools.gnu-tools-for-stm32.12.3.rel1.win32_1.1.0.202410251130/tools/bin/../lib/gcc/arm-none-eabi/12.3.1/../../../../arm-none-eabi/lib/thumb/v7e-m+fp/hard\libc_nano.a(libc_a-vsprintf.o)
                              ./Hardware/UART1.o (vsprintf)
C:/ST/STM32CubeIDE_1.17.0/STM32CubeIDE/plugins/com.st.stm32cube.ide.mcu.externaltools.gnu-tools-for-stm32.12.3.rel1.win32_1.1.0.202410251130/tools/bin/../lib/gcc/arm-none-eabi/12.3.1/../../../../arm-none-eabi/lib/thumb/v7e-m+fp/hard\libc_nano.a(libc_a-memset.o)
                              C:/ST/STM32CubeIDE_1.17.0/STM32CubeIDE/plugins/com.st.stm32cube.ide.mcu.externaltools.gnu-tools-for-stm32.12.3.rel1.win32_1.1.0.202410251130/tools/bin/../lib/gcc/arm-none-eabi/12.3.1/../../../../arm-none-eabi/lib/thumb/v7e-m+fp/hard/crt0.o (memset)
C:/ST/STM32CubeIDE_1.17.0/STM32CubeIDE/plugins/com.st.stm32cube.ide.mcu.externaltools.gnu-tools-for-stm32.12.3.rel1.win32_1.1.0.202410251130/tools/bin/../lib/gcc/arm-none-eabi/12.3.1/../../../../arm-none-eabi/lib/thumb/v7e-m+fp/hard\libc_nano.a(libc_a-closer.o)
                              C:/ST/STM32CubeIDE_1.17.0/STM32CubeIDE/plugins/com.st.stm32cube.ide.mcu.externaltools.gnu-tools-for-stm32.12.3.rel1.win32_1.1.0.202410251130/tools/bin/../lib/gcc/arm-none-eabi/12.3.1/../../../../arm-none-eabi/lib/thumb/v7e-m+fp/hard\libc_nano.a(libc_a-stdio.o) (_close_r)
C:/ST/STM32CubeIDE_1.17.0/STM32CubeIDE/plugins/com.st.stm32cube.ide.mcu.externaltools.gnu-tools-for-stm32.12.3.rel1.win32_1.1.0.202410251130/tools/bin/../lib/gcc/arm-none-eabi/12.3.1/../../../../arm-none-eabi/lib/thumb/v7e-m+fp/hard\libc_nano.a(libc_a-reent.o)
                              C:/ST/STM32CubeIDE_1.17.0/STM32CubeIDE/plugins/com.st.stm32cube.ide.mcu.externaltools.gnu-tools-for-stm32.12.3.rel1.win32_1.1.0.202410251130/tools/bin/../lib/gcc/arm-none-eabi/12.3.1/../../../../arm-none-eabi/lib/thumb/v7e-m+fp/hard\libc_nano.a(libc_a-closer.o) (errno)
C:/ST/STM32CubeIDE_1.17.0/STM32CubeIDE/plugins/com.st.stm32cube.ide.mcu.externaltools.gnu-tools-for-stm32.12.3.rel1.win32_1.1.0.202410251130/tools/bin/../lib/gcc/arm-none-eabi/12.3.1/../../../../arm-none-eabi/lib/thumb/v7e-m+fp/hard\libc_nano.a(libc_a-impure.o)
                              C:/ST/STM32CubeIDE_1.17.0/STM32CubeIDE/plugins/com.st.stm32cube.ide.mcu.externaltools.gnu-tools-for-stm32.12.3.rel1.win32_1.1.0.202410251130/tools/bin/../lib/gcc/arm-none-eabi/12.3.1/../../../../arm-none-eabi/lib/thumb/v7e-m+fp/hard\libc_nano.a(libc_a-vsprintf.o) (_impure_ptr)
[...]
Memory Configuration

Name             Origin             Length             Attributes
RAM              0x20000000         0x00020000         xrw
FLASH            0x08000000         0x00080000         xr
*default*        0x00000000         0xffffffff

Linker script and memory map

LOAD C:/ST/STM32CubeIDE_1.17.0/STM32CubeIDE/plugins/com.st.stm32cube.ide.mcu.externaltools.gnu-tools-for-stm32.12.3.rel1.win32_1.1.0.202410251130/tools/bin/../lib/gcc/arm-none-eabi/12.3.1/thumb/v7e-m+fp/hard/crti.o
LOAD C:/ST/STM32CubeIDE_1.17.0/STM32CubeIDE/plugins/com.st.stm32cube.ide.mcu.externaltools.gnu-tools-for-stm32.12.3.rel1.win32_1.1.0.202410251130/tools/bin/../lib/gcc/arm-none-eabi/12.3.1/thumb/v7e-m+fp/hard/crtbegin.o
LOAD C:/ST/STM32CubeIDE_1.17.0/STM32CubeIDE/plugins/com.st.stm32cube.ide.mcu.externaltools.gnu-tools-for-stm32.12.3.rel1.win32_1.1.0.202410251130/tools/bin/../lib/gcc/arm-none-eabi/12.3.1/../../../../arm-none-eabi/lib/thumb/v7e-m+fp/hard/crt0.o
LOAD ./Core/Src/freertos.o
LOAD ./Core/Src/main.o
LOAD ./Core/Src/stm32f4xx_hal_msp.o
LOAD ./Core/Src/stm32f4xx_it.o
LOAD ./Core/Src/syscalls.o
LOAD ./Core/Src/sysmem.o
LOAD ./Core/Src/system_stm32f4xx.o
LOAD ./Core/Startup/startup_stm32f446retx.o
LOAD ./Drivers/STM32F4xx_HAL_Driver/Src/stm32f4xx_hal.o
LOAD ./Drivers/STM32F4xx_HAL_Driver/Src/stm32f4xx_hal_cortex.o
LOAD ./Drivers/STM32F4xx_HAL_Driver/Src/stm32f4xx_hal_dma.o
LOAD ./Drivers/STM32F4xx_HAL_Driver/Src/stm32f4xx_hal_dma_ex.o
LOAD ./Drivers/STM32F4xx_HAL_Driver/Src/stm32f4xx_hal_exti.o
LOAD ./Drivers/STM32F4xx_HAL_Driver/Src/stm32f4xx_hal_flash.o
LOAD ./Drivers/STM32F4xx_HAL_Driver/Src/stm32f4xx_hal_flash_ex.o
LOAD ./Drivers/STM32F4xx_HAL_Driver/Src/stm32f4xx_hal_flash_ramfunc.o
LOAD ./Drivers/STM32F4xx_HAL_Driver/Src/stm32f4xx_hal_gpio.o
LOAD ./Drivers/STM32F4xx_HAL_Driver/Src/stm32f4xx_hal_pwr.o
LOAD ./Drivers/STM32F4xx_HAL_Driver/Src/stm32f4xx_hal_pwr_ex.o
LOAD ./Drivers/STM32F4xx_HAL_Driver/Src/stm32f4xx_hal_rcc.o
LOAD ./Drivers/STM32F4xx_HAL_Driver/Src/stm32f4xx_hal_rcc_ex.o
LOAD ./Drivers/STM32F4xx_HAL_Driver/Src/stm32f4xx_hal_uart.o
LOAD ./Hardware/ADC.o
LOAD ./Hardware/Encoder.o
LOAD ./Hardware/Motor.o
LOAD ./Hardware/OLED.o
LOAD ./Hardware/PWM1.o
LOAD ./Hardware/PWM2.o
LOAD ./Hardware/PWM3.o
LOAD ./Hardware/PWM4.o
LOAD ./Hardware/UART1.o
LOAD ./Hardware/UART2.o
LOAD ./Middlewares/Third_Party/FreeRTOS/Source/CMSIS_RTOS_V2/cmsis_os2.o
LOAD ./Middlewares/Third_Party/FreeRTOS/Source/croutine.o
LOAD ./Middlewares/Third_Party/FreeRTOS/Source/event_groups.o
LOAD ./Middlewares/Third_Party/FreeRTOS/Source/list.o
LOAD ./Middlewares/Third_Party/FreeRTOS/Source/queue.o
LOAD ./Middlewares/Third_Party/FreeRTOS/Source/stream_buffer.o
LOAD ./Middlewares/Third_Party/FreeRTOS/Source/tasks.o
LOAD ./Middlewares/Third_Party/FreeRTOS/Source/timers.o
LOAD ./Middlewares/Third_Party/FreeRTOS/Source/portable/GCC/ARM_CM4F/port.o
LOAD ./Middlewares/Third_Party/FreeRTOS/Source/portable/MemMang/heap_4.o
LOAD ./System/Delay.o
LOAD ./System/Timer.o
LOAD ./System/pid.o
START GROUP
LOAD C:/ST/STM32CubeIDE_1.17.0/STM32CubeIDE/plugins/com.st.stm32cube.ide.mcu.externaltools.gnu-tools-for-stm32.12.3.rel1.win32_1.1.0.202410251130/tools/bin/../lib/gcc/arm-none-eabi/12.3.1/../../../../arm-none-eabi/lib/thumb/v7e-m+fp/hard\libc_nano.a
LOAD C:/ST/STM32CubeIDE_1.17.0/STM32CubeIDE/plugins/com.st.stm32cube.ide.mcu.externaltools.gnu-tools-for-stm32.12.3.rel1.win32_1.1.0.202410251130/tools/bin/../lib/gcc/arm-none-eabi/12.3.1/../../../../arm-none-eabi/lib/thumb/v7e-m+fp/hard\libm.a
END GROUP
START GROUP
LOAD C:/ST/STM32CubeIDE_1.17.0/STM32CubeIDE/plugins/com.st.stm32cube.ide.mcu.externaltools.gnu-tools-for-stm32.12.3.rel1.win32_1.1.0.202410251130/tools/bin/../lib/gcc/arm-none-eabi/12.3.1/thumb/v7e-m+fp/hard\libgcc.a
LOAD C:/ST/STM32CubeIDE_1.17.0/STM32CubeIDE/plugins/com.st.stm32cube.ide.mcu.externaltools.gnu-tools-for-stm32.12.3.rel1.win32_1.1.0.202410251130/tools/bin/../lib/gcc/arm-none-eabi/12.3.1/../../../../arm-none-eabi/lib/thumb/v7e-m+fp/hard\libc_nano.a
END GROUP
START GROUP
LOAD C:/ST/STM32CubeIDE_1.17.0/STM32CubeIDE/plugins/com.st.stm32cube.ide.mcu.externaltools.gnu-tools-for-stm32.12.3.rel1.win32_1.1.0.202410251130/tools/bin/../lib/gcc/arm-none-eabi/12.3.1/thumb/v7e-m+fp/hard\libgcc.a
LOAD C:/ST/STM32CubeIDE_1.17.0/STM32CubeIDE/plugins/com.st.stm32cube.ide.mcu.externaltools.gnu-tools-for-stm32.12.3.rel1.win32_1.1.0.202410251130/tools/bin/../lib/gcc/arm-none-eabi/12.3.1/../../../../arm-none-eabi/lib/thumb/v7e-m+fp/hard\libc_nano.a
LOAD C:/ST/STM32CubeIDE_1.17.0/STM32CubeIDE/plugins/com.st.stm32cube.ide.mcu.externaltools.gnu-tools-for-stm32.12.3.rel1.win32_1.1.0.202410251130/tools/bin/../lib/gcc/arm-none-eabi/12.3.1/../../../../arm-none-eabi/lib/thumb/v7e-m+fp/hard\libnosys.a
END GROUP
START GROUP
LOAD C:/ST/STM32CubeIDE_1.17.0/STM32CubeIDE/plugins/com.st.stm32cube.ide.mcu.externaltools.gnu-tools-for-stm32.12.3.rel1.win32_1.1.0.202410251130/tools/bin/../lib/gcc/arm-none-eabi/12.3.1/thumb/v7e-m+fp/hard\libgcc.a
LOAD C:/ST/STM32CubeIDE_1.17.0/STM32CubeIDE/plugins/com.st.stm32cube.ide.mcu.externaltools.gnu-tools-for-stm32.12.3.rel1.win32_1.1.0.202410251130/tools/bin/../lib/gcc/arm-none-eabi/12.3.1/../../../../arm-none-eabi/lib/thumb/v7e-m+fp/hard\libc_nano.a
LOAD C:/ST/STM32CubeIDE_1.17.0/STM32CubeIDE/plugins/com.st.stm32cube.ide.mcu.externaltools.gnu-tools-for-stm32.12.3.rel1.win32_1.1.0.202410251130/tools/bin/../lib/gcc/arm-none-eabi/12.3.1/../../../../arm-none-eabi/lib/thumb/v7e-m+fp/hard\libnosys.a
END GROUP
LOAD C:/ST/STM32CubeIDE_1.17.0/STM32CubeIDE/plugins/com.st.stm32cube.ide.mcu.externaltools.gnu-tools-for-stm32.12.3.rel1.win32_1.1.0.202410251130/tools/bin/../lib/gcc/arm-none-eabi/12.3.1/thumb/v7e-m+fp/hard/crtend.o
LOAD C:/ST/STM32CubeIDE_1.17.0/STM32CubeIDE/plugins/com.st.stm32cube.ide.mcu.externaltools.gnu-tools-for-stm32.12.3.rel1.win32_1.1.0.202410251130/tools/bin/../lib/gcc/arm-none-eabi/12.3.1/thumb/v7e-m+fp/hard/crtn.o
                0x20020000                        _estack = (ORIGIN (RAM) + LENGTH (RAM))
                0x00000200                        _Min_Heap_Size = 0x200
                0x00000400                        _Min_Stack_Size = 0x400

.isr_vector     0x08000000      0x1c4
                0x08000000                        . = ALIGN (0x4)
 *(.isr_vector)
 .isr_vector    0x08000000      0x1c4 ./Core/Startup/startup_stm32f446retx.o
                0x08000000                g_pfnVectors
                0x080001c4                        . = ALIGN (0x4)

.text           0x080001d0     0x7df4
                0x080001d0                        . = ALIGN (0x4)
 *(.text)
 .text          0x080001d0       0x40 C:/ST/STM32CubeIDE_1.17.0/STM32CubeIDE/plugins/com.st.stm32cube.ide.mcu.externaltools.gnu-tools-for-stm32.12.3.rel1.win32_1.1.0.202410251130/tools/bin/../lib/gcc/arm-none-eabi/12.3.1/thumb/v7e-m+fp/hard/crtbegin.o
 .text          0x08000210      0x378 C:/ST/STM32CubeIDE_1.17.0/STM32CubeIDE/plugins/com.st.stm32cube.ide.mcu.externaltools.gnu-tools-for-stm32.12.3.rel1.win32_1.1.0.202410251130/tools/bin/../lib/gcc/arm-none-eabi/12.3.1/thumb/v7e-m+fp/hard\libgcc.a(_arm_addsubdf3.o)
                0x08000210                __aeabi_drsub
                0x08000218                __aeabi_dsub
                0x08000218                __subdf3
                0x0800021c                __aeabi_dadd
                0x0800021c                __adddf3
                0x08000494                __floatunsidf
                0x08000494                __aeabi_ui2d
                0x080004b4                __floatsidf
                0x080004b4                __aeabi_i2d
                0x080004d8                __aeabi_f2d
                0x080004d8                __extendsfdf2
                0x0800051c                __floatundidf
                0x0800051c                __aeabi_ul2d
                0x0800052c                __floatdidf
                0x0800052c                __aeabi_l2d
 .text          0x08000588      0x424 C:/ST/STM32CubeIDE_1.17.0/STM32CubeIDE/plugins/com.st.stm32cube.ide.mcu.externaltools.gnu-tools-for-stm32.12.3.rel1.win32_1.1.0.202410251130/tools/bin/../lib/gcc/arm-none-eabi/12.3.1/thumb/v7e-m+fp/hard\libgcc.a(_arm_muldivdf3.o)
                0x08000588                __aeabi_dmul
                0x08000588                __muldf3
                0x080007dc                __divdf3
                0x080007dc                __aeabi_ddiv
 .text          0x080009ac       0x50 C:/ST/STM32CubeIDE_1.17.0/STM32CubeIDE/plugins/com.st.stm32cube.ide.mcu.externaltools.gnu-tools-for-stm32.12.3.rel1.win32_1.1.0.202410251130/tools/bin/../lib/gcc/arm-none-eabi/12.3.1/thumb/v7e-m+fp/hard\libgcc.a(_arm_fixdfsi.o)
                0x080009ac                __aeabi_d2iz
                0x080009ac                __fixdfsi
 .text          0x080009fc       0xa0 C:/ST/STM32CubeIDE_1.17.0/STM32CubeIDE/plugins/com.st.stm32cube.ide.mcu.externaltools.gnu-tools-for-stm32.12.3.rel1.win32_1.1.0.202410251130/tools/bin/../lib/gcc/arm-none-eabi/12.3.1/thumb/v7e-m+fp/hard\libgcc.a(_arm_truncdfsf2.o)
                0x080009fc                __truncdfsf2
                0x080009fc                __aeabi_d2f
 .text          0x08000a9c       0x30 C:/ST/STM32CubeIDE_1.17.0/STM32CubeIDE/plugins/com.st.stm32cube.ide.mcu.externaltools.gnu-tools-for-stm32.12.3.rel1.win32_1.1.0.202410251130/tools/bin/../lib/gcc/arm-none-eabi/12.3.1/thumb/v7e-m+fp/hard\libgcc.a(_aeabi_uldivmod.o)
                0x08000a9c                __aeabi_uldivmod
 .text          0x08000acc      0x2bc C:/ST/STM32CubeIDE_1.17.0/STM32CubeIDE/plugins/com.st.stm32cube.ide.mcu.externaltools.gnu-tools-for-stm32.12.3.rel1.win32_1.1.0.202410251130/tools/bin/../lib/gcc/arm-none-eabi/12.3.1/thumb/v7e-m+fp/hard\libgcc.a(_udivmoddi4.o)
                0x08000acc                __udivmoddi4
 .text          0x08000d88        0x4 C:/ST/STM32CubeIDE_1.17.0/STM32CubeIDE/plugins/com.st.stm32cube.ide.mcu.externaltools.gnu-tools-for-stm32.12.3.rel1.win32_1.1.0.202410251130/tools/bin/../lib/gcc/arm-none-eabi/12.3.1/thumb/v7e-m+fp/hard\libgcc.a(_dvmd_tls.o)
                0x08000d88                __aeabi_idiv0
                0x08000d88                __aeabi_ldiv0
 *(.text*)
 *fill*         0x08000d8c        0x4 
 .text.main     0x08000d90      0x3cc ./Core/Src/main.o
                0x08000d90                main
 .text.SystemClock_Config
                0x0800115c       0xdc ./Core/Src/main.o
                0x0800115c                SystemClock_Config
 .text.MX_GPIO_Init
                0x08001238       0xdc ./Core/Src/main.o
 .text.TaskWheel1
                0x08001314       0xe0 ./Core/Src/main.o
                0x08001314                TaskWheel1
 .text.TaskWheel2
                0x080013f4       0xe0 ./Core/Src/main.o
                0x080013f4                TaskWheel2
 .text.TaskWheel3
                0x080014d4       0xe0 ./Core/Src/main.o
                0x080014d4                TaskWheel3
 .text.TaskWheel4
                0x080015b4       0xe0 ./Core/Src/main.o
                0x080015b4                TaskWheel4
 .text.DataAcquire
                0x08001694      0x280 ./Core/Src/main.o
                0x08001694                DataAcquire
 .text.AcquireEncoder
                0x08001914      0x2dc ./Core/Src/main.o
                0x08001914                AcquireEncoder
 .text.Error_Handler
                0x08001bf0        0xc ./Core/Src/main.o
                0x08001bf0                Error_Handler
 .text.HAL_MspInit
                0x08001bfc       0x58 ./Core/Src/stm32f4xx_hal_msp.o
                0x08001bfc                HAL_MspInit
 .text.NMI_Handler
                0x08001c54        0x8 ./Core/Src/stm32f4xx_it.o
                0x08001c54                NMI_Handler
 .text.HardFault_Handler
                0x08001c5c        0x8 ./Core/Src/stm32f4xx_it.o
                0x08001c5c                HardFault_Handler
 .text.MemManage_Handler
                0x08001c64        0x8 ./Core/Src/stm32f4xx_it.o
                0x08001c64                MemManage_Handler
 .text.BusFault_Handler
                0x08001c6c        0x8 ./Core/Src/stm32f4xx_it.o
                0x08001c6c                BusFault_Handler
 .text.UsageFault_Handler
                0x08001c74        0x8 ./Core/Src/stm32f4xx_it.o
                0x08001c74                UsageFault_Handler
 .text.DebugMon_Handler
                0x08001c7c        0xe ./Core/Src/stm32f4xx_it.o
                0x08001c7c                DebugMon_Handler
 .text.SysTick_Handler
                0x08001c8a       0x1a ./Core/Src/stm32f4xx_it.o
                0x08001c8a                SysTick_Handler
 .text.SystemInit
                0x08001ca4       0x24 ./Core/Src/system_stm32f4xx.o
                0x08001ca4                SystemInit
 .text.Reset_Handler
                0x08001cc8       0x50 ./Core/Startup/startup_stm32f446retx.o
                0x08001cc8                Reset_Handler
 .text.Default_Handler
                0x08001d18        0x2 ./Core/Startup/startup_stm32f446retx.o
                0x08001d18                RTC_Alarm_IRQHandler
                0x08001d18                EXTI2_IRQHandler
                0x08001d18                TIM8_CC_IRQHandler
                0x08001d18                FMPI2C1_EV_IRQHandler
                0x08001d18                SPI4_IRQHandler
                0x08001d18                TIM1_CC_IRQHandler
                0x08001d18                DMA2_Stream5_IRQHandler
                0x08001d18                DMA1_Stream5_IRQHandler
                0x08001d18                PVD_IRQHandler
                0x08001d18                SDIO_IRQHandler
                0x08001d18                TAMP_STAMP_IRQHandler
                0x08001d18                CAN2_RX1_IRQHandler
                0x08001d18                EXTI3_IRQHandler
                0x08001d18                TIM8_TRG_COM_TIM14_IRQHandler
                0x08001d18                TIM1_UP_TIM10_IRQHandler
                0x08001d18                TIM8_UP_TIM13_IRQHandler
                0x08001d18                I2C3_ER_IRQHandler
                0x08001d18                I2C2_EV_IRQHandler
                0x08001d18                DMA1_Stream2_IRQHandler
                0x08001d18                CAN1_RX0_IRQHandler
                0x08001d18                FPU_IRQHandler
                0x08001d18                OTG_HS_WKUP_IRQHandler
                0x08001d18                CAN2_SCE_IRQHandler
                0x08001d18                DMA2_Stream2_IRQHandler
                0x08001d18                SPI1_IRQHandler
                0x08001d18                TIM6_DAC_IRQHandler
                0x08001d18                TIM1_BRK_TIM9_IRQHandler
                0x08001d18                DCMI_IRQHandler
                0x08001d18                CAN2_RX0_IRQHandler
                0x08001d18                DMA2_Stream3_IRQHandler
                0x08001d18                SAI2_IRQHandler
                0x08001d18                USART6_IRQHandler
                0x08001d18                CAN1_RX1_IRQHandler
                0x08001d18                UART5_IRQHandler
                0x08001d18                DMA2_Stream0_IRQHandler
                0x08001d18                TIM4_IRQHandler
                0x08001d18                QUADSPI_IRQHandler
                0x08001d18                I2C1_EV_IRQHandler
                0x08001d18                DMA1_Stream6_IRQHandler
                0x08001d18                DMA1_Stream1_IRQHandler
                0x08001d18                UART4_IRQHandler
                0x08001d18                TIM3_IRQHandler
                0x08001d18                RCC_IRQHandler
                0x08001d18                TIM8_BRK_TIM12_IRQHandler
                0x08001d18                Default_Handler
                0x08001d18                CEC_IRQHandler
                0x08001d18                EXTI15_10_IRQHandler
                0x08001d18                ADC_IRQHandler
                0x08001d18                DMA1_Stream7_IRQHandler
                0x08001d18                TIM7_IRQHandler
                0x08001d18                CAN2_TX_IRQHandler
                0x08001d18                TIM5_IRQHandler
                0x08001d18                DMA2_Stream7_IRQHandler
                0x08001d18                I2C3_EV_IRQHandler
                0x08001d18                EXTI9_5_IRQHandler
                0x08001d18                RTC_WKUP_IRQHandler
                0x08001d18                SPDIF_RX_IRQHandler
                0x08001d18                SPI2_IRQHandler
                0x08001d18                OTG_HS_EP1_IN_IRQHandler
                0x08001d18                DMA1_Stream0_IRQHandler
                0x08001d18                CAN1_TX_IRQHandler
                0x08001d18                FMPI2C1_ER_IRQHandler
                0x08001d18                EXTI4_IRQHandler
                0x08001d18                OTG_HS_EP1_OUT_IRQHandler
                0x08001d18                WWDG_IRQHandler
                0x08001d18                TIM2_IRQHandler
                0x08001d18                OTG_FS_WKUP_IRQHandler
                0x08001d18                TIM1_TRG_COM_TIM11_IRQHandler
                0x08001d18                OTG_HS_IRQHandler
                0x08001d18                USART2_IRQHandler
                0x08001d18                I2C2_ER_IRQHandler
                0x08001d18                DMA2_Stream1_IRQHandler
                0x08001d18                CAN1_SCE_IRQHandler
                0x08001d18                FLASH_IRQHandler
                0x08001d18                DMA2_Stream4_IRQHandler
                0x08001d18                OTG_FS_IRQHandler
                0x08001d18                SPI3_IRQHandler
                0x08001d18                DMA1_Stream4_IRQHandler
                0x08001d18                I2C1_ER_IRQHandler
                0x08001d18                FMC_IRQHandler
                0x08001d18                DMA2_Stream6_IRQHandler
                0x08001d18                SAI1_IRQHandler
                0x08001d18                DMA1_Stream3_IRQHandler
 *fill*         0x08001d1a        0x2 
 .text.HAL_Init
                0x08001d1c       0x44 ./Drivers/STM32F4xx_HAL_Driver/Src/stm32f4xx_hal.o
                0x08001d1c                HAL_Init
 .text.HAL_InitTick
                0x08001d60       0x60 ./Drivers/STM32F4xx_HAL_Driver/Src/stm32f4xx_hal.o
                0x08001d60                HAL_InitTick
 .text.HAL_IncTick
                0x08001dc0       0x28 ./Drivers/STM32F4xx_HAL_Driver/Src/stm32f4xx_hal.o
                0x08001dc0                HAL_IncTick
 .text.HAL_GetTick
                0x08001de8       0x18 ./Drivers/STM32F4xx_HAL_Driver/Src/stm32f4xx_hal.o
                0x08001de8                HAL_GetTick
 .text.__NVIC_SetPriorityGrouping
                0x08001e00       0x48 ./Drivers/STM32F4xx_HAL_Driver/Src/stm32f4xx_hal_cortex.o
 .text.__NVIC_GetPriorityGrouping
                0x08001e48       0x1c ./Drivers/STM32F4xx_HAL_Driver/Src/stm32f4xx_hal_cortex.o
 .text.__NVIC_SetPriority
                0x08001e64       0x54 ./Drivers/STM32F4xx_HAL_Driver/Src/stm32f4xx_hal_cortex.o
 .text.NVIC_EncodePriority
                0x08001eb8       0x66 ./Drivers/STM32F4xx_HAL_Driver/Src/stm32f4xx_hal_cortex.o
 *fill*         0x08001f1e        0x2 
 .text.SysTick_Config
                0x08001f20       0x44 ./Drivers/STM32F4xx_HAL_Driver/Src/stm32f4xx_hal_cortex.o
 .text.HAL_NVIC_SetPriorityGrouping
                0x08001f64       0x16 ./Drivers/STM32F4xx_HAL_Driver/Src/stm32f4xx_hal_cortex.o
                0x08001f64                HAL_NVIC_SetPriorityGrouping
 .text.HAL_NVIC_SetPriority
                0x08001f7a       0x38 ./Drivers/STM32F4xx_HAL_Driver/Src/stm32f4xx_hal_cortex.o
                0x08001f7a                HAL_NVIC_SetPriority
 .text.HAL_SYSTICK_Config
                0x08001fb2       0x18 ./Drivers/STM32F4xx_HAL_Driver/Src/stm32f4xx_hal_cortex.o
                0x08001fb2                HAL_SYSTICK_Config
 *fill*         0x08001fca        0x2 
 .text.HAL_GPIO_Init
                0x08001fcc      0x328 ./Drivers/STM32F4xx_HAL_Driver/Src/stm32f4xx_hal_gpio.o
                0x08001fcc                HAL_GPIO_Init
 .text.HAL_GPIO_WritePin
                0x080022f4       0x32 ./Drivers/STM32F4xx_HAL_Driver/Src/stm32f4xx_hal_gpio.o
                0x080022f4                HAL_GPIO_WritePin
 *fill*         0x08002326        0x2 
 .text.HAL_RCC_ClockConfig
                0x08002328      0x1cc ./Drivers/STM32F4xx_HAL_Driver/Src/stm32f4xx_hal_rcc.o
                0x08002328                HAL_RCC_ClockConfig
 .text.HAL_RCC_GetSysClockFreq
                0x080024f4      0x460 ./Drivers/STM32F4xx_HAL_Driver/Src/stm32f4xx_hal_rcc_ex.o
                0x080024f4                HAL_RCC_GetSysClockFreq
 .text.HAL_RCC_OscConfig
                0x08002954      0x53c ./Drivers/STM32F4xx_HAL_Driver/Src/stm32f4xx_hal_rcc_ex.o
                0x08002954                HAL_RCC_OscConfig
 .text.EXTI0_IRQHandler
                0x08002e90       0x4c ./Hardware/Encoder.o
                0x08002e90                EXTI0_IRQHandler
 .text.EXTI1_IRQHandler
                0x08002edc       0x4c ./Hardware/Encoder.o
                0x08002edc                EXTI1_IRQHandler
 .text.Motor_Init
                0x08002f28      0x1cc ./Hardware/Motor.o
                0x08002f28                Motor_Init
 .text.Motor_SetSpeed
                0x080030f4      0x150 ./Hardware/Motor.o
                0x080030f4                Motor_SetSpeed
 .text.OLED_W_SCL
                0x08003244       0x34 ./Hardware/OLED.o
                0x08003244                OLED_W_SCL
 .text.OLED_W_SDA
                0x08003278       0x34 ./Hardware/OLED.o
                0x08003278                OLED_W_SDA
 .text.OLED_I2C_Init
                0x080032ac       0x70 ./Hardware/OLED.o
                0x080032ac                OLED_I2C_Init
 .text.OLED_I2C_Start
                0x0800331c       0x20 ./Hardware/OLED.o
                0x0800331c                OLED_I2C_Start
 .text.OLED_I2C_Stop
                0x0800333c       0x1a ./Hardware/OLED.o
                0x0800333c                OLED_I2C_Stop
 .text.OLED_I2C_SendByte
                0x08003356       0x58 ./Hardware/OLED.o
                0x08003356                OLED_I2C_SendByte
 .text.OLED_WriteCommand
                0x080033ae       0x2e ./Hardware/OLED.o
                0x080033ae                OLED_WriteCommand
 .text.OLED_WriteData
                0x080033dc       0x2e ./Hardware/OLED.o
                0x080033dc                OLED_WriteData
 .text.OLED_SetCursor
                0x0800340a       0x46 ./Hardware/OLED.o
                0x0800340a                OLED_SetCursor
 .text.OLED_Clear
                0x08003450       0x46 ./Hardware/OLED.o
                0x08003450                OLED_Clear
 *fill*         0x08003496        0x2 
 .text.OLED_ShowChar
                0x08003498       0xb4 ./Hardware/OLED.o
                0x08003498                OLED_ShowChar
 .text.OLED_ShowString
                0x0800354c       0x4a ./Hardware/OLED.o
                0x0800354c                OLED_ShowString
 .text.OLED_Init
                0x08003596       0xc8 ./Hardware/OLED.o
                0x08003596                OLED_Init
 *fill*         0x0800365e        0x2 
 .text.Pwm1_Init
                0x08003660      0x114 ./Hardware/PWM1.o
                0x08003660                Pwm1_Init
 .text.PWM1_SetCompare1
                0x08003774       0x20 ./Hardware/PWM1.o
                0x08003774                PWM1_SetCompare1
 .text.Pwm2_Init
                0x08003794      0x140 ./Hardware/PWM2.o
                0x08003794                Pwm2_Init
 .text.PWM2_SetCompare1
                0x080038d4       0x1e ./Hardware/PWM2.o
                0x080038d4                PWM2_SetCompare1
 *fill*         0x080038f2        0x2 
 .text.Pwm3_Init
                0x080038f4      0x108 ./Hardware/PWM3.o
                0x080038f4                Pwm3_Init
 .text.PWM3_SetCompare1
                0x080039fc       0x20 ./Hardware/PWM3.o
                0x080039fc                PWM3_SetCompare1
 .text.Pwm4_Init
                0x08003a1c      0x108 ./Hardware/PWM4.o
                0x08003a1c                Pwm4_Init
 .text.PWM4_SetCompare1
                0x08003b24       0x20 ./Hardware/PWM4.o
                0x08003b24                PWM4_SetCompare1
 .text.__NVIC_SetPriority
                0x08003b44       0x54 ./Hardware/UART1.o
 .text.Serial_Init
                0x08003b98      0x13c ./Hardware/UART1.o
                0x08003b98                Serial_Init
 .text.Serial_SendByte
                0x08003cd4       0x30 ./Hardware/UART1.o
                0x08003cd4                Serial_SendByte
 .text.USART1_IRQHandler
                0x08003d04      0x1bc ./Hardware/UART1.o
                0x08003d04                USART1_IRQHandler
 .text.__NVIC_SetPriority
                0x08003ec0       0x54 ./Hardware/UART2.o
 .text.JoinStick_Init
                0x08003f14      0x168 ./Hardware/UART2.o
                0x08003f14                JoinStick_Init
 .text.USART3_IRQHandler
                0x0800407c      0x170 ./Hardware/UART2.o
                0x0800407c                USART3_IRQHandler
 .text.__NVIC_SetPriority
                0x080041ec       0x54 ./Middlewares/Third_Party/FreeRTOS/Source/CMSIS_RTOS_V2/cmsis_os2.o
 .text.SVC_Setup
                0x08004240       0x12 ./Middlewares/Third_Party/FreeRTOS/Source/CMSIS_RTOS_V2/cmsis_os2.o
 *fill*         0x08004252        0x2 
 .text.osKernelInitialize
                0x08004254       0x48 ./Middlewares/Third_Party/FreeRTOS/Source/CMSIS_RTOS_V2/cmsis_os2.o
                0x08004254                osKernelInitialize
 .text.osKernelStart
                0x0800429c       0x4c ./Middlewares/Third_Party/FreeRTOS/Source/CMSIS_RTOS_V2/cmsis_os2.o
                0x0800429c                osKernelStart
 .text.osKernelGetTickCount
                0x080042e8       0x2a ./Middlewares/Third_Party/FreeRTOS/Source/CMSIS_RTOS_V2/cmsis_os2.o
                0x080042e8                osKernelGetTickCount
 .text.osThreadNew
                0x08004312      0x124 ./Middlewares/Third_Party/FreeRTOS/Source/CMSIS_RTOS_V2/cmsis_os2.o
                0x08004312                osThreadNew
 .text.osDelay  0x08004436       0x36 ./Middlewares/Third_Party/FreeRTOS/Source/CMSIS_RTOS_V2/cmsis_os2.o
                0x08004436                osDelay
 .text.osDelayUntil
                0x0800446c       0x5a ./Middlewares/Third_Party/FreeRTOS/Source/CMSIS_RTOS_V2/cmsis_os2.o
                0x0800446c                osDelayUntil
 .text.osMutexNew
                0x080044c6      0x10c ./Middlewares/Third_Party/FreeRTOS/Source/CMSIS_RTOS_V2/cmsis_os2.o
                0x080044c6                osMutexNew
 .text.osMutexAcquire
                0x080045d2       0x96 ./Middlewares/Third_Party/FreeRTOS/Source/CMSIS_RTOS_V2/cmsis_os2.o
                0x080045d2                osMutexAcquire
 .text.osMutexRelease
                0x08004668       0x7a ./Middlewares/Third_Party/FreeRTOS/Source/CMSIS_RTOS_V2/cmsis_os2.o
                0x08004668                osMutexRelease
 .text.osSemaphoreNew
                0x080046e2      0x112 ./Middlewares/Third_Party/FreeRTOS/Source/CMSIS_RTOS_V2/cmsis_os2.o
                0x080046e2                osSemaphoreNew
 .text.osSemaphoreAcquire
                0x080047f4       0xa4 ./Middlewares/Third_Party/FreeRTOS/Source/CMSIS_RTOS_V2/cmsis_os2.o
                0x080047f4                osSemaphoreAcquire
 .text.osSemaphoreRelease
                0x08004898       0x88 ./Middlewares/Third_Party/FreeRTOS/Source/CMSIS_RTOS_V2/cmsis_os2.o
                0x08004898                osSemaphoreRelease
 .text.vApplicationGetIdleTaskMemory
                0x08004920       0x34 ./Middlewares/Third_Party/FreeRTOS/Source/CMSIS_RTOS_V2/cmsis_os2.o
                0x08004920                vApplicationGetIdleTaskMemory
 .text.vApplicationGetTimerTaskMemory
                0x08004954       0x34 ./Middlewares/Third_Party/FreeRTOS/Source/CMSIS_RTOS_V2/cmsis_os2.o
                0x08004954                vApplicationGetTimerTaskMemory
 .text.vListInitialise
                0x08004988       0x40 ./Middlewares/Third_Party/FreeRTOS/Source/list.o
                0x08004988                vListInitialise
 .text.vListInitialiseItem
                0x080049c8       0x1a ./Middlewares/Third_Party/FreeRTOS/Source/list.o
                0x080049c8                vListInitialiseItem
 .text.vListInsertEnd
                0x080049e2       0x48 ./Middlewares/Third_Party/FreeRTOS/Source/list.o
                0x080049e2                vListInsertEnd
 .text.vListInsert
                0x08004a2a       0x72 ./Middlewares/Third_Party/FreeRTOS/Source/list.o
                0x08004a2a                vListInsert
 .text.uxListRemove
                0x08004a9c       0x54 ./Middlewares/Third_Party/FreeRTOS/Source/list.o
                0x08004a9c                uxListRemove
 .text.xQueueGenericReset
                0x08004af0       0xd4 ./Middlewares/Third_Party/FreeRTOS/Source/queue.o
                0x08004af0                xQueueGenericReset
 .text.xQueueGenericCreateStatic
                0x08004bc4       0xfa ./Middlewares/Third_Party/FreeRTOS/Source/queue.o
                0x08004bc4                xQueueGenericCreateStatic
 .text.xQueueGenericCreate
                0x08004cbe       0x76 ./Middlewares/Third_Party/FreeRTOS/Source/queue.o
                0x08004cbe                xQueueGenericCreate
 .text.prvInitialiseNewQueue
                0x08004d34       0x46 ./Middlewares/Third_Party/FreeRTOS/Source/queue.o
 .text.prvInitialiseMutex
                0x08004d7a       0x34 ./Middlewares/Third_Party/FreeRTOS/Source/queue.o
 .text.xQueueCreateMutex
                0x08004dae       0x30 ./Middlewares/Third_Party/FreeRTOS/Source/queue.o
                0x08004dae                xQueueCreateMutex
 .text.xQueueCreateMutexStatic
                0x08004dde       0x36 ./Middlewares/Third_Party/FreeRTOS/Source/queue.o
                0x08004dde                xQueueCreateMutexStatic
 .text.xQueueGiveMutexRecursive
                0x08004e14       0x6a ./Middlewares/Third_Party/FreeRTOS/Source/queue.o
                0x08004e14                xQueueGiveMutexRecursive
 .text.xQueueTakeMutexRecursive
                0x08004e7e       0x6e ./Middlewares/Third_Party/FreeRTOS/Source/queue.o
                0x08004e7e                xQueueTakeMutexRecursive
 .text.xQueueCreateCountingSemaphoreStatic
                0x08004eec       0x72 ./Middlewares/Third_Party/FreeRTOS/Source/queue.o
                0x08004eec                xQueueCreateCountingSemaphoreStatic
 .text.xQueueCreateCountingSemaphore
                0x08004f5e       0x6a ./Middlewares/Third_Party/FreeRTOS/Source/queue.o
                0x08004f5e                xQueueCreateCountingSemaphore
 .text.xQueueGenericSend
                0x08004fc8      0x204 ./Middlewares/Third_Party/FreeRTOS/Source/queue.o
                0x08004fc8                xQueueGenericSend
 .text.xQueueGenericSendFromISR
                0x080051cc      0x13c ./Middlewares/Third_Party/FreeRTOS/Source/queue.o
                0x080051cc                xQueueGenericSendFromISR
 .text.xQueueGiveFromISR
                0x08005308      0x120 ./Middlewares/Third_Party/FreeRTOS/Source/queue.o
                0x08005308                xQueueGiveFromISR
 .text.xQueueReceive
                0x08005428      0x1c4 ./Middlewares/Third_Party/FreeRTOS/Source/queue.o
                0x08005428                xQueueReceive
 .text.xQueueSemaphoreTake
                0x080055ec      0x220 ./Middlewares/Third_Party/FreeRTOS/Source/queue.o
                0x080055ec                xQueueSemaphoreTake
 .text.xQueueReceiveFromISR
                0x0800580c      0x104 ./Middlewares/Third_Party/FreeRTOS/Source/queue.o
                0x0800580c                xQueueReceiveFromISR
 .text.vQueueDelete
                0x08005910       0x48 ./Middlewares/Third_Party/FreeRTOS/Source/queue.o
                0x08005910                vQueueDelete
 .text.prvGetDisinheritPriorityAfterTimeout
                0x08005958       0x30 ./Middlewares/Third_Party/FreeRTOS/Source/queue.o
 .text.prvCopyDataToQueue
                0x08005988       0xd4 ./Middlewares/Third_Party/FreeRTOS/Source/queue.o
 .text.prvCopyDataFromQueue
                0x08005a5c       0x4c ./Middlewares/Third_Party/FreeRTOS/Source/queue.o
 .text.prvUnlockQueue
                0x08005aa8       0xa4 ./Middlewares/Third_Party/FreeRTOS/Source/queue.o
 .text.prvIsQueueEmpty
                0x08005b4c       0x2c ./Middlewares/Third_Party/FreeRTOS/Source/queue.o
 .text.prvIsQueueFull
                0x08005b78       0x30 ./Middlewares/Third_Party/FreeRTOS/Source/queue.o
 .text.vQueueAddToRegistry
                0x08005ba8       0x54 ./Middlewares/Third_Party/FreeRTOS/Source/queue.o
                0x08005ba8                vQueueAddToRegistry
 .text.vQueueUnregisterQueue
                0x08005bfc       0x54 ./Middlewares/Third_Party/FreeRTOS/Source/queue.o
                0x08005bfc                vQueueUnregisterQueue
 .text.vQueueWaitForMessageRestricted
                0x08005c50       0x68 ./Middlewares/Third_Party/FreeRTOS/Source/queue.o
                0x08005c50                vQueueWaitForMessageRestricted
 .text.xTaskCreateStatic
                0x08005cb8       0xc0 ./Middlewares/Third_Party/FreeRTOS/Source/tasks.o
                0x08005cb8                xTaskCreateStatic
 .text.xTaskCreate
                0x08005d78       0x8a ./Middlewares/Third_Party/FreeRTOS/Source/tasks.o
                0x08005d78                xTaskCreate
 .text.prvInitialiseNewTask
                0x08005e02      0x120 ./Middlewares/Third_Party/FreeRTOS/Source/tasks.o
 *fill*         0x08005f22        0x2 
 .text.prvAddNewTaskToReadyList
                0x08005f24       0xe0 ./Middlewares/Third_Party/FreeRTOS/Source/tasks.o
 .text.vTaskDelayUntil
                0x08006004      0x100 ./Middlewares/Third_Party/FreeRTOS/Source/tasks.o
                0x08006004                vTaskDelayUntil
 .text.vTaskDelay
                0x08006104       0x6c ./Middlewares/Third_Party/FreeRTOS/Source/tasks.o
                0x08006104                vTaskDelay
 .text.vTaskStartScheduler
                0x08006170       0xd0 ./Middlewares/Third_Party/FreeRTOS/Source/tasks.o
                0x08006170                vTaskStartScheduler
 .text.vTaskSuspendAll
                0x08006240       0x1c ./Middlewares/Third_Party/FreeRTOS/Source/tasks.o
                0x08006240                vTaskSuspendAll
 .text.xTaskResumeAll
                0x0800625c      0x13c ./Middlewares/Third_Party/FreeRTOS/Source/tasks.o
                0x0800625c                xTaskResumeAll
 .text.xTaskGetTickCount
                0x08006398       0x20 ./Middlewares/Third_Party/FreeRTOS/Source/tasks.o
                0x08006398                xTaskGetTickCount
 .text.xTaskGetTickCountFromISR
                0x080063b8       0x24 ./Middlewares/Third_Party/FreeRTOS/Source/tasks.o
                0x080063b8                xTaskGetTickCountFromISR
 .text.xTaskIncrementTick
                0x080063dc      0x174 ./Middlewares/Third_Party/FreeRTOS/Source/tasks.o
                0x080063dc                xTaskIncrementTick
 .text.vTaskSwitchContext
                0x08006550       0xbc ./Middlewares/Third_Party/FreeRTOS/Source/tasks.o
                0x08006550                vTaskSwitchContext
 .text.vTaskPlaceOnEventList
                0x0800660c       0x4c ./Middlewares/Third_Party/FreeRTOS/Source/tasks.o
                0x0800660c                vTaskPlaceOnEventList
 .text.vTaskPlaceOnEventListRestricted
                0x08006658       0x58 ./Middlewares/Third_Party/FreeRTOS/Source/tasks.o
                0x08006658                vTaskPlaceOnEventListRestricted
 .text.xTaskRemoveFromEventList
                0x080066b0       0xc8 ./Middlewares/Third_Party/FreeRTOS/Source/tasks.o
                0x080066b0                xTaskRemoveFromEventList
 .text.vTaskInternalSetTimeOutState
                0x08006778       0x2c ./Middlewares/Third_Party/FreeRTOS/Source/tasks.o
                0x08006778                vTaskInternalSetTimeOutState
 .text.xTaskCheckForTimeOut
                0x080067a4       0xc8 ./Middlewares/Third_Party/FreeRTOS/Source/tasks.o
                0x080067a4                xTaskCheckForTimeOut
 .text.vTaskMissedYield
                0x0800686c       0x18 ./Middlewares/Third_Party/FreeRTOS/Source/tasks.o
                0x0800686c                vTaskMissedYield
 .text.prvIdleTask
                0x08006884       0x30 ./Middlewares/Third_Party/FreeRTOS/Source/tasks.o
 .text.prvInitialiseTaskLists
                0x080068b4       0x80 ./Middlewares/Third_Party/FreeRTOS/Source/tasks.o
 .text.prvCheckTasksWaitingTermination
                0x08006934       0x5c ./Middlewares/Third_Party/FreeRTOS/Source/tasks.o
 .text.prvDeleteTCB
                0x08006990       0x60 ./Middlewares/Third_Party/FreeRTOS/Source/tasks.o
 .text.prvResetNextTaskUnblockTime
                0x080069f0       0x40 ./Middlewares/Third_Party/FreeRTOS/Source/tasks.o
 .text.xTaskGetCurrentTaskHandle
                0x08006a30       0x20 ./Middlewares/Third_Party/FreeRTOS/Source/tasks.o
                0x08006a30                xTaskGetCurrentTaskHandle
 .text.xTaskGetSchedulerState
                0x08006a50       0x3c ./Middlewares/Third_Party/FreeRTOS/Source/tasks.o
                0x08006a50                xTaskGetSchedulerState
 .text.xTaskPriorityInherit
                0x08006a8c       0xd0 ./Middlewares/Third_Party/FreeRTOS/Source/tasks.o
                0x08006a8c                xTaskPriorityInherit
 .text.xTaskPriorityDisinherit
                0x08006b5c       0xe0 ./Middlewares/Third_Party/FreeRTOS/Source/tasks.o
                0x08006b5c                xTaskPriorityDisinherit
 .text.vTaskPriorityDisinheritAfterTimeout
                0x08006c3c      0x108 ./Middlewares/Third_Party/FreeRTOS/Source/tasks.o
                0x08006c3c                vTaskPriorityDisinheritAfterTimeout
 .text.pvTaskIncrementMutexHeldCount
                0x08006d44       0x28 ./Middlewares/Third_Party/FreeRTOS/Source/tasks.o
                0x08006d44                pvTaskIncrementMutexHeldCount
 .text.prvAddCurrentTaskToDelayedList
                0x08006d6c       0xa8 ./Middlewares/Third_Party/FreeRTOS/Source/tasks.o
 .text.xTimerCreateTimerTask
                0x08006e14       0x94 ./Middlewares/Third_Party/FreeRTOS/Source/timers.o
                0x08006e14                xTimerCreateTimerTask
 .text.xTimerGenericCommand
                0x08006ea8       0x9c ./Middlewares/Third_Party/FreeRTOS/Source/timers.o
                0x08006ea8                xTimerGenericCommand
 .text.prvProcessExpiredTimer
                0x08006f44       0x9c ./Middlewares/Third_Party/FreeRTOS/Source/timers.o
 .text.prvTimerTask
                0x08006fe0       0x26 ./Middlewares/Third_Party/FreeRTOS/Source/timers.o
 *fill*         0x08007006        0x2 
 .text.prvProcessTimerOrBlockTask
                0x08007008       0x9c ./Middlewares/Third_Party/FreeRTOS/Source/timers.o
 .text.prvGetNextExpireTime
                0x080070a4       0x48 ./Middlewares/Third_Party/FreeRTOS/Source/timers.o
 .text.prvSampleTimeNow
                0x080070ec       0x40 ./Middlewares/Third_Party/FreeRTOS/Source/timers.o
 .text.prvInsertTimerInActiveList
                0x0800712c       0x84 ./Middlewares/Third_Party/FreeRTOS/Source/timers.o
 .text.prvProcessReceivedCommands
                0x080071b0      0x1cc ./Middlewares/Third_Party/FreeRTOS/Source/timers.o
 .text.prvSwitchTimerLists
                0x0800737c       0xcc ./Middlewares/Third_Party/FreeRTOS/Source/timers.o
 .text.prvCheckForValidListAndQueue
                0x08007448       0x80 ./Middlewares/Third_Party/FreeRTOS/Source/timers.o
 .text.pxPortInitialiseStack
                0x080074c8       0x68 ./Middlewares/Third_Party/FreeRTOS/Source/portable/GCC/ARM_CM4F/port.o
                0x080074c8                pxPortInitialiseStack
 .text.prvTaskExitError
                0x08007530       0x5c ./Middlewares/Third_Party/FreeRTOS/Source/portable/GCC/ARM_CM4F/port.o
 *fill*         0x0800758c        0x4 
 .text.SVC_Handler
                0x08007590       0x28 ./Middlewares/Third_Party/FreeRTOS/Source/portable/GCC/ARM_CM4F/port.o
                0x08007590                SVC_Handler
 .text.prvPortStartFirstTask
                0x080075b8       0x28 ./Middlewares/Third_Party/FreeRTOS/Source/portable/GCC/ARM_CM4F/port.o
 .text.xPortStartScheduler
                0x080075e0      0x148 ./Middlewares/Third_Party/FreeRTOS/Source/portable/GCC/ARM_CM4F/port.o
                0x080075e0                xPortStartScheduler
 .text.vPortEnterCritical
                0x08007728       0x64 ./Middlewares/Third_Party/FreeRTOS/Source/portable/GCC/ARM_CM4F/port.o
                0x08007728                vPortEnterCritical
 .text.vPortExitCritical
                0x0800778c       0x54 ./Middlewares/Third_Party/FreeRTOS/Source/portable/GCC/ARM_CM4F/port.o
                0x0800778c                vPortExitCritical
 .text.PendSV_Handler
                0x080077e0       0x68 ./Middlewares/Third_Party/FreeRTOS/Source/portable/GCC/ARM_CM4F/port.o
                0x080077e0                PendSV_Handler
 .text.xPortSysTickHandler
                0x08007848       0x44 ./Middlewares/Third_Party/FreeRTOS/Source/portable/GCC/ARM_CM4F/port.o
                0x08007848                xPortSysTickHandler
 .text.vPortSetupTimerInterrupt
                0x0800788c       0x48 ./Middlewares/Third_Party/FreeRTOS/Source/portable/GCC/ARM_CM4F/port.o
                0x0800788c                vPortSetupTimerInterrupt
 .text.vPortEnableVFP
                0x080078d4       0x14 ./Middlewares/Third_Party/FreeRTOS/Source/portable/GCC/ARM_CM4F/port.o
 .text.vPortValidateInterruptPriority
                0x080078e8       0x84 ./Middlewares/Third_Party/FreeRTOS/Source/portable/GCC/ARM_CM4F/port.o
                0x080078e8                vPortValidateInterruptPriority
 .text.pvPortMalloc
                0x0800796c      0x19c ./Middlewares/Third_Party/FreeRTOS/Source/portable/MemMang/heap_4.o
                0x0800796c                pvPortMalloc
 .text.vPortFree
                0x08007b08       0xc8 ./Middlewares/Third_Party/FreeRTOS/Source/portable/MemMang/heap_4.o
                0x08007b08                vPortFree
 .text.prvHeapInit
                0x08007bd0       0xc4 ./Middlewares/Third_Party/FreeRTOS/Source/portable/MemMang/heap_4.o
 .text.prvInsertBlockIntoFreeList
                0x08007c94       0xb4 ./Middlewares/Third_Party/FreeRTOS/Source/portable/MemMang/heap_4.o
 .text.PID_Update
                0x08007d48      0x144 ./System/pid.o
                0x08007d48                PID_Update
 .text.memset   0x08007e8c       0x10 C:/ST/STM32CubeIDE_1.17.0/STM32CubeIDE/plugins/com.st.stm32cube.ide.mcu.externaltools.gnu-tools-for-stm32.12.3.rel1.win32_1.1.0.202410251130/tools/bin/../lib/gcc/arm-none-eabi/12.3.1/../../../../arm-none-eabi/lib/thumb/v7e-m+fp/hard\libc_nano.a(libc_a-memset.o)
                0x08007e8c                memset
 .text.__libc_init_array
                0x08007e9c       0x48 C:/ST/STM32CubeIDE_1.17.0/STM32CubeIDE/plugins/com.st.stm32cube.ide.mcu.externaltools.gnu-tools-for-stm32.12.3.rel1.win32_1.1.0.202410251130/tools/bin/../lib/gcc/arm-none-eabi/12.3.1/../../../../arm-none-eabi/lib/thumb/v7e-m+fp/hard\libc_nano.a(libc_a-init.o)
                0x08007e9c                __libc_init_array
 .text.memcpy   0x08007ee4       0x1c C:/ST/STM32CubeIDE_1.17.0/STM32CubeIDE/plugins/com.st.stm32cube.ide.mcu.externaltools.gnu-tools-for-stm32.12.3.rel1.win32_1.1.0.202410251130/tools/bin/../lib/gcc/arm-none-eabi/12.3.1/../../../../arm-none-eabi/lib/thumb/v7e-m+fp/hard\libc_nano.a(libc_a-memcpy-stub.o)
                0x08007ee4                memcpy
 .text.fmaxf    0x08007f00       0x3a C:/ST/STM32CubeIDE_1.17.0/STM32CubeIDE/plugins/com.st.stm32cube.ide.mcu.externaltools.gnu-tools-for-stm32.12.3.rel1.win32_1.1.0.202410251130/tools/bin/../lib/gcc/arm-none-eabi/12.3.1/../../../../arm-none-eabi/lib/thumb/v7e-m+fp/hard\libm.a(libm_a-sf_fmax.o)
                0x08007f00                fmaxf
 .text.fminf    0x08007f3a       0x3a C:/ST/STM32CubeIDE_1.17.0/STM32CubeIDE/plugins/com.st.stm32cube.ide.mcu.externaltools.gnu-tools-for-stm32.12.3.rel1.win32_1.1.0.202410251130/tools/bin/../lib/gcc/arm-none-eabi/12.3.1/../../../../arm-none-eabi/lib/thumb/v7e-m+fp/hard\libm.a(libm_a-sf_fmin.o)
                0x08007f3a                fminf
 .text.__fpclassifyf
                0x08007f74       0x38 C:/ST/STM32CubeIDE_1.17.0/STM32CubeIDE/plugins/com.st.stm32cube.ide.mcu.externaltools.gnu-tools-for-stm32.12.3.rel1.win32_1.1.0.202410251130/tools/bin/../lib/gcc/arm-none-eabi/12.3.1/../../../../arm-none-eabi/lib/thumb/v7e-m+fp/hard\libm.a(libm_a-sf_fpclassify.o)
                0x08007f74                __fpclassifyf
 *(.glue_7)
 .glue_7        0x08007fac        0x0 linker stubs
 *(.glue_7t)
 .glue_7t       0x08007fac        0x0 linker stubs
 *(.eh_frame)
 .eh_frame      0x08007fac        0x0 C:/ST/STM32CubeIDE_1.17.0/STM32CubeIDE/plugins/com.st.stm32cube.ide.mcu.externaltools.gnu-tools-for-stm32.12.3.rel1.win32_1.1.0.202410251130/tools/bin/../lib/gcc/arm-none-eabi/12.3.1/thumb/v7e-m+fp/hard/crtbegin.o
 *(.init)
 .init          0x08007fac        0x4 C:/ST/STM32CubeIDE_1.17.0/STM32CubeIDE/plugins/com.st.stm32cube.ide.mcu.externaltools.gnu-tools-for-stm32.12.3.rel1.win32_1.1.0.202410251130/tools/bin/../lib/gcc/arm-none-eabi/12.3.1/thumb/v7e-m+fp/hard/crti.o
                0x08007fac                _init
 .init          0x08007fb0        0x8 C:/ST/STM32CubeIDE_1.17.0/STM32CubeIDE/plugins/com.st.stm32cube.ide.mcu.externaltools.gnu-tools-for-stm32.12.3.rel1.win32_1.1.0.202410251130/tools/bin/../lib/gcc/arm-none-eabi/12.3.1/thumb/v7e-m+fp/hard/crtn.o
 *(.fini)
 .fini          0x08007fb8        0x4 C:/ST/STM32CubeIDE_1.17.0/STM32CubeIDE/plugins/com.st.stm32cube.ide.mcu.externaltools.gnu-tools-for-stm32.12.3.rel1.win32_1.1.0.202410251130/tools/bin/../lib/gcc/arm-none-eabi/12.3.1/thumb/v7e-m+fp/hard/crti.o
                0x08007fb8                _fini
 .fini          0x08007fbc        0x8 C:/ST/STM32CubeIDE_1.17.0/STM32CubeIDE/plugins/com.st.stm32cube.ide.mcu.externaltools.gnu-tools-for-stm32.12.3.rel1.win32_1.1.0.202410251130/tools/bin/../lib/gcc/arm-none-eabi/12.3.1/thumb/v7e-m+fp/hard/crtn.o
                0x08007fc4                        . = ALIGN (0x4)
                0x08007fc4                        _etext = .

.vfp11_veneer   0x08007fc4        0x0
 .vfp11_veneer  0x08007fc4        0x0 linker stubs

.v4_bx          0x08007fc4        0x0
 .v4_bx         0x08007fc4        0x0 linker stubs

.iplt           0x08007fc4        0x0
 .iplt          0x08007fc4        0x0 C:/ST/STM32CubeIDE_1.17.0/STM32CubeIDE/plugins/com.st.stm32cube.ide.mcu.externaltools.gnu-tools-for-stm32.12.3.rel1.win32_1.1.0.202410251130/tools/bin/../lib/gcc/arm-none-eabi/12.3.1/thumb/v7e-m+fp/hard/crtbegin.o

.rodata         0x08007fc4      0x7f4
                0x08007fc4                        . = ALIGN (0x4)
 *(.rodata)
 .rodata        0x08007fc4       0xd2 ./Core/Src/main.o
 *fill*         0x08008096        0x2 
 .rodata        0x08008098        0x5 ./Middlewares/Third_Party/FreeRTOS/Source/tasks.o
 *fill*         0x0800809d        0x3 
 .rodata        0x080080a0        0xd ./Middlewares/Third_Party/FreeRTOS/Source/timers.o
 *(.rodata*)
 *fill*         0x080080ad        0x3 
 .rodata.TaskWheel1_attributes
                0x080080b0       0x24 ./Core/Src/main.o
                0x080080b0                TaskWheel1_attributes
 .rodata.TaskWheel2_attributes
                0x080080d4       0x24 ./Core/Src/main.o
                0x080080d4                TaskWheel2_attributes
 .rodata.TaskWheel3_attributes
                0x080080f8       0x24 ./Core/Src/main.o
                0x080080f8                TaskWheel3_attributes
 .rodata.TaskWheel4_attributes
                0x0800811c       0x24 ./Core/Src/main.o
                0x0800811c                TaskWheel4_attributes
 .rodata.DataAcquire_attributes
                0x08008140       0x24 ./Core/Src/main.o
                0x08008140                DataAcquire_attributes
 .rodata.AcquireEncoder_attributes
                0x08008164       0x24 ./Core/Src/main.o
                0x08008164                AcquireEncoder_attributes
 .rodata.semWheel_attr
                0x08008188       0x10 ./Core/Src/main.o
                0x08008188                semWheel_attr
 .rodata.EncoderIRQ_attr
                0x08008198       0x10 ./Core/Src/main.o
                0x08008198                EncoderIRQ_attr
 .rodata.HC05_attr
                0x080081a8       0x10 ./Core/Src/main.o
                0x080081a8                HC05_attr
 .rodata.AHBPrescTable
                0x080081b8       0x10 ./Core/Src/system_stm32f4xx.o
                0x080081b8                AHBPrescTable
 .rodata.OLED_F8x16
                0x080081c8      0x5f0 ./Hardware/OLED.o
                0x080081c8                OLED_F8x16
                0x080087b8                        . = ALIGN (0x4)

.ARM.extab      0x080087b8        0x0
                0x080087b8                        . = ALIGN (0x4)
 *(.ARM.extab* .gnu.linkonce.armextab.*)
                0x080087b8                        . = ALIGN (0x4)

.ARM            0x080087b8        0x8
                0x080087b8                        . = ALIGN (0x4)
                0x080087b8                        __exidx_start = .
 *(.ARM.exidx*)
 .ARM.exidx     0x080087b8        0x8 C:/ST/STM32CubeIDE_1.17.0/STM32CubeIDE/plugins/com.st.stm32cube.ide.mcu.externaltools.gnu-tools-for-stm32.12.3.rel1.win32_1.1.0.202410251130/tools/bin/../lib/gcc/arm-none-eabi/12.3.1/thumb/v7e-m+fp/hard\libgcc.a(_udivmoddi4.o)
                0x080087c0                        __exidx_end = .
                0x080087c0                        . = ALIGN (0x4)

.preinit_array  0x080087c0        0x0
                0x080087c0                        . = ALIGN (0x4)
                0x080087c0                        PROVIDE (__preinit_array_start = .)
 *(.preinit_array*)
                0x080087c0                        PROVIDE (__preinit_array_end = .)
                0x080087c0                        . = ALIGN (0x4)

.init_array     0x080087c0        0x4
                0x080087c0                        . = ALIGN (0x4)
                0x080087c0                        PROVIDE (__init_array_start = .)
 *(SORT_BY_NAME(.init_array.*))
 *(.init_array*)
 .init_array    0x080087c0        0x4 C:/ST/STM32CubeIDE_1.17.0/STM32CubeIDE/plugins/com.st.stm32cube.ide.mcu.externaltools.gnu-tools-for-stm32.12.3.rel1.win32_1.1.0.202410251130/tools/bin/../lib/gcc/arm-none-eabi/12.3.1/thumb/v7e-m+fp/hard/crtbegin.o
                0x080087c4                        PROVIDE (__init_array_end = .)
                0x080087c4                        . = ALIGN (0x4)

.fini_array     0x080087c4        0x4
                0x080087c4                        . = ALIGN (0x4)
                [!provide]                        PROVIDE (__fini_array_start = .)
 *(SORT_BY_NAME(.fini_array.*))
 *(.fini_array*)
 .fini_array    0x080087c4        0x4 C:/ST/STM32CubeIDE_1.17.0/STM32CubeIDE/plugins/com.st.stm32cube.ide.mcu.externaltools.gnu-tools-for-stm32.12.3.rel1.win32_1.1.0.202410251130/tools/bin/../lib/gcc/arm-none-eabi/12.3.1/thumb/v7e-m+fp/hard/crtbegin.o
                [!provide]                        PROVIDE (__fini_array_end = .)
                0x080087c8                        . = ALIGN (0x4)
                0x080087c8                        _sidata = LOADADDR (.data)

.rel.dyn        0x080087c8        0x0
 .rel.iplt      0x080087c8        0x0 C:/ST/STM32CubeIDE_1.17.0/STM32CubeIDE/plugins/com.st.stm32cube.ide.mcu.externaltools.gnu-tools-for-stm32.12.3.rel1.win32_1.1.0.202410251130/tools/bin/../lib/gcc/arm-none-eabi/12.3.1/thumb/v7e-m+fp/hard/crtbegin.o

.data           0x20000000       0x70 load address 0x080087c8
                0x20000000                        . = ALIGN (0x4)
                0x20000000                        _sdata = .
 *(.data)
 *(.data*)
 .data.EncoderMutex1_attr
                0x20000000       0x10 ./Core/Src/main.o
                0x20000000                EncoderMutex1_attr
 .data.EncoderMutex2_attr
                0x20000010       0x10 ./Core/Src/main.o
                0x20000010                EncoderMutex2_attr
 .data.EncoderMutex3_attr
                0x20000020       0x10 ./Core/Src/main.o
                0x20000020                EncoderMutex3_attr
 .data.EncoderMutex4_attr
                0x20000030       0x10 ./Core/Src/main.o
                0x20000030                EncoderMutex4_attr
 .data.wheel1_speed
                0x20000040        0x4 ./Core/Src/main.o
                0x20000040                wheel1_speed
 .data.wheel2_speed
                0x20000044        0x4 ./Core/Src/main.o
                0x20000044                wheel2_speed
 .data.wheel3_speed
                0x20000048        0x4 ./Core/Src/main.o
                0x20000048                wheel3_speed
 .data.wheel4_speed
                0x2000004c        0x4 ./Core/Src/main.o
                0x2000004c                wheel4_speed
 .data.alpha    0x20000050        0x4 ./Core/Src/main.o
                0x20000050                alpha
 .data.FirstJoint
                0x20000054        0x1 ./Core/Src/main.o
                0x20000054                FirstJoint
 *fill*         0x20000055        0x3 
 .data.max_Lspeed
                0x20000058        0x4 ./Core/Src/main.o
                0x20000058                max_Lspeed
 .data.max_Rspeed
                0x2000005c        0x4 ./Core/Src/main.o
                0x2000005c                max_Rspeed
 .data.SystemCoreClock
                0x20000060        0x4 ./Core/Src/system_stm32f4xx.o
                0x20000060                SystemCoreClock
 .data.uwTickPrio
                0x20000064        0x4 ./Drivers/STM32F4xx_HAL_Driver/Src/stm32f4xx_hal.o
                0x20000064                uwTickPrio
 .data.uwTickFreq
                0x20000068        0x1 ./Drivers/STM32F4xx_HAL_Driver/Src/stm32f4xx_hal.o
                0x20000068                uwTickFreq
 *fill*         0x20000069        0x3 
 .data.uxCriticalNesting
                0x2000006c        0x4 ./Middlewares/Third_Party/FreeRTOS/Source/portable/GCC/ARM_CM4F/port.o
 *(.RamFunc)
 *(.RamFunc*)
                0x20000070                        . = ALIGN (0x4)
                0x20000070                        _edata = .

.igot.plt       0x20000070        0x0 load address 0x08008838
 .igot.plt      0x20000070        0x0 C:/ST/STM32CubeIDE_1.17.0/STM32CubeIDE/plugins/com.st.stm32cube.ide.mcu.externaltools.gnu-tools-for-stm32.12.3.rel1.win32_1.1.0.202410251130/tools/bin/../lib/gcc/arm-none-eabi/12.3.1/thumb/v7e-m+fp/hard/crtbegin.o
                0x20000070                        . = ALIGN (0x4)

.bss            0x20000070     0x4b78 load address 0x08008838
                0x20000070                        _sbss = .
                0x20000070                        __bss_start__ = _sbss
 *(.bss)
 .bss           0x20000070       0x1c C:/ST/STM32CubeIDE_1.17.0/STM32CubeIDE/plugins/com.st.stm32cube.ide.mcu.externaltools.gnu-tools-for-stm32.12.3.rel1.win32_1.1.0.202410251130/tools/bin/../lib/gcc/arm-none-eabi/12.3.1/thumb/v7e-m+fp/hard/crtbegin.o
 *(.bss*)
 .bss.TaskWheel1Handle
                0x2000008c        0x4 ./Core/Src/main.o
                0x2000008c                TaskWheel1Handle
 .bss.TaskWheel2Handle
                0x20000090        0x4 ./Core/Src/main.o
                0x20000090                TaskWheel2Handle
 .bss.TaskWheel3Handle
                0x20000094        0x4 ./Core/Src/main.o
                0x20000094                TaskWheel3Handle
 .bss.TaskWheel4Handle
                0x20000098        0x4 ./Core/Src/main.o
                0x20000098                TaskWheel4Handle
 .bss.DataAcquireHandle
                0x2000009c        0x4 ./Core/Src/main.o
                0x2000009c                DataAcquireHandle
 .bss.AcquireEncoderHandle
                0x200000a0        0x4 ./Core/Src/main.o
                0x200000a0                AcquireEncoderHandle
 .bss.semWheelHandle
                0x200000a4        0x4 ./Core/Src/main.o
                0x200000a4                semWheelHandle
 .bss.EncoderIRQHandle
                0x200000a8        0x4 ./Core/Src/main.o
                0x200000a8                EncoderIRQHandle
 .bss.HC05IRQHandle
                0x200000ac        0x4 ./Core/Src/main.o
                0x200000ac                HC05IRQHandle
 .bss.EncoderMutex1
                0x200000b0        0x4 ./Core/Src/main.o
                0x200000b0                EncoderMutex1
 .bss.EncoderMutex2
                0x200000b4        0x4 ./Core/Src/main.o
                0x200000b4                EncoderMutex2
 .bss.EncoderMutex3
                0x200000b8        0x4 ./Core/Src/main.o
                0x200000b8                EncoderMutex3
 .bss.EncoderMutex4
                0x200000bc        0x4 ./Core/Src/main.o
                0x200000bc                EncoderMutex4
 .bss.wheel1    0x200000c0       0x4c ./Core/Src/main.o
                0x200000c0                wheel1
 .bss.wheel2    0x2000010c       0x4c ./Core/Src/main.o
                0x2000010c                wheel2
 .bss.wheel3    0x20000158       0x4c ./Core/Src/main.o
                0x20000158                wheel3
 .bss.wheel4    0x200001a4       0x4c ./Core/Src/main.o
                0x200001a4                wheel4
 .bss.WheelSpeed
                0x200001f0       0x10 ./Core/Src/main.o
                0x200001f0                WheelSpeed
 .bss.wheel1_motor_rpm
                0x20000200        0x4 ./Core/Src/main.o
                0x20000200                wheel1_motor_rpm
 .bss.wheel1_last_count
                0x20000204        0x2 ./Core/Src/main.o
                0x20000204                wheel1_last_count
 .bss.wheel1_current
                0x20000206        0x2 ./Core/Src/main.o
                0x20000206                wheel1_current
 .bss.wheel1_delta
                0x20000208        0x2 ./Core/Src/main.o
                0x20000208                wheel1_delta
 .bss.wheel1_count
                0x2000020a        0x2 ./Core/Src/main.o
                0x2000020a                wheel1_count
 .bss.wheel1_motor_rps
                0x2000020c        0x4 ./Core/Src/main.o
                0x2000020c                wheel1_motor_rps
 .bss.wheel1_out
                0x20000210        0x4 ./Core/Src/main.o
                0x20000210                wheel1_out
 .bss.wheel2_motor_rpm
                0x20000214        0x4 ./Core/Src/main.o
                0x20000214                wheel2_motor_rpm
 .bss.wheel2_last_count
                0x20000218        0x2 ./Core/Src/main.o
                0x20000218                wheel2_last_count
 .bss.wheel2_current
                0x2000021a        0x2 ./Core/Src/main.o
                0x2000021a                wheel2_current
 .bss.wheel2_delta
                0x2000021c        0x2 ./Core/Src/main.o
                0x2000021c                wheel2_delta
 .bss.wheel2_count
                0x2000021e        0x2 ./Core/Src/main.o
                0x2000021e                wheel2_count
 .bss.wheel2_motor_rps
                0x20000220        0x4 ./Core/Src/main.o
                0x20000220                wheel2_motor_rps
 .bss.wheel2_out
                0x20000224        0x4 ./Core/Src/main.o
                0x20000224                wheel2_out
 .bss.wheel3_motor_rpm
                0x20000228        0x4 ./Core/Src/main.o
                0x20000228                wheel3_motor_rpm
 .bss.wheel3_last_count
                0x2000022c        0x2 ./Core/Src/main.o
                0x2000022c                wheel3_last_count
 .bss.wheel3_current
                0x2000022e        0x2 ./Core/Src/main.o
                0x2000022e                wheel3_current
 .bss.wheel3_delta
                0x20000230        0x2 ./Core/Src/main.o
                0x20000230                wheel3_delta
 .bss.wheel3_count
                0x20000232        0x2 ./Core/Src/main.o
                0x20000232                wheel3_count
 .bss.wheel3_motor_rps
                0x20000234        0x4 ./Core/Src/main.o
                0x20000234                wheel3_motor_rps
 .bss.wheel3_out
                0x20000238        0x4 ./Core/Src/main.o
                0x20000238                wheel3_out
 .bss.wheel4_motor_rpm
                0x2000023c        0x4 ./Core/Src/main.o
                0x2000023c                wheel4_motor_rpm
 .bss.wheel4_last_count
                0x20000240        0x2 ./Core/Src/main.o
                0x20000240                wheel4_last_count
 .bss.wheel4_current
                0x20000242        0x2 ./Core/Src/main.o
                0x20000242                wheel4_current
 .bss.wheel4_delta
                0x20000244        0x2 ./Core/Src/main.o
                0x20000244                wheel4_delta
 .bss.wheel4_count
                0x20000246        0x2 ./Core/Src/main.o
                0x20000246                wheel4_count
 .bss.wheel4_motor_rps
                0x20000248        0x4 ./Core/Src/main.o
                0x20000248                wheel4_motor_rps
 .bss.wheel4_out
                0x2000024c        0x4 ./Core/Src/main.o
                0x2000024c                wheel4_out
 .bss.x         0x20000250        0x4 ./Core/Src/main.o
                0x20000250                x
 .bss.Vx        0x20000254        0x4 ./Core/Src/main.o
                0x20000254                Vx
 .bss.Vy        0x20000258        0x4 ./Core/Src/main.o
                0x20000258                Vy
 .bss.Wz        0x2000025c        0x4 ./Core/Src/main.o
                0x2000025c                Wz
 .bss.Vx_central
                0x20000260        0x2 ./Core/Src/main.o
                0x20000260                Vx_central
 .bss.Vy_central
                0x20000262        0x2 ./Core/Src/main.o
                0x20000262                Vy_central
 .bss.Wz_central
                0x20000264        0x2 ./Core/Src/main.o
                0x20000264                Wz_central
 *fill*         0x20000266        0x2 
 .bss.uwTick    0x20000268        0x4 ./Drivers/STM32F4xx_HAL_Driver/Src/stm32f4xx_hal.o
                0x20000268                uwTick
 .bss.Encoder_Count
                0x2000026c        0x2 ./Hardware/Encoder.o
                0x2000026c                Encoder_Count
 .bss.Serial_RxFlag
                0x2000026e        0x1 ./Hardware/UART1.o
                0x2000026e                Serial_RxFlag
 *fill*         0x2000026f        0x1 
 .bss.Serial_RxPacket
                0x20000270        0x8 ./Hardware/UART1.o
                0x20000270                Serial_RxPacket
 .bss.Encoder_Buffer
                0x20000278        0x8 ./Hardware/UART1.o
                0x20000278                Encoder_Buffer
 .bss.RxState.2
                0x20000280        0x1 ./Hardware/UART1.o
 .bss.Data_L.1  0x20000281        0x1 ./Hardware/UART1.o
 .bss.Data_H.0  0x20000282        0x1 ./Hardware/UART1.o
 *fill*         0x20000283        0x1 
 .bss.JoinStick
                0x20000284        0x6 ./Hardware/UART2.o
                0x20000284                JoinStick
 .bss.JoinStickFlag
                0x2000028a        0x1 ./Hardware/UART2.o
                0x2000028a                JoinStickFlag
 *fill*         0x2000028b        0x1 
 .bss.User_Buffer
                0x2000028c        0x6 ./Hardware/UART2.o
                0x2000028c                User_Buffer
 .bss.RxState.2
                0x20000292        0x1 ./Hardware/UART2.o
 .bss.Data_L.1  0x20000293        0x1 ./Hardware/UART2.o
 .bss.Data_H.0  0x20000294        0x1 ./Hardware/UART2.o
 *fill*         0x20000295        0x3 
 .bss.KernelState
                0x20000298        0x4 ./Middlewares/Third_Party/FreeRTOS/Source/CMSIS_RTOS_V2/cmsis_os2.o
 .bss.Idle_TCB.3
                0x2000029c       0x5c ./Middlewares/Third_Party/FreeRTOS/Source/CMSIS_RTOS_V2/cmsis_os2.o
 .bss.Idle_Stack.2
                0x200002f8      0x200 ./Middlewares/Third_Party/FreeRTOS/Source/CMSIS_RTOS_V2/cmsis_os2.o
 .bss.Timer_TCB.1
                0x200004f8       0x5c ./Middlewares/Third_Party/FreeRTOS/Source/CMSIS_RTOS_V2/cmsis_os2.o
 .bss.Timer_Stack.0
                0x20000554      0x400 ./Middlewares/Third_Party/FreeRTOS/Source/CMSIS_RTOS_V2/cmsis_os2.o
 .bss.xQueueRegistry
                0x20000954       0x40 ./Middlewares/Third_Party/FreeRTOS/Source/queue.o
                0x20000954                xQueueRegistry
 .bss.pxCurrentTCB
                0x20000994        0x4 ./Middlewares/Third_Party/FreeRTOS/Source/tasks.o
                0x20000994                pxCurrentTCB
 .bss.pxReadyTasksLists
                0x20000998      0x460 ./Middlewares/Third_Party/FreeRTOS/Source/tasks.o
 .bss.xDelayedTaskList1
                0x20000df8       0x14 ./Middlewares/Third_Party/FreeRTOS/Source/tasks.o
 .bss.xDelayedTaskList2
                0x20000e0c       0x14 ./Middlewares/Third_Party/FreeRTOS/Source/tasks.o
 .bss.pxDelayedTaskList
                0x20000e20        0x4 ./Middlewares/Third_Party/FreeRTOS/Source/tasks.o
 .bss.pxOverflowDelayedTaskList
                0x20000e24        0x4 ./Middlewares/Third_Party/FreeRTOS/Source/tasks.o
 .bss.xPendingReadyList
                0x20000e28       0x14 ./Middlewares/Third_Party/FreeRTOS/Source/tasks.o
 .bss.xTasksWaitingTermination
                0x20000e3c       0x14 ./Middlewares/Third_Party/FreeRTOS/Source/tasks.o
 .bss.uxDeletedTasksWaitingCleanUp
                0x20000e50        0x4 ./Middlewares/Third_Party/FreeRTOS/Source/tasks.o
 .bss.xSuspendedTaskList
                0x20000e54       0x14 ./Middlewares/Third_Party/FreeRTOS/Source/tasks.o
 .bss.uxCurrentNumberOfTasks
                0x20000e68        0x4 ./Middlewares/Third_Party/FreeRTOS/Source/tasks.o
 .bss.xTickCount
                0x20000e6c        0x4 ./Middlewares/Third_Party/FreeRTOS/Source/tasks.o
 .bss.uxTopReadyPriority
                0x20000e70        0x4 ./Middlewares/Third_Party/FreeRTOS/Source/tasks.o
 .bss.xSchedulerRunning
                0x20000e74        0x4 ./Middlewares/Third_Party/FreeRTOS/Source/tasks.o
 .bss.xPendedTicks
                0x20000e78        0x4 ./Middlewares/Third_Party/FreeRTOS/Source/tasks.o
 .bss.xYieldPending
                0x20000e7c        0x4 ./Middlewares/Third_Party/FreeRTOS/Source/tasks.o
 .bss.xNumOfOverflows
                0x20000e80        0x4 ./Middlewares/Third_Party/FreeRTOS/Source/tasks.o
 .bss.uxTaskNumber
                0x20000e84        0x4 ./Middlewares/Third_Party/FreeRTOS/Source/tasks.o
 .bss.xNextTaskUnblockTime
                0x20000e88        0x4 ./Middlewares/Third_Party/FreeRTOS/Source/tasks.o
 .bss.xIdleTaskHandle
                0x20000e8c        0x4 ./Middlewares/Third_Party/FreeRTOS/Source/tasks.o
 .bss.uxSchedulerSuspended
                0x20000e90        0x4 ./Middlewares/Third_Party/FreeRTOS/Source/tasks.o
 .bss.xActiveTimerList1
                0x20000e94       0x14 ./Middlewares/Third_Party/FreeRTOS/Source/timers.o
 .bss.xActiveTimerList2
                0x20000ea8       0x14 ./Middlewares/Third_Party/FreeRTOS/Source/timers.o
 .bss.pxCurrentTimerList
                0x20000ebc        0x4 ./Middlewares/Third_Party/FreeRTOS/Source/timers.o
 .bss.pxOverflowTimerList
                0x20000ec0        0x4 ./Middlewares/Third_Party/FreeRTOS/Source/timers.o
 .bss.xTimerQueue
                0x20000ec4        0x4 ./Middlewares/Third_Party/FreeRTOS/Source/timers.o
 .bss.xTimerTaskHandle
                0x20000ec8        0x4 ./Middlewares/Third_Party/FreeRTOS/Source/timers.o
 .bss.xLastTime.2
                0x20000ecc        0x4 ./Middlewares/Third_Party/FreeRTOS/Source/timers.o
 .bss.ucStaticTimerQueueStorage.1
                0x20000ed0       0xa0 ./Middlewares/Third_Party/FreeRTOS/Source/timers.o
 .bss.xStaticTimerQueue.0
                0x20000f70       0x50 ./Middlewares/Third_Party/FreeRTOS/Source/timers.o
 .bss.ucMaxSysCallPriority
                0x20000fc0        0x1 ./Middlewares/Third_Party/FreeRTOS/Source/portable/GCC/ARM_CM4F/port.o
 *fill*         0x20000fc1        0x3 
 .bss.ulMaxPRIGROUPValue
                0x20000fc4        0x4 ./Middlewares/Third_Party/FreeRTOS/Source/portable/GCC/ARM_CM4F/port.o
 .bss.ucHeap    0x20000fc8     0x3c00 ./Middlewares/Third_Party/FreeRTOS/Source/portable/MemMang/heap_4.o
 .bss.xStart    0x20004bc8        0x8 ./Middlewares/Third_Party/FreeRTOS/Source/portable/MemMang/heap_4.o
 .bss.pxEnd     0x20004bd0        0x4 ./Middlewares/Third_Party/FreeRTOS/Source/portable/MemMang/heap_4.o
 .bss.xFreeBytesRemaining
                0x20004bd4        0x4 ./Middlewares/Third_Party/FreeRTOS/Source/portable/MemMang/heap_4.o
 .bss.xMinimumEverFreeBytesRemaining
                0x20004bd8        0x4 ./Middlewares/Third_Party/FreeRTOS/Source/portable/MemMang/heap_4.o
 .bss.xNumberOfSuccessfulAllocations
                0x20004bdc        0x4 ./Middlewares/Third_Party/FreeRTOS/Source/portable/MemMang/heap_4.o
 .bss.xNumberOfSuccessfulFrees
                0x20004be0        0x4 ./Middlewares/Third_Party/FreeRTOS/Source/portable/MemMang/heap_4.o
 .bss.xBlockAllocatedBit
                0x20004be4        0x4 ./Middlewares/Third_Party/FreeRTOS/Source/portable/MemMang/heap_4.o
 *(COMMON)
                0x20004be8                        . = ALIGN (0x4)
                0x20004be8                        _ebss = .
                0x20004be8                        __bss_end__ = _ebss

._user_heap_stack
                0x20004be8      0x600 load address 0x08008838
                0x20004be8                        . = ALIGN (0x8)
                [!provide]                        PROVIDE (end = .)
                0x20004be8                        PROVIDE (_end = .)
                0x20004de8                        . = (. + _Min_Heap_Size)
 *fill*         0x20004be8      0x200 
                0x200051e8                        . = (. + _Min_Stack_Size)
 *fill*         0x20004de8      0x400 
                0x200051e8                        . = ALIGN (0x8)

/DISCARD/
 libc.a(*)
 libm.a(*)
 libgcc.a(*)

.ARM.attributes
                0x00000000       0x30
 *(.ARM.attributes)
 .ARM.attributes
                0x00000000       0x22 C:/ST/STM32CubeIDE_1.17.0/STM32CubeIDE/plugins/com.st.stm32cube.ide.mcu.externaltools.gnu-tools-for-stm32.12.3.rel1.win32_1.1.0.202410251130/tools/bin/../lib/gcc/arm-none-eabi/12.3.1/thumb/v7e-m+fp/hard/crti.o
 .ARM.attributes
                0x00000022       0x34 C:/ST/STM32CubeIDE_1.17.0/STM32CubeIDE/plugins/com.st.stm32cube.ide.mcu.externaltools.gnu-tools-for-stm32.12.3.rel1.win32_1.1.0.202410251130/tools/bin/../lib/gcc/arm-none-eabi/12.3.1/thumb/v7e-m+fp/hard/crtbegin.o
 .ARM.attributes
                0x00000056       0x34 ./Core/Src/main.o
 .ARM.attributes
                0x0000008a       0x34 ./Core/Src/stm32f4xx_hal_msp.o
 .ARM.attributes
                0x000000be       0x34 ./Core/Src/stm32f4xx_it.o
 .ARM.attributes
                0x000000f2       0x34 ./Core/Src/system_stm32f4xx.o
 .ARM.attributes
                0x00000126       0x21 ./Core/Startup/startup_stm32f446retx.o
 .ARM.attributes
                0x00000147       0x34 ./Drivers/STM32F4xx_HAL_Driver/Src/stm32f4xx_hal.o
 .ARM.attributes
                0x0000017b       0x34 ./Drivers/STM32F4xx_HAL_Driver/Src/stm32f4xx_hal_cortex.o
 .ARM.attributes
                0x000001af       0x34 ./Drivers/STM32F4xx_HAL_Driver/Src/stm32f4xx_hal_gpio.o
 .ARM.attributes
                0x000001e3       0x34 ./Drivers/STM32F4xx_HAL_Driver/Src/stm32f4xx_hal_rcc.o
 .ARM.attributes
                0x00000217       0x34 ./Drivers/STM32F4xx_HAL_Driver/Src/stm32f4xx_hal_rcc_ex.o
 .ARM.attributes
                0x0000024b       0x34 ./Hardware/Encoder.o
 .ARM.attributes
                0x0000027f       0x34 ./Hardware/Motor.o
 .ARM.attributes
                0x000002b3       0x34 ./Hardware/OLED.o
 .ARM.attributes
                0x000002e7       0x34 ./Hardware/PWM1.o
 .ARM.attributes
                0x0000031b       0x34 ./Hardware/PWM2.o
 .ARM.attributes
                0x0000034f       0x34 ./Hardware/PWM3.o
 .ARM.attributes
                0x00000383       0x34 ./Hardware/PWM4.o
 .ARM.attributes
                0x000003b7       0x34 ./Hardware/UART1.o
 .ARM.attributes
                0x000003eb       0x34 ./Hardware/UART2.o
 .ARM.attributes
                0x0000041f       0x34 ./Middlewares/Third_Party/FreeRTOS/Source/CMSIS_RTOS_V2/cmsis_os2.o
 .ARM.attributes
                0x00000453       0x34 ./Middlewares/Third_Party/FreeRTOS/Source/list.o
 .ARM.attributes
                0x00000487       0x34 ./Middlewares/Third_Party/FreeRTOS/Source/queue.o
 .ARM.attributes
                0x000004bb       0x34 ./Middlewares/Third_Party/FreeRTOS/Source/tasks.o
 .ARM.attributes
                0x000004ef       0x34 ./Middlewares/Third_Party/FreeRTOS/Source/timers.o
 .ARM.attributes
                0x00000523       0x34 ./Middlewares/Third_Party/FreeRTOS/Source/portable/GCC/ARM_CM4F/port.o
 .ARM.attributes
                0x00000557       0x34 ./Middlewares/Third_Party/FreeRTOS/Source/portable/MemMang/heap_4.o
 .ARM.attributes
                0x0000058b       0x34 ./System/pid.o
 .ARM.attributes
                0x000005bf       0x34 C:/ST/STM32CubeIDE_1.17.0/STM32CubeIDE/plugins/com.st.stm32cube.ide.mcu.externaltools.gnu-tools-for-stm32.12.3.rel1.win32_1.1.0.202410251130/tools/bin/../lib/gcc/arm-none-eabi/12.3.1/../../../../arm-none-eabi/lib/thumb/v7e-m+fp/hard\libc_nano.a(libc_a-memset.o)
 .ARM.attributes
                0x000005f3       0x34 C:/ST/STM32CubeIDE_1.17.0/STM32CubeIDE/plugins/com.st.stm32cube.ide.mcu.externaltools.gnu-tools-for-stm32.12.3.rel1.win32_1.1.0.202410251130/tools/bin/../lib/gcc/arm-none-eabi/12.3.1/../../../../arm-none-eabi/lib/thumb/v7e-m+fp/hard\libc_nano.a(libc_a-init.o)
 .ARM.attributes
                0x00000627       0x34 C:/ST/STM32CubeIDE_1.17.0/STM32CubeIDE/plugins/com.st.stm32cube.ide.mcu.externaltools.gnu-tools-for-stm32.12.3.rel1.win32_1.1.0.202410251130/tools/bin/../lib/gcc/arm-none-eabi/12.3.1/../../../../arm-none-eabi/lib/thumb/v7e-m+fp/hard\libc_nano.a(libc_a-memcpy-stub.o)
 .ARM.attributes
                0x0000065b       0x34 C:/ST/STM32CubeIDE_1.17.0/STM32CubeIDE/plugins/com.st.stm32cube.ide.mcu.externaltools.gnu-tools-for-stm32.12.3.rel1.win32_1.1.0.202410251130/tools/bin/../lib/gcc/arm-none-eabi/12.3.1/../../../../arm-none-eabi/lib/thumb/v7e-m+fp/hard\libm.a(libm_a-sf_fmax.o)
 .ARM.attributes
                0x0000068f       0x34 C:/ST/STM32CubeIDE_1.17.0/STM32CubeIDE/plugins/com.st.stm32cube.ide.mcu.externaltools.gnu-tools-for-stm32.12.3.rel1.win32_1.1.0.202410251130/tools/bin/../lib/gcc/arm-none-eabi/12.3.1/../../../../arm-none-eabi/lib/thumb/v7e-m+fp/hard\libm.a(libm_a-sf_fmin.o)
 .ARM.attributes
                0x000006c3       0x34 C:/ST/STM32CubeIDE_1.17.0/STM32CubeIDE/plugins/com.st.stm32cube.ide.mcu.externaltools.gnu-tools-for-stm32.12.3.rel1.win32_1.1.0.202410251130/tools/bin/../lib/gcc/arm-none-eabi/12.3.1/../../../../arm-none-eabi/lib/thumb/v7e-m+fp/hard\libm.a(libm_a-sf_fpclassify.o)
 .ARM.attributes
                0x000006f7       0x22 C:/ST/STM32CubeIDE_1.17.0/STM32CubeIDE/plugins/com.st.stm32cube.ide.mcu.externaltools.gnu-tools-for-stm32.12.3.rel1.win32_1.1.0.202410251130/tools/bin/../lib/gcc/arm-none-eabi/12.3.1/thumb/v7e-m+fp/hard\libgcc.a(_arm_addsubdf3.o)
 .ARM.attributes
                0x00000719       0x22 C:/ST/STM32CubeIDE_1.17.0/STM32CubeIDE/plugins/com.st.stm32cube.ide.mcu.externaltools.gnu-tools-for-stm32.12.3.rel1.win32_1.1.0.202410251130/tools/bin/../lib/gcc/arm-none-eabi/12.3.1/thumb/v7e-m+fp/hard\libgcc.a(_arm_muldivdf3.o)
 .ARM.attributes
                0x0000073b       0x22 C:/ST/STM32CubeIDE_1.17.0/STM32CubeIDE/plugins/com.st.stm32cube.ide.mcu.externaltools.gnu-tools-for-stm32.12.3.rel1.win32_1.1.0.202410251130/tools/bin/../lib/gcc/arm-none-eabi/12.3.1/thumb/v7e-m+fp/hard\libgcc.a(_arm_fixdfsi.o)
 .ARM.attributes
                0x0000075d       0x22 C:/ST/STM32CubeIDE_1.17.0/STM32CubeIDE/plugins/com.st.stm32cube.ide.mcu.externaltools.gnu-tools-for-stm32.12.3.rel1.win32_1.1.0.202410251130/tools/bin/../lib/gcc/arm-none-eabi/12.3.1/thumb/v7e-m+fp/hard\libgcc.a(_arm_truncdfsf2.o)
 .ARM.attributes
                0x0000077f       0x22 C:/ST/STM32CubeIDE_1.17.0/STM32CubeIDE/plugins/com.st.stm32cube.ide.mcu.externaltools.gnu-tools-for-stm32.12.3.rel1.win32_1.1.0.202410251130/tools/bin/../lib/gcc/arm-none-eabi/12.3.1/thumb/v7e-m+fp/hard\libgcc.a(_aeabi_uldivmod.o)
 .ARM.attributes
                0x000007a1       0x34 C:/ST/STM32CubeIDE_1.17.0/STM32CubeIDE/plugins/com.st.stm32cube.ide.mcu.externaltools.gnu-tools-for-stm32.12.3.rel1.win32_1.1.0.202410251130/tools/bin/../lib/gcc/arm-none-eabi/12.3.1/thumb/v7e-m+fp/hard\libgcc.a(_udivmoddi4.o)
 .ARM.attributes
                0x000007d5       0x22 C:/ST/STM32CubeIDE_1.17.0/STM32CubeIDE/plugins/com.st.stm32cube.ide.mcu.externaltools.gnu-tools-for-stm32.12.3.rel1.win32_1.1.0.202410251130/tools/bin/../lib/gcc/arm-none-eabi/12.3.1/thumb/v7e-m+fp/hard\libgcc.a(_dvmd_tls.o)
 .ARM.attributes
                0x000007f7       0x22 C:/ST/STM32CubeIDE_1.17.0/STM32CubeIDE/plugins/com.st.stm32cube.ide.mcu.externaltools.gnu-tools-for-stm32.12.3.rel1.win32_1.1.0.202410251130/tools/bin/../lib/gcc/arm-none-eabi/12.3.1/thumb/v7e-m+fp/hard/crtn.o
OUTPUT(car_RTOS.elf elf32-littlearm)
LOAD linker stubs
LOAD C:/ST/STM32CubeIDE_1.17.0/STM32CubeIDE/plugins/com.st.stm32cube.ide.mcu.externaltools.gnu-tools-for-stm32.12.3.rel1.win32_1.1.0.202410251130/tools/bin/../lib/gcc/arm-none-eabi/12.3.1/../../../../arm-none-eabi/lib/thumb/v7e-m+fp/hard\libc.a
LOAD C:/ST/STM32CubeIDE_1.17.0/STM32CubeIDE/plugins/com.st.stm32cube.ide.mcu.externaltools.gnu-tools-for-stm32.12.3.rel1.win32_1.1.0.202410251130/tools/bin/../lib/gcc/arm-none-eabi/12.3.1/../../../../arm-none-eabi/lib/thumb/v7e-m+fp/hard\libm.a
LOAD C:/ST/STM32CubeIDE_1.17.0/STM32CubeIDE/plugins/com.st.stm32cube.ide.mcu.externaltools.gnu-tools-for-stm32.12.3.rel1.win32_1.1.0.202410251130/tools/bin/../lib/gcc/arm-none-eabi/12.3.1/thumb/v7e-m+fp/hard\libgcc.a

.debug_info     0x00000000    0x13941
 .debug_info    0x00000000     0x1cc6 ./Core/Src/main.o
 .debug_info    0x00001cc6      0xb8d ./Core/Src/stm32f4xx_hal_msp.o
 .debug_info    0x00002853      0x11a ./Core/Src/stm32f4xx_it.o
 .debug_info    0x0000296d      0x54a ./Core/Src/system_stm32f4xx.o
 .debug_info    0x00002eb7       0x30 ./Core/Startup/startup_stm32f446retx.o
 .debug_info    0x00002ee7      0x99a ./Drivers/STM32F4xx_HAL_Driver/Src/stm32f4xx_hal.o
 .debug_info    0x00003881      0xdaa ./Drivers/STM32F4xx_HAL_Driver/Src/stm32f4xx_hal_cortex.o
 .debug_info    0x0000462b      0x70b ./Drivers/STM32F4xx_HAL_Driver/Src/stm32f4xx_hal_gpio.o
 .debug_info    0x00004d36      0x8ff ./Drivers/STM32F4xx_HAL_Driver/Src/stm32f4xx_hal_rcc.o
 .debug_info    0x00005635      0x960 ./Drivers/STM32F4xx_HAL_Driver/Src/stm32f4xx_hal_rcc_ex.o
 .debug_info    0x00005f95      0x4c9 ./Hardware/Encoder.o
 .debug_info    0x0000645e      0x3bb ./Hardware/Motor.o
 .debug_info    0x00006819      0x717 ./Hardware/OLED.o
 .debug_info    0x00006f30      0x45a ./Hardware/PWM1.o
 .debug_info    0x0000738a      0x45a ./Hardware/PWM2.o
 .debug_info    0x000077e4      0x45a ./Hardware/PWM3.o
 .debug_info    0x00007c3e      0x45a ./Hardware/PWM4.o
 .debug_info    0x00008098     0x1340 ./Hardware/UART1.o
 .debug_info    0x000093d8      0xa91 ./Hardware/UART2.o
 .debug_info    0x00009e69     0x3a70 ./Middlewares/Third_Party/FreeRTOS/Source/CMSIS_RTOS_V2/cmsis_os2.o
 .debug_info    0x0000d8d9      0x2af ./Middlewares/Third_Party/FreeRTOS/Source/list.o
 .debug_info    0x0000db88     0x1b79 ./Middlewares/Third_Party/FreeRTOS/Source/queue.o
 .debug_info    0x0000f701     0x21ec ./Middlewares/Third_Party/FreeRTOS/Source/tasks.o
 .debug_info    0x000118ed     0x1488 ./Middlewares/Third_Party/FreeRTOS/Source/timers.o
 .debug_info    0x00012d75      0x4de ./Middlewares/Third_Party/FreeRTOS/Source/portable/GCC/ARM_CM4F/port.o
 .debug_info    0x00013253      0x4d5 ./Middlewares/Third_Party/FreeRTOS/Source/portable/MemMang/heap_4.o
 .debug_info    0x00013728      0x219 ./System/pid.o

.debug_abbrev   0x00000000     0x34ee
 .debug_abbrev  0x00000000      0x325 ./Core/Src/main.o
 .debug_abbrev  0x00000325      0x1ca ./Core/Src/stm32f4xx_hal_msp.o
 .debug_abbrev  0x000004ef       0x97 ./Core/Src/stm32f4xx_it.o
 .debug_abbrev  0x00000586      0x11a ./Core/Src/system_stm32f4xx.o
 .debug_abbrev  0x000006a0       0x24 ./Core/Startup/startup_stm32f446retx.o
 .debug_abbrev  0x000006c4      0x214 ./Drivers/STM32F4xx_HAL_Driver/Src/stm32f4xx_hal.o
 .debug_abbrev  0x000008d8      0x31d ./Drivers/STM32F4xx_HAL_Driver/Src/stm32f4xx_hal_cortex.o
 .debug_abbrev  0x00000bf5      0x1d4 ./Drivers/STM32F4xx_HAL_Driver/Src/stm32f4xx_hal_gpio.o
 .debug_abbrev  0x00000dc9      0x2b7 ./Drivers/STM32F4xx_HAL_Driver/Src/stm32f4xx_hal_rcc.o
 .debug_abbrev  0x00001080      0x211 ./Drivers/STM32F4xx_HAL_Driver/Src/stm32f4xx_hal_rcc_ex.o
 .debug_abbrev  0x00001291       0xf9 ./Hardware/Encoder.o
 .debug_abbrev  0x0000138a      0x118 ./Hardware/Motor.o
 .debug_abbrev  0x000014a2      0x1d3 ./Hardware/OLED.o
 .debug_abbrev  0x00001675       0xe5 ./Hardware/PWM1.o
 .debug_abbrev  0x0000175a       0xe5 ./Hardware/PWM2.o
 .debug_abbrev  0x0000183f       0xe5 ./Hardware/PWM3.o
 .debug_abbrev  0x00001924       0xe5 ./Hardware/PWM4.o
 .debug_abbrev  0x00001a09      0x34d ./Hardware/UART1.o
 .debug_abbrev  0x00001d56      0x1ce ./Hardware/UART2.o
 .debug_abbrev  0x00001f24      0x508 ./Middlewares/Third_Party/FreeRTOS/Source/CMSIS_RTOS_V2/cmsis_os2.o
 .debug_abbrev  0x0000242c       0xf5 ./Middlewares/Third_Party/FreeRTOS/Source/list.o
 .debug_abbrev  0x00002521      0x3b6 ./Middlewares/Third_Party/FreeRTOS/Source/queue.o
 .debug_abbrev  0x000028d7      0x386 ./Middlewares/Third_Party/FreeRTOS/Source/tasks.o
 .debug_abbrev  0x00002c5d      0x352 ./Middlewares/Third_Party/FreeRTOS/Source/timers.o
 .debug_abbrev  0x00002faf      0x25c ./Middlewares/Third_Party/FreeRTOS/Source/portable/GCC/ARM_CM4F/port.o
 .debug_abbrev  0x0000320b      0x21d ./Middlewares/Third_Party/FreeRTOS/Source/portable/MemMang/heap_4.o
 .debug_abbrev  0x00003428       0xc6 ./System/pid.o

.debug_aranges  0x00000000      0xf50
 .debug_aranges
                0x00000000       0x68 ./Core/Src/main.o
 .debug_aranges
                0x00000068       0x30 ./Core/Src/stm32f4xx_hal_msp.o
 .debug_aranges
                0x00000098       0x50 ./Core/Src/stm32f4xx_it.o
 .debug_aranges
                0x000000e8       0x28 ./Core/Src/system_stm32f4xx.o
 .debug_aranges
                0x00000110       0x28 ./Core/Startup/startup_stm32f446retx.o
 .debug_aranges
                0x00000138       0xf0 ./Drivers/STM32F4xx_HAL_Driver/Src/stm32f4xx_hal.o
 .debug_aranges
                0x00000228      0x130 ./Drivers/STM32F4xx_HAL_Driver/Src/stm32f4xx_hal_cortex.o
 .debug_aranges
                0x00000358       0x58 ./Drivers/STM32F4xx_HAL_Driver/Src/stm32f4xx_hal_gpio.o
 .debug_aranges
                0x000003b0       0x88 ./Drivers/STM32F4xx_HAL_Driver/Src/stm32f4xx_hal_rcc.o
 .debug_aranges
                0x00000438       0x78 ./Drivers/STM32F4xx_HAL_Driver/Src/stm32f4xx_hal_rcc_ex.o
 .debug_aranges
                0x000004b0       0x38 ./Hardware/Encoder.o
 .debug_aranges
                0x000004e8       0x28 ./Hardware/Motor.o
 .debug_aranges
                0x00000510       0xa8 ./Hardware/OLED.o
 .debug_aranges
                0x000005b8       0x30 ./Hardware/PWM1.o
 .debug_aranges
                0x000005e8       0x30 ./Hardware/PWM2.o
 .debug_aranges
                0x00000618       0x30 ./Hardware/PWM3.o
 .debug_aranges
                0x00000648       0x30 ./Hardware/PWM4.o
 .debug_aranges
                0x00000678       0x78 ./Hardware/UART1.o
 .debug_aranges
                0x000006f0       0x30 ./Hardware/UART2.o
 .debug_aranges
                0x00000720      0x2a8 ./Middlewares/Third_Party/FreeRTOS/Source/CMSIS_RTOS_V2/cmsis_os2.o
 .debug_aranges
                0x000009c8       0x40 ./Middlewares/Third_Party/FreeRTOS/Source/list.o
 .debug_aranges
                0x00000a08      0x158 ./Middlewares/Third_Party/FreeRTOS/Source/queue.o
 .debug_aranges
                0x00000b60      0x208 ./Middlewares/Third_Party/FreeRTOS/Source/tasks.o
 .debug_aranges
                0x00000d68       0xf0 ./Middlewares/Third_Party/FreeRTOS/Source/timers.o
 .debug_aranges
                0x00000e58       0x80 ./Middlewares/Third_Party/FreeRTOS/Source/portable/GCC/ARM_CM4F/port.o
 .debug_aranges
                0x00000ed8       0x58 ./Middlewares/Third_Party/FreeRTOS/Source/portable/MemMang/heap_4.o
 .debug_aranges
                0x00000f30       0x20 ./System/pid.o

.debug_rnglists
                0x00000000      0xb6f
 .debug_rnglists
                0x00000000       0x52 ./Core/Src/main.o
 .debug_rnglists
                0x00000052       0x20 ./Core/Src/stm32f4xx_hal_msp.o
 .debug_rnglists
                0x00000072       0x37 ./Core/Src/stm32f4xx_it.o
 .debug_rnglists
                0x000000a9       0x1a ./Core/Src/system_stm32f4xx.o
 .debug_rnglists
                0x000000c3       0x19 ./Core/Startup/startup_stm32f446retx.o
 .debug_rnglists
                0x000000dc       0xaf ./Drivers/STM32F4xx_HAL_Driver/Src/stm32f4xx_hal.o
 .debug_rnglists
                0x0000018b       0xe0 ./Drivers/STM32F4xx_HAL_Driver/Src/stm32f4xx_hal_cortex.o
 .debug_rnglists
                0x0000026b       0x3f ./Drivers/STM32F4xx_HAL_Driver/Src/stm32f4xx_hal_gpio.o
 .debug_rnglists
                0x000002aa       0x66 ./Drivers/STM32F4xx_HAL_Driver/Src/stm32f4xx_hal_rcc.o
 .debug_rnglists
                0x00000310       0x5e ./Drivers/STM32F4xx_HAL_Driver/Src/stm32f4xx_hal_rcc_ex.o
 .debug_rnglists
                0x0000036e       0x26 ./Hardware/Encoder.o
 .debug_rnglists
                0x00000394       0x1b ./Hardware/Motor.o
 .debug_rnglists
                0x000003af       0x7d ./Hardware/OLED.o
 .debug_rnglists
                0x0000042c       0x20 ./Hardware/PWM1.o
 .debug_rnglists
                0x0000044c       0x20 ./Hardware/PWM2.o
 .debug_rnglists
                0x0000046c       0x20 ./Hardware/PWM3.o
 .debug_rnglists
                0x0000048c       0x20 ./Hardware/PWM4.o
 .debug_rnglists
                0x000004ac       0x57 ./Hardware/UART1.o
 .debug_rnglists
                0x00000503       0x21 ./Hardware/UART2.o
 .debug_rnglists
                0x00000524      0x20c ./Middlewares/Third_Party/FreeRTOS/Source/CMSIS_RTOS_V2/cmsis_os2.o
 .debug_rnglists
                0x00000730       0x2b ./Middlewares/Third_Party/FreeRTOS/Source/list.o
 .debug_rnglists
                0x0000075b      0x109 ./Middlewares/Third_Party/FreeRTOS/Source/queue.o
 .debug_rnglists
                0x00000864      0x1a0 ./Middlewares/Third_Party/FreeRTOS/Source/tasks.o
 .debug_rnglists
                0x00000a04       0xb8 ./Middlewares/Third_Party/FreeRTOS/Source/timers.o
 .debug_rnglists
                0x00000abc       0x5d ./Middlewares/Third_Party/FreeRTOS/Source/portable/GCC/ARM_CM4F/port.o
 .debug_rnglists
                0x00000b19       0x42 ./Middlewares/Third_Party/FreeRTOS/Source/portable/MemMang/heap_4.o
 .debug_rnglists
                0x00000b5b       0x14 ./System/pid.o

.debug_macro    0x00000000     0x4280
 .debug_macro   0x00000000      0x3c8 ./Core/Src/main.o
 .debug_macro   0x000003c8      0x169 ./Core/Src/main.o
 .debug_macro   0x00000531       0x66 ./Core/Src/main.o
 .debug_macro   0x00000597       0x61 ./Core/Src/main.o
 .debug_macro   0x000005f8       0x2a ./Core/Src/main.o
 .debug_macro   0x00000622       0x43 ./Core/Src/main.o
 .debug_macro   0x00000665       0x34 ./Core/Src/main.o
 .debug_macro   0x00000699       0x16 ./Core/Src/main.o
 .debug_macro   0x000006af       0x35 ./Core/Src/main.o
 .debug_macro   0x000006e4      0x369 ./Core/Src/main.o
 .debug_macro   0x00000a4d       0x10 ./Core/Src/main.o
 .debug_macro   0x00000a5d       0x16 ./Core/Src/main.o
 .debug_macro   0x00000a73       0x43 ./Core/Src/main.o
 .debug_macro   0x00000ab6       0x34 ./Core/Src/main.o
 .debug_macro   0x00000aea       0x10 ./Core/Src/main.o
 .debug_macro   0x00000afa       0x58 ./Core/Src/main.o
 .debug_macro   0x00000b52       0x8e ./Core/Src/main.o
 .debug_macro   0x00000be0       0x1c ./Core/Src/main.o
 .debug_macro   0x00000bfc      0x177 ./Core/Src/main.o
 .debug_macro   0x00000d73       0x16 ./Core/Src/main.o
 .debug_macro   0x00000d89       0x16 ./Core/Src/main.o
 .debug_macro   0x00000d9f      0x146 ./Core/Src/main.o
 .debug_macro   0x00000ee5      0x19b ./Core/Src/main.o
 .debug_macro   0x00001080      0x259 ./Core/Src/stm32f4xx_hal_msp.o
 .debug_macro   0x000012d9      0x263 ./Core/Src/stm32f4xx_it.o
 .debug_macro   0x0000153c      0x1ba ./Core/Src/system_stm32f4xx.o
 .debug_macro   0x000016f6      0x21a ./Drivers/STM32F4xx_HAL_Driver/Src/stm32f4xx_hal.o
 .debug_macro   0x00001910      0x1ba ./Drivers/STM32F4xx_HAL_Driver/Src/stm32f4xx_hal_cortex.o
 .debug_macro   0x00001aca      0x1c0 ./Drivers/STM32F4xx_HAL_Driver/Src/stm32f4xx_hal_gpio.o
 .debug_macro   0x00001c8a      0x1de ./Drivers/STM32F4xx_HAL_Driver/Src/stm32f4xx_hal_rcc.o
 .debug_macro   0x00001e68      0x1ba ./Drivers/STM32F4xx_HAL_Driver/Src/stm32f4xx_hal_rcc_ex.o
 .debug_macro   0x00002022       0xbf ./Hardware/Encoder.o
 .debug_macro   0x000020e1       0xe7 ./Hardware/Motor.o
 .debug_macro   0x000021c8       0xc9 ./Hardware/OLED.o
 .debug_macro   0x00002291       0xbf ./Hardware/PWM1.o
 .debug_macro   0x00002350       0xbf ./Hardware/PWM2.o
 .debug_macro   0x0000240f       0xbf ./Hardware/PWM3.o
 .debug_macro   0x000024ce       0xbf ./Hardware/PWM4.o
 .debug_macro   0x0000258d      0x33e ./Hardware/UART1.o
 .debug_macro   0x000028cb       0x9e ./Hardware/UART1.o
 .debug_macro   0x00002969      0x10b ./Hardware/UART1.o
 .debug_macro   0x00002a74       0x4c ./Hardware/UART1.o
 .debug_macro   0x00002ac0       0x56 ./Hardware/UART1.o
 .debug_macro   0x00002b16      0x33e ./Hardware/UART2.o
 .debug_macro   0x00002e54      0x3b1 ./Middlewares/Third_Party/FreeRTOS/Source/CMSIS_RTOS_V2/cmsis_os2.o
 .debug_macro   0x00003205       0x10 ./Middlewares/Third_Party/FreeRTOS/Source/CMSIS_RTOS_V2/cmsis_os2.o
 .debug_macro   0x00003215       0x20 ./Middlewares/Third_Party/FreeRTOS/Source/CMSIS_RTOS_V2/cmsis_os2.o
 .debug_macro   0x00003235       0x10 ./Middlewares/Third_Party/FreeRTOS/Source/CMSIS_RTOS_V2/cmsis_os2.o
 .debug_macro   0x00003245       0xf5 ./Middlewares/Third_Party/FreeRTOS/Source/CMSIS_RTOS_V2/cmsis_os2.o
 .debug_macro   0x0000333a       0x91 ./Middlewares/Third_Party/FreeRTOS/Source/CMSIS_RTOS_V2/cmsis_os2.o
 .debug_macro   0x000033cb       0x8d ./Middlewares/Third_Party/FreeRTOS/Source/CMSIS_RTOS_V2/cmsis_os2.o
 .debug_macro   0x00003458       0x9a ./Middlewares/Third_Party/FreeRTOS/Source/CMSIS_RTOS_V2/cmsis_os2.o
 .debug_macro   0x000034f2       0x22 ./Middlewares/Third_Party/FreeRTOS/Source/CMSIS_RTOS_V2/cmsis_os2.o
 .debug_macro   0x00003514      0x187 ./Middlewares/Third_Party/FreeRTOS/Source/list.o
 .debug_macro   0x0000369b      0x216 ./Middlewares/Third_Party/FreeRTOS/Source/queue.o
 .debug_macro   0x000038b1       0x16 ./Middlewares/Third_Party/FreeRTOS/Source/queue.o
 .debug_macro   0x000038c7       0x87 ./Middlewares/Third_Party/FreeRTOS/Source/queue.o
 .debug_macro   0x0000394e      0x27f ./Middlewares/Third_Party/FreeRTOS/Source/tasks.o
 .debug_macro   0x00003bcd       0x10 ./Middlewares/Third_Party/FreeRTOS/Source/tasks.o
 .debug_macro   0x00003bdd      0x1dc ./Middlewares/Third_Party/FreeRTOS/Source/timers.o
 .debug_macro   0x00003db9       0x97 ./Middlewares/Third_Party/FreeRTOS/Source/timers.o
 .debug_macro   0x00003e50      0x196 ./Middlewares/Third_Party/FreeRTOS/Source/portable/GCC/ARM_CM4F/port.o
 .debug_macro   0x00003fe6      0x1ae ./Middlewares/Third_Party/FreeRTOS/Source/portable/MemMang/heap_4.o
 .debug_macro   0x00004194       0xec ./System/pid.o

.debug_line     0x00000000    0x13949
 .debug_line    0x00000000     0x1085 ./Core/Src/main.o
 .debug_line    0x00001085      0x8bc ./Core/Src/stm32f4xx_hal_msp.o
 .debug_line    0x00001941      0x914 ./Core/Src/stm32f4xx_it.o
 .debug_line    0x00002255      0x78b ./Core/Src/system_stm32f4xx.o
 .debug_line    0x000029e0       0x7a ./Core/Startup/startup_stm32f446retx.o
 .debug_line    0x00002a5a      0xa03 ./Drivers/STM32F4xx_HAL_Driver/Src/stm32f4xx_hal.o
 .debug_line    0x0000345d      0xcf5 ./Drivers/STM32F4xx_HAL_Driver/Src/stm32f4xx_hal_cortex.o
 .debug_line    0x00004152      0xb7b ./Drivers/STM32F4xx_HAL_Driver/Src/stm32f4xx_hal_gpio.o
 .debug_line    0x00004ccd      0xd9a ./Drivers/STM32F4xx_HAL_Driver/Src/stm32f4xx_hal_rcc.o
 .debug_line    0x00005a67     0x140a ./Drivers/STM32F4xx_HAL_Driver/Src/stm32f4xx_hal_rcc_ex.o
 .debug_line    0x00006e71      0x5f1 ./Hardware/Encoder.o
 .debug_line    0x00007462      0x6dc ./Hardware/Motor.o
 .debug_line    0x00007b3e      0x931 ./Hardware/OLED.o
 .debug_line    0x0000846f      0x592 ./Hardware/PWM1.o
 .debug_line    0x00008a01      0x592 ./Hardware/PWM2.o
 .debug_line    0x00008f93      0x58c ./Hardware/PWM3.o
 .debug_line    0x0000951f      0x58c ./Hardware/PWM4.o
 .debug_line    0x00009aab      0xd24 ./Hardware/UART1.o
 .debug_line    0x0000a7cf      0xb73 ./Hardware/UART2.o
 .debug_line    0x0000b342     0x2340 ./Middlewares/Third_Party/FreeRTOS/Source/CMSIS_RTOS_V2/cmsis_os2.o
 .debug_line    0x0000d682      0x78c ./Middlewares/Third_Party/FreeRTOS/Source/list.o
 .debug_line    0x0000de0e     0x1756 ./Middlewares/Third_Party/FreeRTOS/Source/queue.o
 .debug_line    0x0000f564     0x1e28 ./Middlewares/Third_Party/FreeRTOS/Source/tasks.o
 .debug_line    0x0001138c      0xe14 ./Middlewares/Third_Party/FreeRTOS/Source/timers.o
 .debug_line    0x000121a0      0x831 ./Middlewares/Third_Party/FreeRTOS/Source/portable/GCC/ARM_CM4F/port.o
 .debug_line    0x000129d1      0x9b7 ./Middlewares/Third_Party/FreeRTOS/Source/portable/MemMang/heap_4.o
 .debug_line    0x00013388      0x5c1 ./System/pid.o

.debug_str      0x00000000    0xd3a0d
 .debug_str     0x00000000    0xcc098 ./Core/Src/main.o
                              0xcc485 (size before relaxing)
 .debug_str     0x000cc098      0x587 ./Core/Src/stm32f4xx_hal_msp.o
                              0xc7b13 (size before relaxing)
 .debug_str     0x000cc61f       0xd9 ./Core/Src/stm32f4xx_it.o
                              0xc7022 (size before relaxing)